Archive member included to satisfy reference by file (symbol)

C:/ST/STM32CubeIDE_1.13.0/STM32CubeIDE/plugins/com.st.stm32cube.ide.mcu.externaltools.gnu-tools-for-stm32.12.3.rel1.win32_1.0.100.202403111256/tools/bin/../lib/gcc/arm-none-eabi/12.3.1/../../../../arm-none-eabi/lib/thumb/v7e-m+dp/hard\libc_nano.a(libc_a-exit.o)
                              C:/ST/STM32CubeIDE_1.13.0/STM32CubeIDE/plugins/com.st.stm32cube.ide.mcu.externaltools.gnu-tools-for-stm32.12.3.rel1.win32_1.0.100.202403111256/tools/bin/../lib/gcc/arm-none-eabi/12.3.1/../../../../arm-none-eabi/lib/thumb/v7e-m+dp/hard/crt0.o (exit)
C:/ST/STM32CubeIDE_1.13.0/STM32CubeIDE/plugins/com.st.stm32cube.ide.mcu.externaltools.gnu-tools-for-stm32.12.3.rel1.win32_1.0.100.202403111256/tools/bin/../lib/gcc/arm-none-eabi/12.3.1/../../../../arm-none-eabi/lib/thumb/v7e-m+dp/hard\libc_nano.a(libc_a-findfp.o)
                              C:/ST/STM32CubeIDE_1.13.0/STM32CubeIDE/plugins/com.st.stm32cube.ide.mcu.externaltools.gnu-tools-for-stm32.12.3.rel1.win32_1.0.100.202403111256/tools/bin/../lib/gcc/arm-none-eabi/12.3.1/../../../../arm-none-eabi/lib/thumb/v7e-m+dp/hard\libc_nano.a(libc_a-exit.o) (__stdio_exit_handler)
C:/ST/STM32CubeIDE_1.13.0/STM32CubeIDE/plugins/com.st.stm32cube.ide.mcu.externaltools.gnu-tools-for-stm32.12.3.rel1.win32_1.0.100.202403111256/tools/bin/../lib/gcc/arm-none-eabi/12.3.1/../../../../arm-none-eabi/lib/thumb/v7e-m+dp/hard\libc_nano.a(libc_a-fwalk.o)
                              C:/ST/STM32CubeIDE_1.13.0/STM32CubeIDE/plugins/com.st.stm32cube.ide.mcu.externaltools.gnu-tools-for-stm32.12.3.rel1.win32_1.0.100.202403111256/tools/bin/../lib/gcc/arm-none-eabi/12.3.1/../../../../arm-none-eabi/lib/thumb/v7e-m+dp/hard\libc_nano.a(libc_a-findfp.o) (_fwalk_sglue)
C:/ST/STM32CubeIDE_1.13.0/STM32CubeIDE/plugins/com.st.stm32cube.ide.mcu.externaltools.gnu-tools-for-stm32.12.3.rel1.win32_1.0.100.202403111256/tools/bin/../lib/gcc/arm-none-eabi/12.3.1/../../../../arm-none-eabi/lib/thumb/v7e-m+dp/hard\libc_nano.a(libc_a-stdio.o)
                              C:/ST/STM32CubeIDE_1.13.0/STM32CubeIDE/plugins/com.st.stm32cube.ide.mcu.externaltools.gnu-tools-for-stm32.12.3.rel1.win32_1.0.100.202403111256/tools/bin/../lib/gcc/arm-none-eabi/12.3.1/../../../../arm-none-eabi/lib/thumb/v7e-m+dp/hard\libc_nano.a(libc_a-findfp.o) (__sread)
C:/ST/STM32CubeIDE_1.13.0/STM32CubeIDE/plugins/com.st.stm32cube.ide.mcu.externaltools.gnu-tools-for-stm32.12.3.rel1.win32_1.0.100.202403111256/tools/bin/../lib/gcc/arm-none-eabi/12.3.1/../../../../arm-none-eabi/lib/thumb/v7e-m+dp/hard\libc_nano.a(libc_a-memset.o)
                              C:/ST/STM32CubeIDE_1.13.0/STM32CubeIDE/plugins/com.st.stm32cube.ide.mcu.externaltools.gnu-tools-for-stm32.12.3.rel1.win32_1.0.100.202403111256/tools/bin/../lib/gcc/arm-none-eabi/12.3.1/../../../../arm-none-eabi/lib/thumb/v7e-m+dp/hard/crt0.o (memset)
C:/ST/STM32CubeIDE_1.13.0/STM32CubeIDE/plugins/com.st.stm32cube.ide.mcu.externaltools.gnu-tools-for-stm32.12.3.rel1.win32_1.0.100.202403111256/tools/bin/../lib/gcc/arm-none-eabi/12.3.1/../../../../arm-none-eabi/lib/thumb/v7e-m+dp/hard\libc_nano.a(libc_a-closer.o)
                              C:/ST/STM32CubeIDE_1.13.0/STM32CubeIDE/plugins/com.st.stm32cube.ide.mcu.externaltools.gnu-tools-for-stm32.12.3.rel1.win32_1.0.100.202403111256/tools/bin/../lib/gcc/arm-none-eabi/12.3.1/../../../../arm-none-eabi/lib/thumb/v7e-m+dp/hard\libc_nano.a(libc_a-stdio.o) (_close_r)
C:/ST/STM32CubeIDE_1.13.0/STM32CubeIDE/plugins/com.st.stm32cube.ide.mcu.externaltools.gnu-tools-for-stm32.12.3.rel1.win32_1.0.100.202403111256/tools/bin/../lib/gcc/arm-none-eabi/12.3.1/../../../../arm-none-eabi/lib/thumb/v7e-m+dp/hard\libc_nano.a(libc_a-reent.o)
                              C:/ST/STM32CubeIDE_1.13.0/STM32CubeIDE/plugins/com.st.stm32cube.ide.mcu.externaltools.gnu-tools-for-stm32.12.3.rel1.win32_1.0.100.202403111256/tools/bin/../lib/gcc/arm-none-eabi/12.3.1/../../../../arm-none-eabi/lib/thumb/v7e-m+dp/hard\libc_nano.a(libc_a-closer.o) (errno)
C:/ST/STM32CubeIDE_1.13.0/STM32CubeIDE/plugins/com.st.stm32cube.ide.mcu.externaltools.gnu-tools-for-stm32.12.3.rel1.win32_1.0.100.202403111256/tools/bin/../lib/gcc/arm-none-eabi/12.3.1/../../../../arm-none-eabi/lib/thumb/v7e-m+dp/hard\libc_nano.a(libc_a-impure.o)
                              C:/ST/STM32CubeIDE_1.13.0/STM32CubeIDE/plugins/com.st.stm32cube.ide.mcu.externaltools.gnu-tools-for-stm32.12.3.rel1.win32_1.0.100.202403111256/tools/bin/../lib/gcc/arm-none-eabi/12.3.1/../../../../arm-none-eabi/lib/thumb/v7e-m+dp/hard\libc_nano.a(libc_a-reent.o) (_impure_ptr)
C:/ST/STM32CubeIDE_1.13.0/STM32CubeIDE/plugins/com.st.stm32cube.ide.mcu.externaltools.gnu-tools-for-stm32.12.3.rel1.win32_1.0.100.202403111256/tools/bin/../lib/gcc/arm-none-eabi/12.3.1/../../../../arm-none-eabi/lib/thumb/v7e-m+dp/hard\libc_nano.a(libc_a-lseekr.o)
[...]
Memory Configuration

Name             Origin             Length             Attributes
RAM              0x20000000         0x00080000         xrw
FLASH            0x08000000         0x00200000         xr
*default*        0x00000000         0xffffffff

Linker script and memory map

LOAD C:/ST/STM32CubeIDE_1.13.0/STM32CubeIDE/plugins/com.st.stm32cube.ide.mcu.externaltools.gnu-tools-for-stm32.12.3.rel1.win32_1.0.100.202403111256/tools/bin/../lib/gcc/arm-none-eabi/12.3.1/thumb/v7e-m+dp/hard/crti.o
LOAD C:/ST/STM32CubeIDE_1.13.0/STM32CubeIDE/plugins/com.st.stm32cube.ide.mcu.externaltools.gnu-tools-for-stm32.12.3.rel1.win32_1.0.100.202403111256/tools/bin/../lib/gcc/arm-none-eabi/12.3.1/thumb/v7e-m+dp/hard/crtbegin.o
LOAD C:/ST/STM32CubeIDE_1.13.0/STM32CubeIDE/plugins/com.st.stm32cube.ide.mcu.externaltools.gnu-tools-for-stm32.12.3.rel1.win32_1.0.100.202403111256/tools/bin/../lib/gcc/arm-none-eabi/12.3.1/../../../../arm-none-eabi/lib/thumb/v7e-m+dp/hard/crt0.o
LOAD ./Core/Src/BMS.o
LOAD ./Core/Src/LTC6811-1_eTechRacing.o
LOAD ./Core/Src/can_comunication.o
LOAD ./Core/Src/eTechRacing.o
LOAD ./Core/Src/errors.o
LOAD ./Core/Src/main.o
LOAD ./Core/Src/stm32f7xx_hal_msp.o
LOAD ./Core/Src/stm32f7xx_it.o
LOAD ./Core/Src/syscalls.o
LOAD ./Core/Src/sysmem.o
LOAD ./Core/Src/system_stm32f7xx.o
LOAD ./Core/Startup/startup_stm32f777vitx.o
LOAD ./Drivers/STM32F7xx_HAL_Driver/Src/stm32f7xx_hal.o
LOAD ./Drivers/STM32F7xx_HAL_Driver/Src/stm32f7xx_hal_can.o
LOAD ./Drivers/STM32F7xx_HAL_Driver/Src/stm32f7xx_hal_cortex.o
LOAD ./Drivers/STM32F7xx_HAL_Driver/Src/stm32f7xx_hal_dma.o
LOAD ./Drivers/STM32F7xx_HAL_Driver/Src/stm32f7xx_hal_dma_ex.o
LOAD ./Drivers/STM32F7xx_HAL_Driver/Src/stm32f7xx_hal_exti.o
LOAD ./Drivers/STM32F7xx_HAL_Driver/Src/stm32f7xx_hal_flash.o
LOAD ./Drivers/STM32F7xx_HAL_Driver/Src/stm32f7xx_hal_flash_ex.o
LOAD ./Drivers/STM32F7xx_HAL_Driver/Src/stm32f7xx_hal_gpio.o
LOAD ./Drivers/STM32F7xx_HAL_Driver/Src/stm32f7xx_hal_i2c.o
LOAD ./Drivers/STM32F7xx_HAL_Driver/Src/stm32f7xx_hal_i2c_ex.o
LOAD ./Drivers/STM32F7xx_HAL_Driver/Src/stm32f7xx_hal_pwr.o
LOAD ./Drivers/STM32F7xx_HAL_Driver/Src/stm32f7xx_hal_pwr_ex.o
LOAD ./Drivers/STM32F7xx_HAL_Driver/Src/stm32f7xx_hal_rcc.o
LOAD ./Drivers/STM32F7xx_HAL_Driver/Src/stm32f7xx_hal_rcc_ex.o
LOAD ./Drivers/STM32F7xx_HAL_Driver/Src/stm32f7xx_hal_spi.o
LOAD ./Drivers/STM32F7xx_HAL_Driver/Src/stm32f7xx_hal_spi_ex.o
LOAD ./Drivers/STM32F7xx_HAL_Driver/Src/stm32f7xx_hal_tim.o
LOAD ./Drivers/STM32F7xx_HAL_Driver/Src/stm32f7xx_hal_tim_ex.o
START GROUP
LOAD C:/ST/STM32CubeIDE_1.13.0/STM32CubeIDE/plugins/com.st.stm32cube.ide.mcu.externaltools.gnu-tools-for-stm32.12.3.rel1.win32_1.0.100.202403111256/tools/bin/../lib/gcc/arm-none-eabi/12.3.1/../../../../arm-none-eabi/lib/thumb/v7e-m+dp/hard\libc_nano.a
LOAD C:/ST/STM32CubeIDE_1.13.0/STM32CubeIDE/plugins/com.st.stm32cube.ide.mcu.externaltools.gnu-tools-for-stm32.12.3.rel1.win32_1.0.100.202403111256/tools/bin/../lib/gcc/arm-none-eabi/12.3.1/../../../../arm-none-eabi/lib/thumb/v7e-m+dp/hard\libm.a
END GROUP
START GROUP
LOAD C:/ST/STM32CubeIDE_1.13.0/STM32CubeIDE/plugins/com.st.stm32cube.ide.mcu.externaltools.gnu-tools-for-stm32.12.3.rel1.win32_1.0.100.202403111256/tools/bin/../lib/gcc/arm-none-eabi/12.3.1/thumb/v7e-m+dp/hard\libgcc.a
LOAD C:/ST/STM32CubeIDE_1.13.0/STM32CubeIDE/plugins/com.st.stm32cube.ide.mcu.externaltools.gnu-tools-for-stm32.12.3.rel1.win32_1.0.100.202403111256/tools/bin/../lib/gcc/arm-none-eabi/12.3.1/../../../../arm-none-eabi/lib/thumb/v7e-m+dp/hard\libc_nano.a
END GROUP
START GROUP
LOAD C:/ST/STM32CubeIDE_1.13.0/STM32CubeIDE/plugins/com.st.stm32cube.ide.mcu.externaltools.gnu-tools-for-stm32.12.3.rel1.win32_1.0.100.202403111256/tools/bin/../lib/gcc/arm-none-eabi/12.3.1/thumb/v7e-m+dp/hard\libgcc.a
LOAD C:/ST/STM32CubeIDE_1.13.0/STM32CubeIDE/plugins/com.st.stm32cube.ide.mcu.externaltools.gnu-tools-for-stm32.12.3.rel1.win32_1.0.100.202403111256/tools/bin/../lib/gcc/arm-none-eabi/12.3.1/../../../../arm-none-eabi/lib/thumb/v7e-m+dp/hard\libc_nano.a
LOAD C:/ST/STM32CubeIDE_1.13.0/STM32CubeIDE/plugins/com.st.stm32cube.ide.mcu.externaltools.gnu-tools-for-stm32.12.3.rel1.win32_1.0.100.202403111256/tools/bin/../lib/gcc/arm-none-eabi/12.3.1/../../../../arm-none-eabi/lib/thumb/v7e-m+dp/hard\libnosys.a
END GROUP
START GROUP
LOAD C:/ST/STM32CubeIDE_1.13.0/STM32CubeIDE/plugins/com.st.stm32cube.ide.mcu.externaltools.gnu-tools-for-stm32.12.3.rel1.win32_1.0.100.202403111256/tools/bin/../lib/gcc/arm-none-eabi/12.3.1/thumb/v7e-m+dp/hard\libgcc.a
LOAD C:/ST/STM32CubeIDE_1.13.0/STM32CubeIDE/plugins/com.st.stm32cube.ide.mcu.externaltools.gnu-tools-for-stm32.12.3.rel1.win32_1.0.100.202403111256/tools/bin/../lib/gcc/arm-none-eabi/12.3.1/../../../../arm-none-eabi/lib/thumb/v7e-m+dp/hard\libc_nano.a
LOAD C:/ST/STM32CubeIDE_1.13.0/STM32CubeIDE/plugins/com.st.stm32cube.ide.mcu.externaltools.gnu-tools-for-stm32.12.3.rel1.win32_1.0.100.202403111256/tools/bin/../lib/gcc/arm-none-eabi/12.3.1/../../../../arm-none-eabi/lib/thumb/v7e-m+dp/hard\libnosys.a
END GROUP
LOAD C:/ST/STM32CubeIDE_1.13.0/STM32CubeIDE/plugins/com.st.stm32cube.ide.mcu.externaltools.gnu-tools-for-stm32.12.3.rel1.win32_1.0.100.202403111256/tools/bin/../lib/gcc/arm-none-eabi/12.3.1/thumb/v7e-m+dp/hard/crtend.o
LOAD C:/ST/STM32CubeIDE_1.13.0/STM32CubeIDE/plugins/com.st.stm32cube.ide.mcu.externaltools.gnu-tools-for-stm32.12.3.rel1.win32_1.0.100.202403111256/tools/bin/../lib/gcc/arm-none-eabi/12.3.1/thumb/v7e-m+dp/hard/crtn.o
                0x20080000                        _estack = (ORIGIN (RAM) + LENGTH (RAM))
                0x00000200                        _Min_Heap_Size = 0x200
                0x00000400                        _Min_Stack_Size = 0x400

.isr_vector     0x08000000      0x1f8
                0x08000000                        . = ALIGN (0x4)
 *(.isr_vector)
 .isr_vector    0x08000000      0x1f8 ./Core/Startup/startup_stm32f777vitx.o
                0x08000000                g_pfnVectors
                0x080001f8                        . = ALIGN (0x4)

.text           0x080001f8     0x6ffc
                0x080001f8                        . = ALIGN (0x4)
 *(.text)
 .text          0x080001f8       0x40 C:/ST/STM32CubeIDE_1.13.0/STM32CubeIDE/plugins/com.st.stm32cube.ide.mcu.externaltools.gnu-tools-for-stm32.12.3.rel1.win32_1.0.100.202403111256/tools/bin/../lib/gcc/arm-none-eabi/12.3.1/thumb/v7e-m+dp/hard/crtbegin.o
 .text          0x08000238       0x30 C:/ST/STM32CubeIDE_1.13.0/STM32CubeIDE/plugins/com.st.stm32cube.ide.mcu.externaltools.gnu-tools-for-stm32.12.3.rel1.win32_1.0.100.202403111256/tools/bin/../lib/gcc/arm-none-eabi/12.3.1/thumb/v7e-m+dp/hard\libgcc.a(_aeabi_uldivmod.o)
                0x08000238                __aeabi_uldivmod
 .text          0x08000268      0x2bc C:/ST/STM32CubeIDE_1.13.0/STM32CubeIDE/plugins/com.st.stm32cube.ide.mcu.externaltools.gnu-tools-for-stm32.12.3.rel1.win32_1.0.100.202403111256/tools/bin/../lib/gcc/arm-none-eabi/12.3.1/thumb/v7e-m+dp/hard\libgcc.a(_udivmoddi4.o)
                0x08000268                __udivmoddi4
 .text          0x08000524        0x4 C:/ST/STM32CubeIDE_1.13.0/STM32CubeIDE/plugins/com.st.stm32cube.ide.mcu.externaltools.gnu-tools-for-stm32.12.3.rel1.win32_1.0.100.202403111256/tools/bin/../lib/gcc/arm-none-eabi/12.3.1/thumb/v7e-m+dp/hard\libgcc.a(_dvmd_tls.o)
                0x08000524                __aeabi_idiv0
                0x08000524                __aeabi_ldiv0
 *(.text*)
 .text.StateMachineSteps
                0x08000528      0x128 ./Core/Src/BMS.o
                0x08000528                StateMachineSteps
 .text.StateMachineActuation
                0x08000650      0x220 ./Core/Src/BMS.o
                0x08000650                StateMachineActuation
 .text.Balancing
                0x08000870      0x174 ./Core/Src/LTC6811-1_eTechRacing.o
                0x08000870                Balancing
 .text.MUX_SWITCH
                0x080009e4       0xcc ./Core/Src/LTC6811-1_eTechRacing.o
                0x080009e4                MUX_SWITCH
 .text.outputCS
                0x08000ab0       0x34 ./Core/Src/LTC6811-1_eTechRacing.o
                0x08000ab0                outputCS
 .text.wakeup_idle
                0x08000ae4       0x44 ./Core/Src/LTC6811-1_eTechRacing.o
                0x08000ae4                wakeup_idle
 .text.pec15_calc
                0x08000b28       0x6c ./Core/Src/LTC6811-1_eTechRacing.o
                0x08000b28                pec15_calc
 .text.ltc6811_wrcfg
                0x08000b94      0x334 ./Core/Src/LTC6811-1_eTechRacing.o
                0x08000b94                ltc6811_wrcfg
 .text.ltc6811_adcv
                0x08000ec8       0x7c ./Core/Src/LTC6811-1_eTechRacing.o
                0x08000ec8                ltc6811_adcv
 .text.ltc6811_rdcv_reg
                0x08000f44       0xe4 ./Core/Src/LTC6811-1_eTechRacing.o
                0x08000f44                ltc6811_rdcv_reg
 .text.ltc6811_rav
                0x08001028      0x274 ./Core/Src/LTC6811-1_eTechRacing.o
                0x08001028                ltc6811_rav
 .text.ltc6811_adax
                0x0800129c       0x74 ./Core/Src/LTC6811-1_eTechRacing.o
                0x0800129c                ltc6811_adax
 .text.ltc6811_rdaux_reg
                0x08001310       0xcc ./Core/Src/LTC6811-1_eTechRacing.o
                0x08001310                ltc6811_rdaux_reg
 .text.ltc6811_rat
                0x080013dc      0x210 ./Core/Src/LTC6811-1_eTechRacing.o
                0x080013dc                ltc6811_rat
 .text.CAN1_FILTER_INIT
                0x080015ec       0x50 ./Core/Src/can_comunication.o
                0x080015ec                CAN1_FILTER_INIT
 .text.CAN2_FILTER_INIT
                0x0800163c       0x50 ./Core/Src/can_comunication.o
                0x0800163c                CAN2_FILTER_INIT
 .text.CAN1_CONFIG_INIT
                0x0800168c       0x5c ./Core/Src/can_comunication.o
                0x0800168c                CAN1_CONFIG_INIT
 .text.CAN2_CONFIG_INIT
                0x080016e8       0x5c ./Core/Src/can_comunication.o
                0x080016e8                CAN2_CONFIG_INIT
 .text.message_cantx_TEMPERATURES_IT
                0x08001744      0x1f0 ./Core/Src/can_comunication.o
                0x08001744                message_cantx_TEMPERATURES_IT
 .text.message_cantx_VOLTATJES_IT
                0x08001934      0x450 ./Core/Src/can_comunication.o
                0x08001934                message_cantx_VOLTATJES_IT
 .text.message_cantx_SF
                0x08001d84       0xbc ./Core/Src/can_comunication.o
                0x08001d84                message_cantx_SF
 .text.message_cantx_AIR_State
                0x08001e40       0x4c ./Core/Src/can_comunication.o
                0x08001e40                message_cantx_AIR_State
 .text.message_cantx_Temperature_State
                0x08001e8c       0x8c ./Core/Src/can_comunication.o
                0x08001e8c                message_cantx_Temperature_State
 .text.message_cantx_Voltage_State
                0x08001f18       0x94 ./Core/Src/can_comunication.o
                0x08001f18                message_cantx_Voltage_State
 .text.message_cantx_Keep_Alive
                0x08001fac       0x4c ./Core/Src/can_comunication.o
                0x08001fac                message_cantx_Keep_Alive
 .text.message_cantx_Shutdown
                0x08001ff8       0x80 ./Core/Src/can_comunication.o
                0x08001ff8                message_cantx_Shutdown
 .text.combined_bits
                0x08002078       0x76 ./Core/Src/can_comunication.o
                0x08002078                combined_bits
 *fill*         0x080020ee        0x2 
 .text.delay_us
                0x080020f0       0x44 ./Core/Src/eTechRacing.o
                0x080020f0                delay_us
 .text.Min_Volt
                0x08002134      0x100 ./Core/Src/eTechRacing.o
                0x08002134                Min_Volt
 .text.Max_Volt
                0x08002234      0x100 ./Core/Src/eTechRacing.o
                0x08002234                Max_Volt
 .text.Mean_Volt
                0x08002334       0x7c ./Core/Src/eTechRacing.o
                0x08002334                Mean_Volt
 .text.Sum_Volt
                0x080023b0       0x54 ./Core/Src/eTechRacing.o
                0x080023b0                Sum_Volt
 .text.Min_Temp
                0x08002404       0x58 ./Core/Src/eTechRacing.o
                0x08002404                Min_Temp
 .text.Max_Temp
                0x0800245c       0x58 ./Core/Src/eTechRacing.o
                0x0800245c                Max_Temp
 .text.Mean_Temp
                0x080024b4       0x60 ./Core/Src/eTechRacing.o
                0x080024b4                Mean_Temp
 .text.Conv_Temp
                0x08002514      0x120 ./Core/Src/eTechRacing.o
                0x08002514                Conv_Temp
 .text.Curr_EVAL
                0x08002634       0x44 ./Core/Src/eTechRacing.o
                0x08002634                Curr_EVAL
 .text.OV_EVAL  0x08002678       0xb8 ./Core/Src/errors.o
                0x08002678                OV_EVAL
 .text.UV_EVAL  0x08002730      0x15c ./Core/Src/errors.o
                0x08002730                UV_EVAL
 .text.OT_EVAL  0x0800288c       0x64 ./Core/Src/errors.o
                0x0800288c                OT_EVAL
 .text.ETAS_SYNC_EVAL
                0x080028f0       0x26 ./Core/Src/errors.o
                0x080028f0                ETAS_SYNC_EVAL
 .text.CURR_SYNC_EVAL
                0x08002916       0x28 ./Core/Src/errors.o
                0x08002916                CURR_SYNC_EVAL
 .text.BALANCING_SYNC_EVAL
                0x0800293e       0x28 ./Core/Src/errors.o
                0x0800293e                BALANCING_SYNC_EVAL
 *fill*         0x08002966        0x2 
 .text.detection_BMSerror_OverCurrent
                0x08002968       0x50 ./Core/Src/errors.o
                0x08002968                detection_BMSerror_OverCurrent
 .text.slave_disc
                0x080029b8       0xc4 ./Core/Src/errors.o
                0x080029b8                slave_disc
 .text.current_error_eval
                0x08002a7c       0x40 ./Core/Src/errors.o
                0x08002a7c                current_error_eval
 .text.main     0x08002abc      0x534 ./Core/Src/main.o
                0x08002abc                main
 .text.SystemClock_Config
                0x08002ff0       0xe0 ./Core/Src/main.o
                0x08002ff0                SystemClock_Config
 .text.MX_CAN1_Init
                0x080030d0       0x6c ./Core/Src/main.o
 .text.MX_CAN2_Init
                0x0800313c       0x6c ./Core/Src/main.o
 .text.MX_SPI1_Init
                0x080031a8       0x7c ./Core/Src/main.o
 .text.MX_TIM13_Init
                0x08003224       0x48 ./Core/Src/main.o
 .text.MX_TIM14_Init
                0x0800326c       0x48 ./Core/Src/main.o
 .text.MX_GPIO_Init
                0x080032b4      0x168 ./Core/Src/main.o
 .text.HAL_CAN_RxFifo0MsgPendingCallback
                0x0800341c       0x90 ./Core/Src/main.o
                0x0800341c                HAL_CAN_RxFifo0MsgPendingCallback
 .text.HAL_CAN_RxFifo1MsgPendingCallback
                0x080034ac       0x84 ./Core/Src/main.o
                0x080034ac                HAL_CAN_RxFifo1MsgPendingCallback
 .text.HAL_TIM_PeriodElapsedCallback
                0x08003530      0x56c ./Core/Src/main.o
                0x08003530                HAL_TIM_PeriodElapsedCallback
 .text.MPU_Config
                0x08003a9c       0x58 ./Core/Src/main.o
 .text.Error_Handler
                0x08003af4        0xc ./Core/Src/main.o
                0x08003af4                Error_Handler
 .text.HAL_MspInit
                0x08003b00       0x48 ./Core/Src/stm32f7xx_hal_msp.o
                0x08003b00                HAL_MspInit
 .text.HAL_CAN_MspInit
                0x08003b48      0x1ac ./Core/Src/stm32f7xx_hal_msp.o
                0x08003b48                HAL_CAN_MspInit
 .text.HAL_SPI_MspInit
                0x08003cf4       0xb8 ./Core/Src/stm32f7xx_hal_msp.o
                0x08003cf4                HAL_SPI_MspInit
 .text.HAL_TIM_Base_MspInit
                0x08003dac       0x84 ./Core/Src/stm32f7xx_hal_msp.o
                0x08003dac                HAL_TIM_Base_MspInit
 .text.NMI_Handler
                0x08003e30        0x8 ./Core/Src/stm32f7xx_it.o
                0x08003e30                NMI_Handler
 .text.HardFault_Handler
                0x08003e38        0x8 ./Core/Src/stm32f7xx_it.o
                0x08003e38                HardFault_Handler
 .text.MemManage_Handler
                0x08003e40        0x8 ./Core/Src/stm32f7xx_it.o
                0x08003e40                MemManage_Handler
 .text.BusFault_Handler
                0x08003e48        0x8 ./Core/Src/stm32f7xx_it.o
                0x08003e48                BusFault_Handler
 .text.UsageFault_Handler
                0x08003e50        0x8 ./Core/Src/stm32f7xx_it.o
                0x08003e50                UsageFault_Handler
 .text.SVC_Handler
                0x08003e58        0xe ./Core/Src/stm32f7xx_it.o
                0x08003e58                SVC_Handler
 .text.DebugMon_Handler
                0x08003e66        0xe ./Core/Src/stm32f7xx_it.o
                0x08003e66                DebugMon_Handler
 .text.PendSV_Handler
                0x08003e74        0xe ./Core/Src/stm32f7xx_it.o
                0x08003e74                PendSV_Handler
 .text.SysTick_Handler
                0x08003e82        0xc ./Core/Src/stm32f7xx_it.o
                0x08003e82                SysTick_Handler
 *fill*         0x08003e8e        0x2 
 .text.CAN1_TX_IRQHandler
                0x08003e90       0x14 ./Core/Src/stm32f7xx_it.o
                0x08003e90                CAN1_TX_IRQHandler
 .text.CAN1_RX0_IRQHandler
                0x08003ea4       0x14 ./Core/Src/stm32f7xx_it.o
                0x08003ea4                CAN1_RX0_IRQHandler
 .text.CAN1_RX1_IRQHandler
                0x08003eb8       0x14 ./Core/Src/stm32f7xx_it.o
                0x08003eb8                CAN1_RX1_IRQHandler
 .text.CAN1_SCE_IRQHandler
                0x08003ecc       0x14 ./Core/Src/stm32f7xx_it.o
                0x08003ecc                CAN1_SCE_IRQHandler
 .text.SPI1_IRQHandler
                0x08003ee0       0x14 ./Core/Src/stm32f7xx_it.o
                0x08003ee0                SPI1_IRQHandler
 .text.TIM8_UP_TIM13_IRQHandler
                0x08003ef4       0x14 ./Core/Src/stm32f7xx_it.o
                0x08003ef4                TIM8_UP_TIM13_IRQHandler
 .text.TIM8_TRG_COM_TIM14_IRQHandler
                0x08003f08       0x14 ./Core/Src/stm32f7xx_it.o
                0x08003f08                TIM8_TRG_COM_TIM14_IRQHandler
 .text.CAN2_TX_IRQHandler
                0x08003f1c       0x14 ./Core/Src/stm32f7xx_it.o
                0x08003f1c                CAN2_TX_IRQHandler
 .text.CAN2_RX0_IRQHandler
                0x08003f30       0x14 ./Core/Src/stm32f7xx_it.o
                0x08003f30                CAN2_RX0_IRQHandler
 .text.CAN2_RX1_IRQHandler
                0x08003f44       0x14 ./Core/Src/stm32f7xx_it.o
                0x08003f44                CAN2_RX1_IRQHandler
 .text.CAN2_SCE_IRQHandler
                0x08003f58       0x14 ./Core/Src/stm32f7xx_it.o
                0x08003f58                CAN2_SCE_IRQHandler
 .text.SystemInit
                0x08003f6c       0x24 ./Core/Src/system_stm32f7xx.o
                0x08003f6c                SystemInit
 .text.Reset_Handler
                0x08003f90       0x50 ./Core/Startup/startup_stm32f777vitx.o
                0x08003f90                Reset_Handler
 .text.Default_Handler
                0x08003fe0        0x2 ./Core/Startup/startup_stm32f777vitx.o
                0x08003fe0                RTC_Alarm_IRQHandler
                0x08003fe0                HASH_RNG_IRQHandler
                0x08003fe0                EXTI2_IRQHandler
                0x08003fe0                TIM8_CC_IRQHandler
                0x08003fe0                UART8_IRQHandler
                0x08003fe0                SPI4_IRQHandler
                0x08003fe0                TIM1_CC_IRQHandler
                0x08003fe0                DMA2_Stream5_IRQHandler
                0x08003fe0                JPEG_IRQHandler
                0x08003fe0                DMA1_Stream5_IRQHandler
                0x08003fe0                CAN3_RX1_IRQHandler
                0x08003fe0                PVD_IRQHandler
                0x08003fe0                TAMP_STAMP_IRQHandler
                0x08003fe0                EXTI3_IRQHandler
                0x08003fe0                DFSDM1_FLT1_IRQHandler
                0x08003fe0                TIM1_UP_TIM10_IRQHandler
                0x08003fe0                I2C3_ER_IRQHandler
                0x08003fe0                DFSDM1_FLT2_IRQHandler
                0x08003fe0                EXTI0_IRQHandler
                0x08003fe0                I2C2_EV_IRQHandler
                0x08003fe0                DMA1_Stream2_IRQHandler
                0x08003fe0                FPU_IRQHandler
                0x08003fe0                OTG_HS_WKUP_IRQHandler
                0x08003fe0                CAN3_SCE_IRQHandler
                0x08003fe0                LTDC_ER_IRQHandler
                0x08003fe0                DMA2_Stream2_IRQHandler
                0x08003fe0                TIM6_DAC_IRQHandler
                0x08003fe0                TIM1_BRK_TIM9_IRQHandler
                0x08003fe0                DCMI_IRQHandler
                0x08003fe0                DMA2_Stream3_IRQHandler
                0x08003fe0                SAI2_IRQHandler
                0x08003fe0                DFSDM1_FLT3_IRQHandler
                0x08003fe0                USART6_IRQHandler
                0x08003fe0                CAN3_RX0_IRQHandler
                0x08003fe0                USART3_IRQHandler
                0x08003fe0                CRYP_IRQHandler
                0x08003fe0                UART5_IRQHandler
                0x08003fe0                DMA2_Stream0_IRQHandler
                0x08003fe0                TIM4_IRQHandler
                0x08003fe0                QUADSPI_IRQHandler
                0x08003fe0                I2C1_EV_IRQHandler
                0x08003fe0                DMA1_Stream6_IRQHandler
                0x08003fe0                DMA1_Stream1_IRQHandler
                0x08003fe0                UART4_IRQHandler
                0x08003fe0                TIM3_IRQHandler
                0x08003fe0                RCC_IRQHandler
                0x08003fe0                TIM8_BRK_TIM12_IRQHandler
                0x08003fe0                Default_Handler
                0x08003fe0                CEC_IRQHandler
                0x08003fe0                EXTI15_10_IRQHandler
                0x08003fe0                ADC_IRQHandler
                0x08003fe0                DMA1_Stream7_IRQHandler
                0x08003fe0                SPI5_IRQHandler
                0x08003fe0                TIM7_IRQHandler
                0x08003fe0                SDMMC1_IRQHandler
                0x08003fe0                TIM5_IRQHandler
                0x08003fe0                DMA2_Stream7_IRQHandler
                0x08003fe0                I2C3_EV_IRQHandler
                0x08003fe0                EXTI9_5_IRQHandler
                0x08003fe0                RTC_WKUP_IRQHandler
                0x08003fe0                LTDC_IRQHandler
                0x08003fe0                ETH_WKUP_IRQHandler
                0x08003fe0                SPDIF_RX_IRQHandler
                0x08003fe0                SPI2_IRQHandler
                0x08003fe0                OTG_HS_EP1_IN_IRQHandler
                0x08003fe0                DMA1_Stream0_IRQHandler
                0x08003fe0                EXTI4_IRQHandler
                0x08003fe0                ETH_IRQHandler
                0x08003fe0                OTG_HS_EP1_OUT_IRQHandler
                0x08003fe0                WWDG_IRQHandler
                0x08003fe0                SPI6_IRQHandler
                0x08003fe0                MDIOS_IRQHandler
                0x08003fe0                I2C4_EV_IRQHandler
                0x08003fe0                CAN3_TX_IRQHandler
                0x08003fe0                TIM2_IRQHandler
                0x08003fe0                OTG_FS_WKUP_IRQHandler
                0x08003fe0                TIM1_TRG_COM_TIM11_IRQHandler
                0x08003fe0                OTG_HS_IRQHandler
                0x08003fe0                DMA2D_IRQHandler
                0x08003fe0                EXTI1_IRQHandler
                0x08003fe0                SDMMC2_IRQHandler
                0x08003fe0                UART7_IRQHandler
                0x08003fe0                USART2_IRQHandler
                0x08003fe0                DFSDM1_FLT0_IRQHandler
                0x08003fe0                I2C2_ER_IRQHandler
                0x08003fe0                DMA2_Stream1_IRQHandler
                0x08003fe0                FLASH_IRQHandler
                0x08003fe0                DMA2_Stream4_IRQHandler
                0x08003fe0                USART1_IRQHandler
                0x08003fe0                OTG_FS_IRQHandler
                0x08003fe0                SPI3_IRQHandler
                0x08003fe0                DMA1_Stream4_IRQHandler
                0x08003fe0                I2C1_ER_IRQHandler
                0x08003fe0                FMC_IRQHandler
                0x08003fe0                LPTIM1_IRQHandler
                0x08003fe0                I2C4_ER_IRQHandler
                0x08003fe0                DMA2_Stream6_IRQHandler
                0x08003fe0                SAI1_IRQHandler
                0x08003fe0                DMA1_Stream3_IRQHandler
 .text.HAL_Init
                0x08003fe2       0x1a ./Drivers/STM32F7xx_HAL_Driver/Src/stm32f7xx_hal.o
                0x08003fe2                HAL_Init
 .text.HAL_InitTick
                0x08003ffc       0x60 ./Drivers/STM32F7xx_HAL_Driver/Src/stm32f7xx_hal.o
                0x08003ffc                HAL_InitTick
 .text.HAL_IncTick
                0x0800405c       0x28 ./Drivers/STM32F7xx_HAL_Driver/Src/stm32f7xx_hal.o
                0x0800405c                HAL_IncTick
 .text.HAL_GetTick
                0x08004084       0x18 ./Drivers/STM32F7xx_HAL_Driver/Src/stm32f7xx_hal.o
                0x08004084                HAL_GetTick
 .text.HAL_Delay
                0x0800409c       0x48 ./Drivers/STM32F7xx_HAL_Driver/Src/stm32f7xx_hal.o
                0x0800409c                HAL_Delay
 .text.HAL_CAN_Init
                0x080040e4      0x1f6 ./Drivers/STM32F7xx_HAL_Driver/Src/stm32f7xx_hal_can.o
                0x080040e4                HAL_CAN_Init
 *fill*         0x080042da        0x2 
 .text.HAL_CAN_ConfigFilter
                0x080042dc      0x1d8 ./Drivers/STM32F7xx_HAL_Driver/Src/stm32f7xx_hal_can.o
                0x080042dc                HAL_CAN_ConfigFilter
 .text.HAL_CAN_Start
                0x080044b4       0x88 ./Drivers/STM32F7xx_HAL_Driver/Src/stm32f7xx_hal_can.o
                0x080044b4                HAL_CAN_Start
 .text.HAL_CAN_AddTxMessage
                0x0800453c      0x1a0 ./Drivers/STM32F7xx_HAL_Driver/Src/stm32f7xx_hal_can.o
                0x0800453c                HAL_CAN_AddTxMessage
 .text.HAL_CAN_GetRxMessage
                0x080046dc      0x224 ./Drivers/STM32F7xx_HAL_Driver/Src/stm32f7xx_hal_can.o
                0x080046dc                HAL_CAN_GetRxMessage
 .text.HAL_CAN_ActivateNotification
                0x08004900       0x4c ./Drivers/STM32F7xx_HAL_Driver/Src/stm32f7xx_hal_can.o
                0x08004900                HAL_CAN_ActivateNotification
 .text.HAL_CAN_IRQHandler
                0x0800494c      0x36e ./Drivers/STM32F7xx_HAL_Driver/Src/stm32f7xx_hal_can.o
                0x0800494c                HAL_CAN_IRQHandler
 .text.HAL_CAN_TxMailbox0CompleteCallback
                0x08004cba       0x14 ./Drivers/STM32F7xx_HAL_Driver/Src/stm32f7xx_hal_can.o
                0x08004cba                HAL_CAN_TxMailbox0CompleteCallback
 .text.HAL_CAN_TxMailbox1CompleteCallback
                0x08004cce       0x14 ./Drivers/STM32F7xx_HAL_Driver/Src/stm32f7xx_hal_can.o
                0x08004cce                HAL_CAN_TxMailbox1CompleteCallback
 .text.HAL_CAN_TxMailbox2CompleteCallback
                0x08004ce2       0x14 ./Drivers/STM32F7xx_HAL_Driver/Src/stm32f7xx_hal_can.o
                0x08004ce2                HAL_CAN_TxMailbox2CompleteCallback
 .text.HAL_CAN_TxMailbox0AbortCallback
                0x08004cf6       0x14 ./Drivers/STM32F7xx_HAL_Driver/Src/stm32f7xx_hal_can.o
                0x08004cf6                HAL_CAN_TxMailbox0AbortCallback
 .text.HAL_CAN_TxMailbox1AbortCallback
                0x08004d0a       0x14 ./Drivers/STM32F7xx_HAL_Driver/Src/stm32f7xx_hal_can.o
                0x08004d0a                HAL_CAN_TxMailbox1AbortCallback
 .text.HAL_CAN_TxMailbox2AbortCallback
                0x08004d1e       0x14 ./Drivers/STM32F7xx_HAL_Driver/Src/stm32f7xx_hal_can.o
                0x08004d1e                HAL_CAN_TxMailbox2AbortCallback
 .text.HAL_CAN_RxFifo0FullCallback
                0x08004d32       0x14 ./Drivers/STM32F7xx_HAL_Driver/Src/stm32f7xx_hal_can.o
                0x08004d32                HAL_CAN_RxFifo0FullCallback
 .text.HAL_CAN_RxFifo1FullCallback
                0x08004d46       0x14 ./Drivers/STM32F7xx_HAL_Driver/Src/stm32f7xx_hal_can.o
                0x08004d46                HAL_CAN_RxFifo1FullCallback
 .text.HAL_CAN_SleepCallback
                0x08004d5a       0x14 ./Drivers/STM32F7xx_HAL_Driver/Src/stm32f7xx_hal_can.o
                0x08004d5a                HAL_CAN_SleepCallback
 .text.HAL_CAN_WakeUpFromRxMsgCallback
                0x08004d6e       0x14 ./Drivers/STM32F7xx_HAL_Driver/Src/stm32f7xx_hal_can.o
                0x08004d6e                HAL_CAN_WakeUpFromRxMsgCallback
 .text.HAL_CAN_ErrorCallback
                0x08004d82       0x14 ./Drivers/STM32F7xx_HAL_Driver/Src/stm32f7xx_hal_can.o
                0x08004d82                HAL_CAN_ErrorCallback
 *fill*         0x08004d96        0x2 
 .text.__NVIC_SetPriorityGrouping
                0x08004d98       0x48 ./Drivers/STM32F7xx_HAL_Driver/Src/stm32f7xx_hal_cortex.o
 .text.__NVIC_GetPriorityGrouping
                0x08004de0       0x1c ./Drivers/STM32F7xx_HAL_Driver/Src/stm32f7xx_hal_cortex.o
 .text.__NVIC_EnableIRQ
                0x08004dfc       0x3c ./Drivers/STM32F7xx_HAL_Driver/Src/stm32f7xx_hal_cortex.o
 .text.__NVIC_SetPriority
                0x08004e38       0x54 ./Drivers/STM32F7xx_HAL_Driver/Src/stm32f7xx_hal_cortex.o
 .text.NVIC_EncodePriority
                0x08004e8c       0x66 ./Drivers/STM32F7xx_HAL_Driver/Src/stm32f7xx_hal_cortex.o
 *fill*         0x08004ef2        0x2 
 .text.SysTick_Config
                0x08004ef4       0x44 ./Drivers/STM32F7xx_HAL_Driver/Src/stm32f7xx_hal_cortex.o
 .text.HAL_NVIC_SetPriorityGrouping
                0x08004f38       0x16 ./Drivers/STM32F7xx_HAL_Driver/Src/stm32f7xx_hal_cortex.o
                0x08004f38                HAL_NVIC_SetPriorityGrouping
 .text.HAL_NVIC_SetPriority
                0x08004f4e       0x38 ./Drivers/STM32F7xx_HAL_Driver/Src/stm32f7xx_hal_cortex.o
                0x08004f4e                HAL_NVIC_SetPriority
 .text.HAL_NVIC_EnableIRQ
                0x08004f86       0x1c ./Drivers/STM32F7xx_HAL_Driver/Src/stm32f7xx_hal_cortex.o
                0x08004f86                HAL_NVIC_EnableIRQ
 .text.HAL_SYSTICK_Config
                0x08004fa2       0x18 ./Drivers/STM32F7xx_HAL_Driver/Src/stm32f7xx_hal_cortex.o
                0x08004fa2                HAL_SYSTICK_Config
 *fill*         0x08004fba        0x2 
 .text.HAL_MPU_Disable
                0x08004fbc       0x30 ./Drivers/STM32F7xx_HAL_Driver/Src/stm32f7xx_hal_cortex.o
                0x08004fbc                HAL_MPU_Disable
 .text.HAL_MPU_Enable
                0x08004fec       0x40 ./Drivers/STM32F7xx_HAL_Driver/Src/stm32f7xx_hal_cortex.o
                0x08004fec                HAL_MPU_Enable
 .text.HAL_MPU_ConfigRegion
                0x0800502c       0x88 ./Drivers/STM32F7xx_HAL_Driver/Src/stm32f7xx_hal_cortex.o
                0x0800502c                HAL_MPU_ConfigRegion
 .text.HAL_DMA_Abort_IT
                0x080050b4       0x44 ./Drivers/STM32F7xx_HAL_Driver/Src/stm32f7xx_hal_dma.o
                0x080050b4                HAL_DMA_Abort_IT
 .text.HAL_GPIO_Init
                0x080050f8      0x358 ./Drivers/STM32F7xx_HAL_Driver/Src/stm32f7xx_hal_gpio.o
                0x080050f8                HAL_GPIO_Init
 .text.HAL_GPIO_ReadPin
                0x08005450       0x30 ./Drivers/STM32F7xx_HAL_Driver/Src/stm32f7xx_hal_gpio.o
                0x08005450                HAL_GPIO_ReadPin
 .text.HAL_GPIO_WritePin
                0x08005480       0x32 ./Drivers/STM32F7xx_HAL_Driver/Src/stm32f7xx_hal_gpio.o
                0x08005480                HAL_GPIO_WritePin
 *fill*         0x080054b2        0x2 
 .text.HAL_PWREx_EnableOverDrive
                0x080054b4       0xa0 ./Drivers/STM32F7xx_HAL_Driver/Src/stm32f7xx_hal_pwr_ex.o
                0x080054b4                HAL_PWREx_EnableOverDrive
 .text.HAL_RCC_OscConfig
                0x08005554      0x55c ./Drivers/STM32F7xx_HAL_Driver/Src/stm32f7xx_hal_rcc.o
                0x08005554                HAL_RCC_OscConfig
 .text.HAL_RCC_ClockConfig
                0x08005ab0      0x1d8 ./Drivers/STM32F7xx_HAL_Driver/Src/stm32f7xx_hal_rcc.o
                0x08005ab0                HAL_RCC_ClockConfig
 .text.HAL_RCC_GetSysClockFreq
                0x08005c88      0x18c ./Drivers/STM32F7xx_HAL_Driver/Src/stm32f7xx_hal_rcc.o
                0x08005c88                HAL_RCC_GetSysClockFreq
 .text.HAL_RCC_GetHCLKFreq
                0x08005e14       0x18 ./Drivers/STM32F7xx_HAL_Driver/Src/stm32f7xx_hal_rcc.o
                0x08005e14                HAL_RCC_GetHCLKFreq
 .text.HAL_SPI_Init
                0x08005e2c      0x156 ./Drivers/STM32F7xx_HAL_Driver/Src/stm32f7xx_hal_spi.o
                0x08005e2c                HAL_SPI_Init
 .text.HAL_SPI_Transmit
                0x08005f82      0x2dc ./Drivers/STM32F7xx_HAL_Driver/Src/stm32f7xx_hal_spi.o
                0x08005f82                HAL_SPI_Transmit
 .text.HAL_SPI_TransmitReceive
                0x0800625e      0x426 ./Drivers/STM32F7xx_HAL_Driver/Src/stm32f7xx_hal_spi.o
                0x0800625e                HAL_SPI_TransmitReceive
 .text.HAL_SPI_IRQHandler
                0x08006684      0x1e8 ./Drivers/STM32F7xx_HAL_Driver/Src/stm32f7xx_hal_spi.o
                0x08006684                HAL_SPI_IRQHandler
 .text.HAL_SPI_ErrorCallback
                0x0800686c       0x14 ./Drivers/STM32F7xx_HAL_Driver/Src/stm32f7xx_hal_spi.o
                0x0800686c                HAL_SPI_ErrorCallback
 .text.SPI_DMAAbortOnError
                0x08006880       0x2a ./Drivers/STM32F7xx_HAL_Driver/Src/stm32f7xx_hal_spi.o
 *fill*         0x080068aa        0x2 
 .text.SPI_WaitFlagStateUntilTimeout
                0x080068ac      0x110 ./Drivers/STM32F7xx_HAL_Driver/Src/stm32f7xx_hal_spi.o
 .text.SPI_WaitFifoStateUntilTimeout
                0x080069bc      0x12c ./Drivers/STM32F7xx_HAL_Driver/Src/stm32f7xx_hal_spi.o
 .text.SPI_EndRxTxTransaction
                0x08006ae8       0xd4 ./Drivers/STM32F7xx_HAL_Driver/Src/stm32f7xx_hal_spi.o
 .text.HAL_TIM_Base_Init
                0x08006bbc       0xae ./Drivers/STM32F7xx_HAL_Driver/Src/stm32f7xx_hal_tim.o
                0x08006bbc                HAL_TIM_Base_Init
 *fill*         0x08006c6a        0x2 
 .text.HAL_TIM_Base_Start_IT
                0x08006c6c       0xf0 ./Drivers/STM32F7xx_HAL_Driver/Src/stm32f7xx_hal_tim.o
                0x08006c6c                HAL_TIM_Base_Start_IT
 .text.HAL_TIM_IRQHandler
                0x08006d5c      0x23e ./Drivers/STM32F7xx_HAL_Driver/Src/stm32f7xx_hal_tim.o
                0x08006d5c                HAL_TIM_IRQHandler
 .text.HAL_TIM_OC_DelayElapsedCallback
                0x08006f9a       0x14 ./Drivers/STM32F7xx_HAL_Driver/Src/stm32f7xx_hal_tim.o
                0x08006f9a                HAL_TIM_OC_DelayElapsedCallback
 .text.HAL_TIM_IC_CaptureCallback
                0x08006fae       0x14 ./Drivers/STM32F7xx_HAL_Driver/Src/stm32f7xx_hal_tim.o
                0x08006fae                HAL_TIM_IC_CaptureCallback
 .text.HAL_TIM_PWM_PulseFinishedCallback
                0x08006fc2       0x14 ./Drivers/STM32F7xx_HAL_Driver/Src/stm32f7xx_hal_tim.o
                0x08006fc2                HAL_TIM_PWM_PulseFinishedCallback
 .text.HAL_TIM_TriggerCallback
                0x08006fd6       0x14 ./Drivers/STM32F7xx_HAL_Driver/Src/stm32f7xx_hal_tim.o
                0x08006fd6                HAL_TIM_TriggerCallback
 *fill*         0x08006fea        0x2 
 .text.TIM_Base_SetConfig
                0x08006fec      0x140 ./Drivers/STM32F7xx_HAL_Driver/Src/stm32f7xx_hal_tim.o
                0x08006fec                TIM_Base_SetConfig
 .text.HAL_TIMEx_CommutCallback
                0x0800712c       0x14 ./Drivers/STM32F7xx_HAL_Driver/Src/stm32f7xx_hal_tim_ex.o
                0x0800712c                HAL_TIMEx_CommutCallback
 .text.HAL_TIMEx_BreakCallback
                0x08007140       0x14 ./Drivers/STM32F7xx_HAL_Driver/Src/stm32f7xx_hal_tim_ex.o
                0x08007140                HAL_TIMEx_BreakCallback
 .text.HAL_TIMEx_Break2Callback
                0x08007154       0x14 ./Drivers/STM32F7xx_HAL_Driver/Src/stm32f7xx_hal_tim_ex.o
                0x08007154                HAL_TIMEx_Break2Callback
 .text.memset   0x08007168       0x10 C:/ST/STM32CubeIDE_1.13.0/STM32CubeIDE/plugins/com.st.stm32cube.ide.mcu.externaltools.gnu-tools-for-stm32.12.3.rel1.win32_1.0.100.202403111256/tools/bin/../lib/gcc/arm-none-eabi/12.3.1/../../../../arm-none-eabi/lib/thumb/v7e-m+dp/hard\libc_nano.a(libc_a-memset.o)
                0x08007168                memset
 .text.__libc_init_array
                0x08007178       0x48 C:/ST/STM32CubeIDE_1.13.0/STM32CubeIDE/plugins/com.st.stm32cube.ide.mcu.externaltools.gnu-tools-for-stm32.12.3.rel1.win32_1.0.100.202403111256/tools/bin/../lib/gcc/arm-none-eabi/12.3.1/../../../../arm-none-eabi/lib/thumb/v7e-m+dp/hard\libc_nano.a(libc_a-init.o)
                0x08007178                __libc_init_array
 .text.memcpy   0x080071c0       0x1c C:/ST/STM32CubeIDE_1.13.0/STM32CubeIDE/plugins/com.st.stm32cube.ide.mcu.externaltools.gnu-tools-for-stm32.12.3.rel1.win32_1.0.100.202403111256/tools/bin/../lib/gcc/arm-none-eabi/12.3.1/../../../../arm-none-eabi/lib/thumb/v7e-m+dp/hard\libc_nano.a(libc_a-memcpy-stub.o)
                0x080071c0                memcpy
 *(.glue_7)
 .glue_7        0x080071dc        0x0 linker stubs
 *(.glue_7t)
 .glue_7t       0x080071dc        0x0 linker stubs
 *(.eh_frame)
 .eh_frame      0x080071dc        0x0 C:/ST/STM32CubeIDE_1.13.0/STM32CubeIDE/plugins/com.st.stm32cube.ide.mcu.externaltools.gnu-tools-for-stm32.12.3.rel1.win32_1.0.100.202403111256/tools/bin/../lib/gcc/arm-none-eabi/12.3.1/thumb/v7e-m+dp/hard/crtbegin.o
 *(.init)
 .init          0x080071dc        0x4 C:/ST/STM32CubeIDE_1.13.0/STM32CubeIDE/plugins/com.st.stm32cube.ide.mcu.externaltools.gnu-tools-for-stm32.12.3.rel1.win32_1.0.100.202403111256/tools/bin/../lib/gcc/arm-none-eabi/12.3.1/thumb/v7e-m+dp/hard/crti.o
                0x080071dc                _init
 .init          0x080071e0        0x8 C:/ST/STM32CubeIDE_1.13.0/STM32CubeIDE/plugins/com.st.stm32cube.ide.mcu.externaltools.gnu-tools-for-stm32.12.3.rel1.win32_1.0.100.202403111256/tools/bin/../lib/gcc/arm-none-eabi/12.3.1/thumb/v7e-m+dp/hard/crtn.o
 *(.fini)
 .fini          0x080071e8        0x4 C:/ST/STM32CubeIDE_1.13.0/STM32CubeIDE/plugins/com.st.stm32cube.ide.mcu.externaltools.gnu-tools-for-stm32.12.3.rel1.win32_1.0.100.202403111256/tools/bin/../lib/gcc/arm-none-eabi/12.3.1/thumb/v7e-m+dp/hard/crti.o
                0x080071e8                _fini
 .fini          0x080071ec        0x8 C:/ST/STM32CubeIDE_1.13.0/STM32CubeIDE/plugins/com.st.stm32cube.ide.mcu.externaltools.gnu-tools-for-stm32.12.3.rel1.win32_1.0.100.202403111256/tools/bin/../lib/gcc/arm-none-eabi/12.3.1/thumb/v7e-m+dp/hard/crtn.o
                0x080071f4                        . = ALIGN (0x4)
                0x080071f4                        _etext = .

.vfp11_veneer   0x080071f4        0x0
 .vfp11_veneer  0x080071f4        0x0 linker stubs

.v4_bx          0x080071f4        0x0
 .v4_bx         0x080071f4        0x0 linker stubs

.iplt           0x080071f4        0x0
 .iplt          0x080071f4        0x0 C:/ST/STM32CubeIDE_1.13.0/STM32CubeIDE/plugins/com.st.stm32cube.ide.mcu.externaltools.gnu-tools-for-stm32.12.3.rel1.win32_1.0.100.202403111256/tools/bin/../lib/gcc/arm-none-eabi/12.3.1/thumb/v7e-m+dp/hard/crtbegin.o

.rodata         0x080071f4      0xe38
                0x080071f4                        . = ALIGN (0x4)
 *(.rodata)
 .rodata        0x080071f4      0xe16 ./Core/Src/eTechRacing.o
 *fill*         0x0800800a        0x2 
 .rodata        0x0800800c        0xf ./Core/Src/main.o
 *(.rodata*)
 *fill*         0x0800801b        0x1 
 .rodata.AHBPrescTable
                0x0800801c       0x10 ./Core/Src/system_stm32f7xx.o
                0x0800801c                AHBPrescTable
                0x0800802c                        . = ALIGN (0x4)

.ARM.extab      0x0800802c        0x0
                0x0800802c                        . = ALIGN (0x4)
 *(.ARM.extab* .gnu.linkonce.armextab.*)
                0x0800802c                        . = ALIGN (0x4)

.ARM            0x0800802c        0x8
                0x0800802c                        . = ALIGN (0x4)
                0x0800802c                        __exidx_start = .
 *(.ARM.exidx*)
 .ARM.exidx     0x0800802c        0x8 C:/ST/STM32CubeIDE_1.13.0/STM32CubeIDE/plugins/com.st.stm32cube.ide.mcu.externaltools.gnu-tools-for-stm32.12.3.rel1.win32_1.0.100.202403111256/tools/bin/../lib/gcc/arm-none-eabi/12.3.1/thumb/v7e-m+dp/hard\libgcc.a(_udivmoddi4.o)
                0x08008034                        __exidx_end = .
                0x08008034                        . = ALIGN (0x4)

.preinit_array  0x08008034        0x0
                0x08008034                        . = ALIGN (0x4)
                0x08008034                        PROVIDE (__preinit_array_start = .)
 *(.preinit_array*)
                0x08008034                        PROVIDE (__preinit_array_end = .)
                0x08008034                        . = ALIGN (0x4)

.init_array     0x08008034        0x4
                0x08008034                        . = ALIGN (0x4)
                0x08008034                        PROVIDE (__init_array_start = .)
 *(SORT_BY_NAME(.init_array.*))
 *(.init_array*)
 .init_array    0x08008034        0x4 C:/ST/STM32CubeIDE_1.13.0/STM32CubeIDE/plugins/com.st.stm32cube.ide.mcu.externaltools.gnu-tools-for-stm32.12.3.rel1.win32_1.0.100.202403111256/tools/bin/../lib/gcc/arm-none-eabi/12.3.1/thumb/v7e-m+dp/hard/crtbegin.o
                0x08008038                        PROVIDE (__init_array_end = .)
                0x08008038                        . = ALIGN (0x4)

.fini_array     0x08008038        0x4
                0x08008038                        . = ALIGN (0x4)
                [!provide]                        PROVIDE (__fini_array_start = .)
 *(SORT_BY_NAME(.fini_array.*))
 *(.fini_array*)
 .fini_array    0x08008038        0x4 C:/ST/STM32CubeIDE_1.13.0/STM32CubeIDE/plugins/com.st.stm32cube.ide.mcu.externaltools.gnu-tools-for-stm32.12.3.rel1.win32_1.0.100.202403111256/tools/bin/../lib/gcc/arm-none-eabi/12.3.1/thumb/v7e-m+dp/hard/crtbegin.o
                [!provide]                        PROVIDE (__fini_array_end = .)
                0x0800803c                        . = ALIGN (0x4)
                0x0800803c                        _sidata = LOADADDR (.data)

.rel.dyn        0x0800803c        0x0
 .rel.iplt      0x0800803c        0x0 C:/ST/STM32CubeIDE_1.13.0/STM32CubeIDE/plugins/com.st.stm32cube.ide.mcu.externaltools.gnu-tools-for-stm32.12.3.rel1.win32_1.0.100.202403111256/tools/bin/../lib/gcc/arm-none-eabi/12.3.1/thumb/v7e-m+dp/hard/crtbegin.o

.data           0x20000000      0x224 load address 0x0800803c
                0x20000000                        . = ALIGN (0x4)
                0x20000000                        _sdata = .
 *(.data)
 *(.data*)
 .data.TOTAL_IC
                0x20000000        0x1 ./Core/Src/LTC6811-1_eTechRacing.o
                0x20000000                TOTAL_IC
 *fill*         0x20000001        0x3 
 .data.crc15Table
                0x20000004      0x200 ./Core/Src/LTC6811-1_eTechRacing.o
                0x20000004                crc15Table
 .data.BMS_OK   0x20000204        0x1 ./Core/Src/main.o
                0x20000204                BMS_OK
 *fill*         0x20000205        0x3 
 .data.current_error
                0x20000208        0x1 ./Core/Src/main.o
                0x20000208                current_error
 .data.AMS_LED  0x20000209        0x1 ./Core/Src/main.o
                0x20000209                AMS_LED
 .data.IMD_LED  0x2000020a        0x1 ./Core/Src/main.o
                0x2000020a                IMD_LED
 .data.OV_FLAG  0x2000020b        0x1 ./Core/Src/main.o
                0x2000020b                OV_FLAG
 .data.UV_FLAG  0x2000020c        0x1 ./Core/Src/main.o
                0x2000020c                UV_FLAG
 .data.OT_FLAG  0x2000020d        0x1 ./Core/Src/main.o
                0x2000020d                OT_FLAG
 .data.OC_FLAG  0x2000020e        0x1 ./Core/Src/main.o
                0x2000020e                OC_FLAG
 .data.SD_FLAG  0x2000020f        0x1 ./Core/Src/main.o
                0x2000020f                SD_FLAG
 .data.CE_FLAG  0x20000210        0x1 ./Core/Src/main.o
                0x20000210                CE_FLAG
 .data.CURR_SYNC_FLAG
                0x20000211        0x1 ./Core/Src/main.o
                0x20000211                CURR_SYNC_FLAG
 .data.GPIOx    0x20000212        0x1 ./Core/Src/main.o
                0x20000212                GPIOx
 .data.CURR_STATE
                0x20000213        0x1 ./Core/Src/main.o
                0x20000213                CURR_STATE
 .data.COBID_TEMP
                0x20000214        0x2 ./Core/Src/main.o
                0x20000214                COBID_TEMP
 .data.COBID_VOLT
                0x20000216        0x2 ./Core/Src/main.o
                0x20000216                COBID_VOLT
 .data.SystemCoreClock
                0x20000218        0x4 ./Core/Src/system_stm32f7xx.o
                0x20000218                SystemCoreClock
 .data.uwTickPrio
                0x2000021c        0x4 ./Drivers/STM32F7xx_HAL_Driver/Src/stm32f7xx_hal.o
                0x2000021c                uwTickPrio
 .data.uwTickFreq
                0x20000220        0x1 ./Drivers/STM32F7xx_HAL_Driver/Src/stm32f7xx_hal.o
                0x20000220                uwTickFreq
 *(.RamFunc)
 *(.RamFunc*)
                0x20000224                        . = ALIGN (0x4)
 *fill*         0x20000221        0x3 
                0x20000224                        _edata = .

.igot.plt       0x20000224        0x0 load address 0x08008260
 .igot.plt      0x20000224        0x0 C:/ST/STM32CubeIDE_1.13.0/STM32CubeIDE/plugins/com.st.stm32cube.ide.mcu.externaltools.gnu-tools-for-stm32.12.3.rel1.win32_1.0.100.202403111256/tools/bin/../lib/gcc/arm-none-eabi/12.3.1/thumb/v7e-m+dp/hard/crtbegin.o
                0x20000224                        . = ALIGN (0x4)

.bss            0x20000224     0x122c load address 0x08008260
                0x20000224                        _sbss = .
                0x20000224                        __bss_start__ = _sbss
 *(.bss)
 .bss           0x20000224       0x1c C:/ST/STM32CubeIDE_1.13.0/STM32CubeIDE/plugins/com.st.stm32cube.ide.mcu.externaltools.gnu-tools-for-stm32.12.3.rel1.win32_1.0.100.202403111256/tools/bin/../lib/gcc/arm-none-eabi/12.3.1/thumb/v7e-m+dp/hard/crtbegin.o
 *(.bss*)
 .bss.DCC       0x20000240      0x168 ./Core/Src/LTC6811-1_eTechRacing.o
                0x20000240                DCC
 .bss.TxMailbox
                0x200003a8        0x4 ./Core/Src/can_comunication.o
                0x200003a8                TxMailbox
 .bss.hcan1     0x200003ac       0x28 ./Core/Src/main.o
                0x200003ac                hcan1
 .bss.hcan2     0x200003d4       0x28 ./Core/Src/main.o
                0x200003d4                hcan2
 .bss.hspi1     0x200003fc       0x64 ./Core/Src/main.o
                0x200003fc                hspi1
 .bss.htim13    0x20000460       0x4c ./Core/Src/main.o
                0x20000460                htim13
 .bss.htim14    0x200004ac       0x4c ./Core/Src/main.o
                0x200004ac                htim14
 .bss.PEC_SLAVES_Temp
                0x200004f8       0x78 ./Core/Src/main.o
                0x200004f8                PEC_SLAVES_Temp
 .bss.PEC_SLAVES_Volt
                0x20000570       0x3c ./Core/Src/main.o
                0x20000570                PEC_SLAVES_Volt
 .bss.voltatjes
                0x200005ac      0x168 ./Core/Src/main.o
                0x200005ac                voltatjes
 .bss.temperatures
                0x20000714       0xf0 ./Core/Src/main.o
                0x20000714                temperatures
 .bss.temperatures_conv
                0x20000804       0xf0 ./Core/Src/main.o
                0x20000804                temperatures_conv
 .bss.Current   0x200008f4        0x4 ./Core/Src/main.o
                0x200008f4                Current
 .bss.min_volt  0x200008f8        0x2 ./Core/Src/main.o
                0x200008f8                min_volt
 .bss.max_volt  0x200008fa        0x2 ./Core/Src/main.o
                0x200008fa                max_volt
 .bss.sum_volt  0x200008fc        0x4 ./Core/Src/main.o
                0x200008fc                sum_volt
 .bss.min_temp  0x20000900        0x2 ./Core/Src/main.o
                0x20000900                min_temp
 .bss.max_temp  0x20000902        0x2 ./Core/Src/main.o
                0x20000902                max_temp
 .bss.mean_temp
                0x20000904        0x4 ./Core/Src/main.o
                0x20000904                mean_temp
 .bss.mean_volt
                0x20000908        0x4 ./Core/Src/main.o
                0x20000908                mean_volt
 .bss.ov_flag_arr
                0x2000090c      0x2d0 ./Core/Src/main.o
                0x2000090c                ov_flag_arr
 .bss.uv_flag_arr
                0x20000bdc      0x2d0 ./Core/Src/main.o
                0x20000bdc                uv_flag_arr
 .bss.ot_flag_arr
                0x20000eac      0x1e0 ./Core/Src/main.o
                0x20000eac                ot_flag_arr
 .bss.sd_flag_arr_volt
                0x2000108c       0xf0 ./Core/Src/main.o
                0x2000108c                sd_flag_arr_volt
 .bss.sd_flag_arr_temp
                0x2000117c      0x1e0 ./Core/Src/main.o
                0x2000117c                sd_flag_arr_temp
 .bss.oc_flag_arr
                0x2000135c        0x4 ./Core/Src/main.o
                0x2000135c                oc_flag_arr
 .bss.etas_flag
                0x20001360        0x4 ./Core/Src/main.o
                0x20001360                etas_flag
 .bss.current_flag
                0x20001364        0x4 ./Core/Src/main.o
                0x20001364                current_flag
 .bss.current_sync_flag
                0x20001368        0x4 ./Core/Src/main.o
                0x20001368                current_sync_flag
 .bss.can_balancing_flag
                0x2000136c        0x4 ./Core/Src/main.o
                0x2000136c                can_balancing_flag
 .bss.KEEP_ALIVE
                0x20001370        0x1 ./Core/Src/main.o
                0x20001370                KEEP_ALIVE
 .bss.BMS_MONITORING
                0x20001371        0x1 ./Core/Src/main.o
                0x20001371                BMS_MONITORING
 .bss.IMD_MONITORING
                0x20001372        0x1 ./Core/Src/main.o
                0x20001372                IMD_MONITORING
 .bss.SDC_MONITORING
                0x20001373        0x1 ./Core/Src/main.o
                0x20001373                SDC_MONITORING
 .bss.UT_FLAG   0x20001374        0x1 ./Core/Src/main.o
                0x20001374                UT_FLAG
 .bss.ETAS_SYNC_FLAG
                0x20001375        0x1 ./Core/Src/main.o
                0x20001375                ETAS_SYNC_FLAG
 .bss.CAN_BALANCING_FLAG
                0x20001376        0x1 ./Core/Src/main.o
                0x20001376                CAN_BALANCING_FLAG
 *fill*         0x20001377        0x1 
 .bss.Airs_State
                0x20001378        0x4 ./Core/Src/main.o
                0x20001378                Airs_State
 .bss.msg       0x2000137c        0x1 ./Core/Src/main.o
                0x2000137c                msg
 .bss.CH        0x2000137d        0x1 ./Core/Src/main.o
                0x2000137d                CH
 .bss.BLC       0x2000137e        0x1 ./Core/Src/main.o
                0x2000137e                BLC
 .bss.AIRs_request
                0x2000137f        0x1 ./Core/Src/main.o
                0x2000137f                AIRs_request
 .bss.RxHeader  0x20001380       0x1c ./Core/Src/main.o
                0x20001380                RxHeader
 .bss.TxHeader  0x2000139c       0x18 ./Core/Src/main.o
                0x2000139c                TxHeader
 .bss.canfil    0x200013b4       0x28 ./Core/Src/main.o
                0x200013b4                canfil
 .bss.canfil2   0x200013dc       0x28 ./Core/Src/main.o
                0x200013dc                canfil2
 .bss.RxData    0x20001404       0x1e ./Core/Src/main.o
                0x20001404                RxData
 *fill*         0x20001422        0x2 
 .bss.TxData    0x20001424       0x1e ./Core/Src/main.o
                0x20001424                TxData
 .bss.IC_TEMP   0x20001442        0x1 ./Core/Src/main.o
                0x20001442                IC_TEMP
 .bss.IC_VOLT   0x20001443        0x1 ./Core/Src/main.o
                0x20001443                IC_VOLT
 .bss.RX_VOLT_TEMP
                0x20001444        0x1 ./Core/Src/main.o
                0x20001444                RX_VOLT_TEMP
 .bss.BMS_SELECTION
                0x20001445        0x1 ./Core/Src/main.o
                0x20001445                BMS_SELECTION
 .bss.val       0x20001446        0x1 ./Core/Src/main.o
                0x20001446                val
 *fill*         0x20001447        0x1 
 .bss.HAL_RCC_CAN1_CLK_ENABLED
                0x20001448        0x4 ./Core/Src/stm32f7xx_hal_msp.o
 .bss.uwTick    0x2000144c        0x4 ./Drivers/STM32F7xx_HAL_Driver/Src/stm32f7xx_hal.o
                0x2000144c                uwTick
 *(COMMON)
                0x20001450                        . = ALIGN (0x4)
                0x20001450                        _ebss = .
                0x20001450                        __bss_end__ = _ebss

._user_heap_stack
                0x20001450      0x600 load address 0x08008260
                0x20001450                        . = ALIGN (0x8)
                [!provide]                        PROVIDE (end = .)
                0x20001450                        PROVIDE (_end = .)
                0x20001650                        . = (. + _Min_Heap_Size)
 *fill*         0x20001450      0x200 
                0x20001a50                        . = (. + _Min_Stack_Size)
 *fill*         0x20001650      0x400 
                0x20001a50                        . = ALIGN (0x8)

/DISCARD/
 libc.a(*)
 libm.a(*)
 libgcc.a(*)

.ARM.attributes
                0x00000000       0x2e
 *(.ARM.attributes)
 .ARM.attributes
                0x00000000       0x20 C:/ST/STM32CubeIDE_1.13.0/STM32CubeIDE/plugins/com.st.stm32cube.ide.mcu.externaltools.gnu-tools-for-stm32.12.3.rel1.win32_1.0.100.202403111256/tools/bin/../lib/gcc/arm-none-eabi/12.3.1/thumb/v7e-m+dp/hard/crti.o
 .ARM.attributes
                0x00000020       0x32 C:/ST/STM32CubeIDE_1.13.0/STM32CubeIDE/plugins/com.st.stm32cube.ide.mcu.externaltools.gnu-tools-for-stm32.12.3.rel1.win32_1.0.100.202403111256/tools/bin/../lib/gcc/arm-none-eabi/12.3.1/thumb/v7e-m+dp/hard/crtbegin.o
 .ARM.attributes
                0x00000052       0x32 ./Core/Src/BMS.o
 .ARM.attributes
                0x00000084       0x32 ./Core/Src/LTC6811-1_eTechRacing.o
 .ARM.attributes
                0x000000b6       0x32 ./Core/Src/can_comunication.o
 .ARM.attributes
                0x000000e8       0x32 ./Core/Src/eTechRacing.o
 .ARM.attributes
                0x0000011a       0x32 ./Core/Src/errors.o
 .ARM.attributes
                0x0000014c       0x32 ./Core/Src/main.o
 .ARM.attributes
                0x0000017e       0x32 ./Core/Src/stm32f7xx_hal_msp.o
 .ARM.attributes
                0x000001b0       0x32 ./Core/Src/stm32f7xx_it.o
 .ARM.attributes
                0x000001e2       0x32 ./Core/Src/system_stm32f7xx.o
 .ARM.attributes
                0x00000214       0x21 ./Core/Startup/startup_stm32f777vitx.o
 .ARM.attributes
                0x00000235       0x32 ./Drivers/STM32F7xx_HAL_Driver/Src/stm32f7xx_hal.o
 .ARM.attributes
                0x00000267       0x32 ./Drivers/STM32F7xx_HAL_Driver/Src/stm32f7xx_hal_can.o
 .ARM.attributes
                0x00000299       0x32 ./Drivers/STM32F7xx_HAL_Driver/Src/stm32f7xx_hal_cortex.o
 .ARM.attributes
                0x000002cb       0x32 ./Drivers/STM32F7xx_HAL_Driver/Src/stm32f7xx_hal_dma.o
 .ARM.attributes
                0x000002fd       0x32 ./Drivers/STM32F7xx_HAL_Driver/Src/stm32f7xx_hal_gpio.o
 .ARM.attributes
                0x0000032f       0x32 ./Drivers/STM32F7xx_HAL_Driver/Src/stm32f7xx_hal_pwr_ex.o
 .ARM.attributes
                0x00000361       0x32 ./Drivers/STM32F7xx_HAL_Driver/Src/stm32f7xx_hal_rcc.o
 .ARM.attributes
                0x00000393       0x32 ./Drivers/STM32F7xx_HAL_Driver/Src/stm32f7xx_hal_spi.o
 .ARM.attributes
                0x000003c5       0x32 ./Drivers/STM32F7xx_HAL_Driver/Src/stm32f7xx_hal_tim.o
 .ARM.attributes
                0x000003f7       0x32 ./Drivers/STM32F7xx_HAL_Driver/Src/stm32f7xx_hal_tim_ex.o
 .ARM.attributes
                0x00000429       0x32 C:/ST/STM32CubeIDE_1.13.0/STM32CubeIDE/plugins/com.st.stm32cube.ide.mcu.externaltools.gnu-tools-for-stm32.12.3.rel1.win32_1.0.100.202403111256/tools/bin/../lib/gcc/arm-none-eabi/12.3.1/../../../../arm-none-eabi/lib/thumb/v7e-m+dp/hard\libc_nano.a(libc_a-memset.o)
 .ARM.attributes
                0x0000045b       0x32 C:/ST/STM32CubeIDE_1.13.0/STM32CubeIDE/plugins/com.st.stm32cube.ide.mcu.externaltools.gnu-tools-for-stm32.12.3.rel1.win32_1.0.100.202403111256/tools/bin/../lib/gcc/arm-none-eabi/12.3.1/../../../../arm-none-eabi/lib/thumb/v7e-m+dp/hard\libc_nano.a(libc_a-init.o)
 .ARM.attributes
                0x0000048d       0x32 C:/ST/STM32CubeIDE_1.13.0/STM32CubeIDE/plugins/com.st.stm32cube.ide.mcu.externaltools.gnu-tools-for-stm32.12.3.rel1.win32_1.0.100.202403111256/tools/bin/../lib/gcc/arm-none-eabi/12.3.1/../../../../arm-none-eabi/lib/thumb/v7e-m+dp/hard\libc_nano.a(libc_a-memcpy-stub.o)
 .ARM.attributes
                0x000004bf       0x20 C:/ST/STM32CubeIDE_1.13.0/STM32CubeIDE/plugins/com.st.stm32cube.ide.mcu.externaltools.gnu-tools-for-stm32.12.3.rel1.win32_1.0.100.202403111256/tools/bin/../lib/gcc/arm-none-eabi/12.3.1/thumb/v7e-m+dp/hard\libgcc.a(_aeabi_uldivmod.o)
 .ARM.attributes
                0x000004df       0x32 C:/ST/STM32CubeIDE_1.13.0/STM32CubeIDE/plugins/com.st.stm32cube.ide.mcu.externaltools.gnu-tools-for-stm32.12.3.rel1.win32_1.0.100.202403111256/tools/bin/../lib/gcc/arm-none-eabi/12.3.1/thumb/v7e-m+dp/hard\libgcc.a(_udivmoddi4.o)
 .ARM.attributes
                0x00000511       0x20 C:/ST/STM32CubeIDE_1.13.0/STM32CubeIDE/plugins/com.st.stm32cube.ide.mcu.externaltools.gnu-tools-for-stm32.12.3.rel1.win32_1.0.100.202403111256/tools/bin/../lib/gcc/arm-none-eabi/12.3.1/thumb/v7e-m+dp/hard\libgcc.a(_dvmd_tls.o)
 .ARM.attributes
                0x00000531       0x20 C:/ST/STM32CubeIDE_1.13.0/STM32CubeIDE/plugins/com.st.stm32cube.ide.mcu.externaltools.gnu-tools-for-stm32.12.3.rel1.win32_1.0.100.202403111256/tools/bin/../lib/gcc/arm-none-eabi/12.3.1/thumb/v7e-m+dp/hard/crtn.o
OUTPUT(MASTER CORE.elf elf32-littlearm)
LOAD linker stubs
LOAD C:/ST/STM32CubeIDE_1.13.0/STM32CubeIDE/plugins/com.st.stm32cube.ide.mcu.externaltools.gnu-tools-for-stm32.12.3.rel1.win32_1.0.100.202403111256/tools/bin/../lib/gcc/arm-none-eabi/12.3.1/../../../../arm-none-eabi/lib/thumb/v7e-m+dp/hard\libc.a
LOAD C:/ST/STM32CubeIDE_1.13.0/STM32CubeIDE/plugins/com.st.stm32cube.ide.mcu.externaltools.gnu-tools-for-stm32.12.3.rel1.win32_1.0.100.202403111256/tools/bin/../lib/gcc/arm-none-eabi/12.3.1/../../../../arm-none-eabi/lib/thumb/v7e-m+dp/hard\libm.a
LOAD C:/ST/STM32CubeIDE_1.13.0/STM32CubeIDE/plugins/com.st.stm32cube.ide.mcu.externaltools.gnu-tools-for-stm32.12.3.rel1.win32_1.0.100.202403111256/tools/bin/../lib/gcc/arm-none-eabi/12.3.1/thumb/v7e-m+dp/hard\libgcc.a

.debug_info     0x00000000    0x11551
 .debug_info    0x00000000      0x255 ./Core/Src/BMS.o
 .debug_info    0x00000255      0xf0d ./Core/Src/LTC6811-1_eTechRacing.o
 .debug_info    0x00001162      0xba7 ./Core/Src/can_comunication.o
 .debug_info    0x00001d09      0x49f ./Core/Src/eTechRacing.o
 .debug_info    0x000021a8      0x3a0 ./Core/Src/errors.o
 .debug_info    0x00002548     0x2191 ./Core/Src/main.o
 .debug_info    0x000046d9     0x1598 ./Core/Src/stm32f7xx_hal_msp.o
 .debug_info    0x00005c71      0xeda ./Core/Src/stm32f7xx_it.o
 .debug_info    0x00006b4b      0x6ed ./Core/Src/system_stm32f7xx.o
 .debug_info    0x00007238       0x30 ./Core/Startup/startup_stm32f777vitx.o
 .debug_info    0x00007268      0xa52 ./Drivers/STM32F7xx_HAL_Driver/Src/stm32f7xx_hal.o
 .debug_info    0x00007cba      0xf20 ./Drivers/STM32F7xx_HAL_Driver/Src/stm32f7xx_hal_can.o
 .debug_info    0x00008bda      0xf91 ./Drivers/STM32F7xx_HAL_Driver/Src/stm32f7xx_hal_cortex.o
 .debug_info    0x00009b6b      0x8e7 ./Drivers/STM32F7xx_HAL_Driver/Src/stm32f7xx_hal_dma.o
 .debug_info    0x0000a452      0x6f3 ./Drivers/STM32F7xx_HAL_Driver/Src/stm32f7xx_hal_gpio.o
 .debug_info    0x0000ab45      0x8cd ./Drivers/STM32F7xx_HAL_Driver/Src/stm32f7xx_hal_pwr_ex.o
 .debug_info    0x0000b412      0x937 ./Drivers/STM32F7xx_HAL_Driver/Src/stm32f7xx_hal_rcc.o
 .debug_info    0x0000bd49     0x169b ./Drivers/STM32F7xx_HAL_Driver/Src/stm32f7xx_hal_spi.o
 .debug_info    0x0000d3e4     0x2ab2 ./Drivers/STM32F7xx_HAL_Driver/Src/stm32f7xx_hal_tim.o
 .debug_info    0x0000fe96     0x16bb ./Drivers/STM32F7xx_HAL_Driver/Src/stm32f7xx_hal_tim_ex.o

.debug_abbrev   0x00000000     0x2904
 .debug_abbrev  0x00000000      0x135 ./Core/Src/BMS.o
 .debug_abbrev  0x00000135      0x2d7 ./Core/Src/LTC6811-1_eTechRacing.o
 .debug_abbrev  0x0000040c      0x260 ./Core/Src/can_comunication.o
 .debug_abbrev  0x0000066c      0x128 ./Core/Src/eTechRacing.o
 .debug_abbrev  0x00000794       0xf1 ./Core/Src/errors.o
 .debug_abbrev  0x00000885      0x304 ./Core/Src/main.o
 .debug_abbrev  0x00000b89      0x24b ./Core/Src/stm32f7xx_hal_msp.o
 .debug_abbrev  0x00000dd4      0x1f4 ./Core/Src/stm32f7xx_it.o
 .debug_abbrev  0x00000fc8      0x13b ./Core/Src/system_stm32f7xx.o
 .debug_abbrev  0x00001103       0x24 ./Core/Startup/startup_stm32f777vitx.o
 .debug_abbrev  0x00001127      0x213 ./Drivers/STM32F7xx_HAL_Driver/Src/stm32f7xx_hal.o
 .debug_abbrev  0x0000133a      0x252 ./Drivers/STM32F7xx_HAL_Driver/Src/stm32f7xx_hal_can.o
 .debug_abbrev  0x0000158c      0x329 ./Drivers/STM32F7xx_HAL_Driver/Src/stm32f7xx_hal_cortex.o
 .debug_abbrev  0x000018b5      0x264 ./Drivers/STM32F7xx_HAL_Driver/Src/stm32f7xx_hal_dma.o
 .debug_abbrev  0x00001b19      0x1d4 ./Drivers/STM32F7xx_HAL_Driver/Src/stm32f7xx_hal_gpio.o
 .debug_abbrev  0x00001ced      0x1d5 ./Drivers/STM32F7xx_HAL_Driver/Src/stm32f7xx_hal_pwr_ex.o
 .debug_abbrev  0x00001ec2      0x2de ./Drivers/STM32F7xx_HAL_Driver/Src/stm32f7xx_hal_rcc.o
 .debug_abbrev  0x000021a0      0x269 ./Drivers/STM32F7xx_HAL_Driver/Src/stm32f7xx_hal_spi.o
 .debug_abbrev  0x00002409      0x278 ./Drivers/STM32F7xx_HAL_Driver/Src/stm32f7xx_hal_tim.o
 .debug_abbrev  0x00002681      0x283 ./Drivers/STM32F7xx_HAL_Driver/Src/stm32f7xx_hal_tim_ex.o

.debug_aranges  0x00000000     0x1050
 .debug_aranges
                0x00000000       0x28 ./Core/Src/BMS.o
 .debug_aranges
                0x00000028       0x80 ./Core/Src/LTC6811-1_eTechRacing.o
 .debug_aranges
                0x000000a8       0x80 ./Core/Src/can_comunication.o
 .debug_aranges
                0x00000128       0x68 ./Core/Src/eTechRacing.o
 .debug_aranges
                0x00000190       0x60 ./Core/Src/errors.o
 .debug_aranges
                0x000001f0       0x80 ./Core/Src/main.o
 .debug_aranges
                0x00000270       0x50 ./Core/Src/stm32f7xx_hal_msp.o
 .debug_aranges
                0x000002c0       0xb8 ./Core/Src/stm32f7xx_it.o
 .debug_aranges
                0x00000378       0x28 ./Core/Src/system_stm32f7xx.o
 .debug_aranges
                0x000003a0       0x28 ./Core/Startup/startup_stm32f777vitx.o
 .debug_aranges
                0x000003c8      0x110 ./Drivers/STM32F7xx_HAL_Driver/Src/stm32f7xx_hal.o
 .debug_aranges
                0x000004d8      0x138 ./Drivers/STM32F7xx_HAL_Driver/Src/stm32f7xx_hal_can.o
 .debug_aranges
                0x00000610      0x118 ./Drivers/STM32F7xx_HAL_Driver/Src/stm32f7xx_hal_cortex.o
 .debug_aranges
                0x00000728       0x90 ./Drivers/STM32F7xx_HAL_Driver/Src/stm32f7xx_hal_dma.o
 .debug_aranges
                0x000007b8       0x58 ./Drivers/STM32F7xx_HAL_Driver/Src/stm32f7xx_hal_gpio.o
 .debug_aranges
                0x00000810       0x80 ./Drivers/STM32F7xx_HAL_Driver/Src/stm32f7xx_hal_pwr_ex.o
 .debug_aranges
                0x00000890       0x88 ./Drivers/STM32F7xx_HAL_Driver/Src/stm32f7xx_hal_rcc.o
 .debug_aranges
                0x00000918      0x1d8 ./Drivers/STM32F7xx_HAL_Driver/Src/stm32f7xx_hal_spi.o
 .debug_aranges
                0x00000af0      0x3e0 ./Drivers/STM32F7xx_HAL_Driver/Src/stm32f7xx_hal_tim.o
 .debug_aranges
                0x00000ed0      0x180 ./Drivers/STM32F7xx_HAL_Driver/Src/stm32f7xx_hal_tim_ex.o

.debug_rnglists
                0x00000000      0xc94
 .debug_rnglists
                0x00000000       0x1b ./Core/Src/BMS.o
 .debug_rnglists
                0x0000001b       0x62 ./Core/Src/LTC6811-1_eTechRacing.o
 .debug_rnglists
                0x0000007d       0x61 ./Core/Src/can_comunication.o
 .debug_rnglists
                0x000000de       0x4c ./Core/Src/eTechRacing.o
 .debug_rnglists
                0x0000012a       0x46 ./Core/Src/errors.o
 .debug_rnglists
                0x00000170       0x61 ./Core/Src/main.o
 .debug_rnglists
                0x000001d1       0x3b ./Core/Src/stm32f7xx_hal_msp.o
 .debug_rnglists
                0x0000020c       0x85 ./Core/Src/stm32f7xx_it.o
 .debug_rnglists
                0x00000291       0x1a ./Core/Src/system_stm32f7xx.o
 .debug_rnglists
                0x000002ab       0x19 ./Core/Startup/startup_stm32f777vitx.o
 .debug_rnglists
                0x000002c4       0xc7 ./Drivers/STM32F7xx_HAL_Driver/Src/stm32f7xx_hal.o
 .debug_rnglists
                0x0000038b       0xee ./Drivers/STM32F7xx_HAL_Driver/Src/stm32f7xx_hal_can.o
 .debug_rnglists
                0x00000479       0xce ./Drivers/STM32F7xx_HAL_Driver/Src/stm32f7xx_hal_cortex.o
 .debug_rnglists
                0x00000547       0x70 ./Drivers/STM32F7xx_HAL_Driver/Src/stm32f7xx_hal_dma.o
 .debug_rnglists
                0x000005b7       0x3f ./Drivers/STM32F7xx_HAL_Driver/Src/stm32f7xx_hal_gpio.o
 .debug_rnglists
                0x000005f6       0x5f ./Drivers/STM32F7xx_HAL_Driver/Src/stm32f7xx_hal_pwr_ex.o
 .debug_rnglists
                0x00000655       0x67 ./Drivers/STM32F7xx_HAL_Driver/Src/stm32f7xx_hal_rcc.o
 .debug_rnglists
                0x000006bc      0x178 ./Drivers/STM32F7xx_HAL_Driver/Src/stm32f7xx_hal_spi.o
 .debug_rnglists
                0x00000834      0x328 ./Drivers/STM32F7xx_HAL_Driver/Src/stm32f7xx_hal_tim.o
 .debug_rnglists
                0x00000b5c      0x138 ./Drivers/STM32F7xx_HAL_Driver/Src/stm32f7xx_hal_tim_ex.o

.debug_macro    0x00000000    0x29ab9
 .debug_macro   0x00000000      0x2d2 ./Core/Src/BMS.o
 .debug_macro   0x000002d2      0xacc ./Core/Src/BMS.o
 .debug_macro   0x00000d9e      0x299 ./Core/Src/BMS.o
 .debug_macro   0x00001037       0x2e ./Core/Src/BMS.o
 .debug_macro   0x00001065       0x3b ./Core/Src/BMS.o
 .debug_macro   0x000010a0       0x22 ./Core/Src/BMS.o
 .debug_macro   0x000010c2       0x8e ./Core/Src/BMS.o
 .debug_macro   0x00001150       0x51 ./Core/Src/BMS.o
 .debug_macro   0x000011a1      0x103 ./Core/Src/BMS.o
 .debug_macro   0x000012a4       0x6a ./Core/Src/BMS.o
 .debug_macro   0x0000130e      0x1df ./Core/Src/BMS.o
 .debug_macro   0x000014ed       0x1c ./Core/Src/BMS.o
 .debug_macro   0x00001509       0x22 ./Core/Src/BMS.o
 .debug_macro   0x0000152b       0xd9 ./Core/Src/BMS.o
 .debug_macro   0x00001604     0x12cd ./Core/Src/BMS.o
 .debug_macro   0x000028d1      0x11f ./Core/Src/BMS.o
 .debug_macro   0x000029f0       0x19 ./Core/Src/BMS.o
 .debug_macro   0x00002a09    0x1b041 ./Core/Src/BMS.o
 .debug_macro   0x0001da4a       0x6d ./Core/Src/BMS.o
 .debug_macro   0x0001dab7     0x3749 ./Core/Src/BMS.o
 .debug_macro   0x00021200      0x189 ./Core/Src/BMS.o
 .debug_macro   0x00021389       0x63 ./Core/Src/BMS.o
 .debug_macro   0x000213ec     0x1b69 ./Core/Src/BMS.o
 .debug_macro   0x00022f55      0x6c4 ./Core/Src/BMS.o
 .debug_macro   0x00023619      0x18b ./Core/Src/BMS.o
 .debug_macro   0x000237a4      0x115 ./Core/Src/BMS.o
 .debug_macro   0x000238b9      0x26e ./Core/Src/BMS.o
 .debug_macro   0x00023b27       0xa5 ./Core/Src/BMS.o
 .debug_macro   0x00023bcc      0x24f ./Core/Src/BMS.o
 .debug_macro   0x00023e1b       0x71 ./Core/Src/BMS.o
 .debug_macro   0x00023e8c       0x58 ./Core/Src/BMS.o
 .debug_macro   0x00023ee4      0x236 ./Core/Src/BMS.o
 .debug_macro   0x0002411a      0x40f ./Core/Src/BMS.o
 .debug_macro   0x00024529      0x14e ./Core/Src/BMS.o
 .debug_macro   0x00024677      0x3db ./Core/Src/BMS.o
 .debug_macro   0x00024a52       0x12 ./Core/Src/BMS.o
 .debug_macro   0x00024a64      0x22c ./Core/Src/BMS.o
 .debug_macro   0x00024c90       0x61 ./Core/Src/BMS.o
 .debug_macro   0x00024cf1       0xa5 ./Core/Src/BMS.o
 .debug_macro   0x00024d96      0x12e ./Core/Src/BMS.o
 .debug_macro   0x00024ec4      0x108 ./Core/Src/BMS.o
 .debug_macro   0x00024fcc       0x35 ./Core/Src/BMS.o
 .debug_macro   0x00025001      0x2fe ./Core/Src/BMS.o
 .debug_macro   0x000252ff      0xa8a ./Core/Src/BMS.o
 .debug_macro   0x00025d89       0xa9 ./Core/Src/BMS.o
 .debug_macro   0x00025e32      0x15b ./Core/Src/BMS.o
 .debug_macro   0x00025f8d       0x40 ./Core/Src/BMS.o
 .debug_macro   0x00025fcd       0x29 ./Core/Src/BMS.o
 .debug_macro   0x00025ff6       0x61 ./Core/Src/BMS.o
 .debug_macro   0x00026057       0x43 ./Core/Src/BMS.o
 .debug_macro   0x0002609a       0x34 ./Core/Src/BMS.o
 .debug_macro   0x000260ce       0x16 ./Core/Src/BMS.o
 .debug_macro   0x000260e4       0x35 ./Core/Src/BMS.o
 .debug_macro   0x00026119       0x16 ./Core/Src/BMS.o
 .debug_macro   0x0002612f       0x43 ./Core/Src/BMS.o
 .debug_macro   0x00026172       0x34 ./Core/Src/BMS.o
 .debug_macro   0x000261a6       0x10 ./Core/Src/BMS.o
 .debug_macro   0x000261b6       0x58 ./Core/Src/BMS.o
 .debug_macro   0x0002620e       0x8e ./Core/Src/BMS.o
 .debug_macro   0x0002629c       0x1c ./Core/Src/BMS.o
 .debug_macro   0x000262b8      0x177 ./Core/Src/BMS.o
 .debug_macro   0x0002642f      0x369 ./Core/Src/BMS.o
 .debug_macro   0x00026798       0x16 ./Core/Src/BMS.o
 .debug_macro   0x000267ae       0x29 ./Core/Src/BMS.o
 .debug_macro   0x000267d7       0x6a ./Core/Src/BMS.o
 .debug_macro   0x00026841      0x328 ./Core/Src/LTC6811-1_eTechRacing.o
 .debug_macro   0x00026b69       0xa0 ./Core/Src/LTC6811-1_eTechRacing.o
 .debug_macro   0x00026c09       0x10 ./Core/Src/LTC6811-1_eTechRacing.o
 .debug_macro   0x00026c19      0x460 ./Core/Src/LTC6811-1_eTechRacing.o
 .debug_macro   0x00027079      0x191 ./Core/Src/LTC6811-1_eTechRacing.o
 .debug_macro   0x0002720a       0x2e ./Core/Src/LTC6811-1_eTechRacing.o
 .debug_macro   0x00027238      0x33b ./Core/Src/can_comunication.o
 .debug_macro   0x00027573       0x34 ./Core/Src/can_comunication.o
 .debug_macro   0x000275a7      0x2e0 ./Core/Src/eTechRacing.o
 .debug_macro   0x00027887       0xa6 ./Core/Src/eTechRacing.o
 .debug_macro   0x0002792d      0x2f0 ./Core/Src/errors.o
 .debug_macro   0x00027c1d      0x342 ./Core/Src/main.o
 .debug_macro   0x00027f5f       0x16 ./Core/Src/main.o
 .debug_macro   0x00027f75       0x10 ./Core/Src/main.o
 .debug_macro   0x00027f85       0x16 ./Core/Src/main.o
 .debug_macro   0x00027f9b       0x16 ./Core/Src/main.o
 .debug_macro   0x00027fb1      0x146 ./Core/Src/main.o
 .debug_macro   0x000280f7      0x1fd ./Core/Src/stm32f7xx_hal_msp.o
 .debug_macro   0x000282f4      0x207 ./Core/Src/stm32f7xx_it.o
 .debug_macro   0x000284fb      0x1ee ./Core/Src/system_stm32f7xx.o
 .debug_macro   0x000286e9      0x212 ./Drivers/STM32F7xx_HAL_Driver/Src/stm32f7xx_hal.o
 .debug_macro   0x000288fb      0x1f6 ./Drivers/STM32F7xx_HAL_Driver/Src/stm32f7xx_hal_can.o
 .debug_macro   0x00028af1      0x1ee ./Drivers/STM32F7xx_HAL_Driver/Src/stm32f7xx_hal_cortex.o
 .debug_macro   0x00028cdf      0x1f4 ./Drivers/STM32F7xx_HAL_Driver/Src/stm32f7xx_hal_dma.o
 .debug_macro   0x00028ed3      0x1f4 ./Drivers/STM32F7xx_HAL_Driver/Src/stm32f7xx_hal_gpio.o
 .debug_macro   0x000290c7      0x206 ./Drivers/STM32F7xx_HAL_Driver/Src/stm32f7xx_hal_pwr_ex.o
 .debug_macro   0x000292cd      0x212 ./Drivers/STM32F7xx_HAL_Driver/Src/stm32f7xx_hal_rcc.o
 .debug_macro   0x000294df      0x1fd ./Drivers/STM32F7xx_HAL_Driver/Src/stm32f7xx_hal_spi.o
 .debug_macro   0x000296dc      0x1ef ./Drivers/STM32F7xx_HAL_Driver/Src/stm32f7xx_hal_tim.o
 .debug_macro   0x000298cb      0x1ee ./Drivers/STM32F7xx_HAL_Driver/Src/stm32f7xx_hal_tim_ex.o

.debug_line     0x00000000    0x14797
 .debug_line    0x00000000      0xa5a ./Core/Src/BMS.o
 .debug_line    0x00000a5a     0x1080 ./Core/Src/LTC6811-1_eTechRacing.o
 .debug_line    0x00001ada      0xf33 ./Core/Src/can_comunication.o
 .debug_line    0x00002a0d      0xd00 ./Core/Src/eTechRacing.o
 .debug_line    0x0000370d      0xc59 ./Core/Src/errors.o
 .debug_line    0x00004366      0xf8b ./Core/Src/main.o
 .debug_line    0x000052f1      0x911 ./Core/Src/stm32f7xx_hal_msp.o
 .debug_line    0x00005c02      0x959 ./Core/Src/stm32f7xx_it.o
 .debug_line    0x0000655b      0x811 ./Core/Src/system_stm32f7xx.o
 .debug_line    0x00006d6c       0x7a ./Core/Startup/startup_stm32f777vitx.o
 .debug_line    0x00006de6      0xae1 ./Drivers/STM32F7xx_HAL_Driver/Src/stm32f7xx_hal.o
 .debug_line    0x000078c7     0x1224 ./Drivers/STM32F7xx_HAL_Driver/Src/stm32f7xx_hal_can.o
 .debug_line    0x00008aeb      0xd29 ./Drivers/STM32F7xx_HAL_Driver/Src/stm32f7xx_hal_cortex.o
 .debug_line    0x00009814     0x1000 ./Drivers/STM32F7xx_HAL_Driver/Src/stm32f7xx_hal_dma.o
 .debug_line    0x0000a814      0xc31 ./Drivers/STM32F7xx_HAL_Driver/Src/stm32f7xx_hal_gpio.o
 .debug_line    0x0000b445      0xa35 ./Drivers/STM32F7xx_HAL_Driver/Src/stm32f7xx_hal_pwr_ex.o
 .debug_line    0x0000be7a      0xf0f ./Drivers/STM32F7xx_HAL_Driver/Src/stm32f7xx_hal_rcc.o
 .debug_line    0x0000cd89     0x2040 ./Drivers/STM32F7xx_HAL_Driver/Src/stm32f7xx_hal_spi.o
 .debug_line    0x0000edc9     0x3d48 ./Drivers/STM32F7xx_HAL_Driver/Src/stm32f7xx_hal_tim.o
 .debug_line    0x00012b11     0x1c86 ./Drivers/STM32F7xx_HAL_Driver/Src/stm32f7xx_hal_tim_ex.o

.debug_str      0x00000000    0xff7a8
 .debug_str     0x00000000    0xf82cd ./Core/Src/BMS.o
                              0xf89ac (size before relaxing)
 .debug_str     0x000f82cd     0x2510 ./Core/Src/LTC6811-1_eTechRacing.o
                              0xfaec2 (size before relaxing)
 .debug_str     0x000fa7dd      0x717 ./Core/Src/can_comunication.o
                              0xfaf75 (size before relaxing)
 .debug_str     0x000faef4      0x125 ./Core/Src/eTechRacing.o
                              0xf8ac0 (size before relaxing)
 .debug_str     0x000fb019      0x147 ./Core/Src/errors.o
                              0xf8aea (size before relaxing)
 .debug_str     0x000fb160      0xf25 ./Core/Src/main.o
                              0xfa71b (size before relaxing)
 .debug_str     0x000fc085      0x74e ./Core/Src/stm32f7xx_hal_msp.o
                              0xf6804 (size before relaxing)
 .debug_str     0x000fc7d3      0x1e7 ./Core/Src/stm32f7xx_it.o
                              0xf6144 (size before relaxing)
 .debug_str     0x000fc9ba      0x1a4 ./Core/Src/system_stm32f7xx.o
                              0xf570f (size before relaxing)
 .debug_str     0x000fcb5e       0x44 ./Core/Startup/startup_stm32f777vitx.o
                                 0x80 (size before relaxing)
 .debug_str     0x000fcba2      0x431 ./Drivers/STM32F7xx_HAL_Driver/Src/stm32f7xx_hal.o
                              0xf615e (size before relaxing)
 .debug_str     0x000fcfd3      0x3a9 ./Drivers/STM32F7xx_HAL_Driver/Src/stm32f7xx_hal_can.o
                              0xf5d15 (size before relaxing)
 .debug_str     0x000fd37c      0x267 ./Drivers/STM32F7xx_HAL_Driver/Src/stm32f7xx_hal_cortex.o
                              0xf610e (size before relaxing)
 .debug_str     0x000fd5e3      0x320 ./Drivers/STM32F7xx_HAL_Driver/Src/stm32f7xx_hal_dma.o
                              0xf5a4e (size before relaxing)
 .debug_str     0x000fd903       0xee ./Drivers/STM32F7xx_HAL_Driver/Src/stm32f7xx_hal_gpio.o
                              0xf57cd (size before relaxing)
 .debug_str     0x000fd9f1      0x1d1 ./Drivers/STM32F7xx_HAL_Driver/Src/stm32f7xx_hal_pwr_ex.o
                              0xf597e (size before relaxing)
 .debug_str     0x000fdbc2      0x23e ./Drivers/STM32F7xx_HAL_Driver/Src/stm32f7xx_hal_rcc.o
                              0xf5a8a (size before relaxing)
 .debug_str     0x000fde00      0x562 ./Drivers/STM32F7xx_HAL_Driver/Src/stm32f7xx_hal_spi.o
                              0xf5f4f (size before relaxing)
 .debug_str     0x000fe362      0xe47 ./Drivers/STM32F7xx_HAL_Driver/Src/stm32f7xx_hal_tim.o
                              0xf6a22 (size before relaxing)
 .debug_str     0x000ff1a9      0x5ff ./Drivers/STM32F7xx_HAL_Driver/Src/stm32f7xx_hal_tim_ex.o
                              0xf6338 (size before relaxing)

.comment        0x00000000       0x43
 .comment       0x00000000       0x43 ./Core/Src/BMS.o
                                 0x44 (size before relaxing)
 .comment       0x00000043       0x44 ./Core/Src/LTC6811-1_eTechRacing.o
 .comment       0x00000043       0x44 ./Core/Src/can_comunication.o
 .comment       0x00000043       0x44 ./Core/Src/eTechRacing.o
 .comment       0x00000043       0x44 ./Core/Src/errors.o
 .comment       0x00000043       0x44 ./Core/Src/main.o
 .comment       0x00000043       0x44 ./Core/Src/stm32f7xx_hal_msp.o
 .comment       0x00000043       0x44 ./Core/Src/stm32f7xx_it.o
 .comment       0x00000043       0x44 ./Core/Src/system_stm32f7xx.o
 .comment       0x00000043       0x44 ./Drivers/STM32F7xx_HAL_Driver/Src/stm32f7xx_hal.o
 .comment       0x00000043       0x44 ./Drivers/STM32F7xx_HAL_Driver/Src/stm32f7xx_hal_can.o
 .comment       0x00000043       0x44 ./Drivers/STM32F7xx_HAL_Driver/Src/stm32f7xx_hal_cortex.o
 .comment       0x00000043       0x44 ./Drivers/STM32F7xx_HAL_Driver/Src/stm32f7xx_hal_dma.o
 .comment       0x00000043       0x44 ./Drivers/STM32F7xx_HAL_Driver/Src/stm32f7xx_hal_gpio.o
 .comment       0x00000043       0x44 ./Drivers/STM32F7xx_HAL_Driver/Src/stm32f7xx_hal_pwr_ex.o
 .comment       0x00000043       0x44 ./Drivers/STM32F7xx_HAL_Driver/Src/stm32f7xx_hal_rcc.o
 .comment       0x00000043       0x44 ./Drivers/STM32F7xx_HAL_Driver/Src/stm32f7xx_hal_spi.o
 .comment       0x00000043       0x44 ./Drivers/STM32F7xx_HAL_Driver/Src/stm32f7xx_hal_tim.o
 .comment       0x00000043       0x44 ./Drivers/STM32F7xx_HAL_Driver/Src/stm32f7xx_hal_tim_ex.o

.debug_frame    0x00000000     0x4504
 .debug_frame   0x00000000       0x64 ./Core/Src/BMS.o
 .debug_frame   0x00000064      0x280 ./Core/Src/LTC6811-1_eTechRacing.o
 .debug_frame   0x000002e4      0x238 ./Core/Src/can_comunication.o
 .debug_frame   0x0000051c      0x19c ./Core/Src/eTechRacing.o
 .debug_frame   0x000006b8      0x164 ./Core/Src/errors.o
 .debug_frame   0x0000081c      0x1c0 ./Core/Src/main.o
 .debug_frame   0x000009dc      0x110 ./Core/Src/stm32f7xx_hal_msp.o
 .debug_frame   0x00000aec      0x238 ./Core/Src/stm32f7xx_it.o
 .debug_frame   0x00000d24       0x58 ./Core/Src/system_stm32f7xx.o
 .debug_frame   0x00000d7c      0x3f4 ./Drivers/STM32F7xx_HAL_Driver/Src/stm32f7xx_hal.o
 .debug_frame   0x00001170      0x5a0 ./Drivers/STM32F7xx_HAL_Driver/Src/stm32f7xx_hal_can.o
 .debug_frame   0x00001710      0x498 ./Drivers/STM32F7xx_HAL_Driver/Src/stm32f7xx_hal_cortex.o
 .debug_frame   0x00001ba8      0x250 ./Drivers/STM32F7xx_HAL_Driver/Src/stm32f7xx_hal_dma.o
 .debug_frame   0x00001df8      0x14c ./Drivers/STM32F7xx_HAL_Driver/Src/stm32f7xx_hal_gpio.o
 .debug_frame   0x00001f44      0x1c8 ./Drivers/STM32F7xx_HAL_Driver/Src/stm32f7xx_hal_pwr_ex.o
 .debug_frame   0x0000210c      0x1f8 ./Drivers/STM32F7xx_HAL_Driver/Src/stm32f7xx_hal_rcc.o
 .debug_frame   0x00002304      0x860 ./Drivers/STM32F7xx_HAL_Driver/Src/stm32f7xx_hal_spi.o
 .debug_frame   0x00002b64     0x121c ./Drivers/STM32F7xx_HAL_Driver/Src/stm32f7xx_hal_tim.o
 .debug_frame   0x00003d80      0x6b0 ./Drivers/STM32F7xx_HAL_Driver/Src/stm32f7xx_hal_tim_ex.o
 .debug_frame   0x00004430       0x20 C:/ST/STM32CubeIDE_1.13.0/STM32CubeIDE/plugins/com.st.stm32cube.ide.mcu.externaltools.gnu-tools-for-stm32.12.3.rel1.win32_1.0.100.202403111256/tools/bin/../lib/gcc/arm-none-eabi/12.3.1/../../../../arm-none-eabi/lib/thumb/v7e-m+dp/hard\libc_nano.a(libc_a-memset.o)
 .debug_frame   0x00004450       0x2c C:/ST/STM32CubeIDE_1.13.0/STM32CubeIDE/plugins/com.st.stm32cube.ide.mcu.externaltools.gnu-tools-for-stm32.12.3.rel1.win32_1.0.100.202403111256/tools/bin/../lib/gcc/arm-none-eabi/12.3.1/../../../../arm-none-eabi/lib/thumb/v7e-m+dp/hard\libc_nano.a(libc_a-init.o)
 .debug_frame   0x0000447c       0x28 C:/ST/STM32CubeIDE_1.13.0/STM32CubeIDE/plugins/com.st.stm32cube.ide.mcu.externaltools.gnu-tools-for-stm32.12.3.rel1.win32_1.0.100.202403111256/tools/bin/../lib/gcc/arm-none-eabi/12.3.1/../../../../arm-none-eabi/lib/thumb/v7e-m+dp/hard\libc_nano.a(libc_a-memcpy-stub.o)
 .debug_frame   0x000044a4       0x2c C:/ST/STM32CubeIDE_1.13.0/STM32CubeIDE/plugins/com.st.stm32cube.ide.mcu.externaltools.gnu-tools-for-stm32.12.3.rel1.win32_1.0.100.202403111256/tools/bin/../lib/gcc/arm-none-eabi/12.3.1/thumb/v7e-m+dp/hard\libgcc.a(_aeabi_uldivmod.o)
 .debug_frame   0x000044d0       0x34 C:/ST/STM32CubeIDE_1.13.0/STM32CubeIDE/plugins/com.st.stm32cube.ide.mcu.externaltools.gnu-tools-for-stm32.12.3.rel1.win32_1.0.100.202403111256/tools/bin/../lib/gcc/arm-none-eabi/12.3.1/thumb/v7e-m+dp/hard\libgcc.a(_udivmoddi4.o)

.debug_line_str
                0x00000000       0x64
 .debug_line_str
                0x00000000       0x64 ./Core/Startup/startup_stm32f777vitx.o
