../Core/Src/main.c:188:5:main	160	static
../Core/Src/main.c:337:6:SystemClock_Config	120	static
../Core/Src/main.c:397:13:MX_FDCAN1_Init	8	static
../Core/Src/main.c:450:13:MX_FDCAN2_Init	8	static
../Core/Src/main.c:503:13:MX_SPI1_Init	8	static
../Core/Src/main.c:551:13:MX_TIM13_Init	8	static
../Core/Src/main.c:582:13:MX_TIM14_Init	8	static
../Core/Src/main.c:613:13:MX_GPIO_Init	56	static
../Core/Src/main.c:677:13:FDCAN_Config	72	static
../Core/Src/main.c:736:6:HAL_FDCAN_RxFifo0Callback	16	static
../Core/Src/main.c:784:6:HAL_TIM_PeriodElapsedCallback	352	static
../Core/Src/main.c:841:6:MPU_Config	24	static
../Core/Src/main.c:872:6:Error_Handler	4	static,ignoring_inline_asm
