Archive member included to satisfy reference by file (symbol)

C:/ST/STM32CubeIDE_1.13.1/STM32CubeIDE/plugins/com.st.stm32cube.ide.mcu.externaltools.gnu-tools-for-stm32.11.3.rel1.win32_1.1.100.202309141235/tools/bin/../lib/gcc/arm-none-eabi/11.3.1/../../../../arm-none-eabi/lib/thumb/v7e-m+fp/hard\libc_nano.a(libc_a-exit.o)
                              C:/ST/STM32CubeIDE_1.13.1/STM32CubeIDE/plugins/com.st.stm32cube.ide.mcu.externaltools.gnu-tools-for-stm32.11.3.rel1.win32_1.1.100.202309141235/tools/bin/../lib/gcc/arm-none-eabi/11.3.1/../../../../arm-none-eabi/lib/thumb/v7e-m+fp/hard/crt0.o (exit)
C:/ST/STM32CubeIDE_1.13.1/STM32CubeIDE/plugins/com.st.stm32cube.ide.mcu.externaltools.gnu-tools-for-stm32.11.3.rel1.win32_1.1.100.202309141235/tools/bin/../lib/gcc/arm-none-eabi/11.3.1/../../../../arm-none-eabi/lib/thumb/v7e-m+fp/hard\libc_nano.a(libc_a-malloc.o)
                              ./Core/Src/LTC6811-1_eTechRacing.o (malloc)
C:/ST/STM32CubeIDE_1.13.1/STM32CubeIDE/plugins/com.st.stm32cube.ide.mcu.externaltools.gnu-tools-for-stm32.11.3.rel1.win32_1.1.100.202309141235/tools/bin/../lib/gcc/arm-none-eabi/11.3.1/../../../../arm-none-eabi/lib/thumb/v7e-m+fp/hard\libc_nano.a(libc_a-mallocr.o)
                              C:/ST/STM32CubeIDE_1.13.1/STM32CubeIDE/plugins/com.st.stm32cube.ide.mcu.externaltools.gnu-tools-for-stm32.11.3.rel1.win32_1.1.100.202309141235/tools/bin/../lib/gcc/arm-none-eabi/11.3.1/../../../../arm-none-eabi/lib/thumb/v7e-m+fp/hard\libc_nano.a(libc_a-malloc.o) (_malloc_r)
C:/ST/STM32CubeIDE_1.13.1/STM32CubeIDE/plugins/com.st.stm32cube.ide.mcu.externaltools.gnu-tools-for-stm32.11.3.rel1.win32_1.1.100.202309141235/tools/bin/../lib/gcc/arm-none-eabi/11.3.1/../../../../arm-none-eabi/lib/thumb/v7e-m+fp/hard\libc_nano.a(libc_a-mlock.o)
                              C:/ST/STM32CubeIDE_1.13.1/STM32CubeIDE/plugins/com.st.stm32cube.ide.mcu.externaltools.gnu-tools-for-stm32.11.3.rel1.win32_1.1.100.202309141235/tools/bin/../lib/gcc/arm-none-eabi/11.3.1/../../../../arm-none-eabi/lib/thumb/v7e-m+fp/hard\libc_nano.a(libc_a-mallocr.o) (__malloc_lock)
C:/ST/STM32CubeIDE_1.13.1/STM32CubeIDE/plugins/com.st.stm32cube.ide.mcu.externaltools.gnu-tools-for-stm32.11.3.rel1.win32_1.1.100.202309141235/tools/bin/../lib/gcc/arm-none-eabi/11.3.1/../../../../arm-none-eabi/lib/thumb/v7e-m+fp/hard\libc_nano.a(libc_a-findfp.o)
                              C:/ST/STM32CubeIDE_1.13.1/STM32CubeIDE/plugins/com.st.stm32cube.ide.mcu.externaltools.gnu-tools-for-stm32.11.3.rel1.win32_1.1.100.202309141235/tools/bin/../lib/gcc/arm-none-eabi/11.3.1/../../../../arm-none-eabi/lib/thumb/v7e-m+fp/hard\libc_nano.a(libc_a-exit.o) (__stdio_exit_handler)
C:/ST/STM32CubeIDE_1.13.1/STM32CubeIDE/plugins/com.st.stm32cube.ide.mcu.externaltools.gnu-tools-for-stm32.11.3.rel1.win32_1.1.100.202309141235/tools/bin/../lib/gcc/arm-none-eabi/11.3.1/../../../../arm-none-eabi/lib/thumb/v7e-m+fp/hard\libc_nano.a(libc_a-fwalk.o)
                              C:/ST/STM32CubeIDE_1.13.1/STM32CubeIDE/plugins/com.st.stm32cube.ide.mcu.externaltools.gnu-tools-for-stm32.11.3.rel1.win32_1.1.100.202309141235/tools/bin/../lib/gcc/arm-none-eabi/11.3.1/../../../../arm-none-eabi/lib/thumb/v7e-m+fp/hard\libc_nano.a(libc_a-findfp.o) (_fwalk_sglue)
C:/ST/STM32CubeIDE_1.13.1/STM32CubeIDE/plugins/com.st.stm32cube.ide.mcu.externaltools.gnu-tools-for-stm32.11.3.rel1.win32_1.1.100.202309141235/tools/bin/../lib/gcc/arm-none-eabi/11.3.1/../../../../arm-none-eabi/lib/thumb/v7e-m+fp/hard\libc_nano.a(libc_a-stdio.o)
                              C:/ST/STM32CubeIDE_1.13.1/STM32CubeIDE/plugins/com.st.stm32cube.ide.mcu.externaltools.gnu-tools-for-stm32.11.3.rel1.win32_1.1.100.202309141235/tools/bin/../lib/gcc/arm-none-eabi/11.3.1/../../../../arm-none-eabi/lib/thumb/v7e-m+fp/hard\libc_nano.a(libc_a-findfp.o) (__sread)
C:/ST/STM32CubeIDE_1.13.1/STM32CubeIDE/plugins/com.st.stm32cube.ide.mcu.externaltools.gnu-tools-for-stm32.11.3.rel1.win32_1.1.100.202309141235/tools/bin/../lib/gcc/arm-none-eabi/11.3.1/../../../../arm-none-eabi/lib/thumb/v7e-m+fp/hard\libc_nano.a(libc_a-memset.o)
                              C:/ST/STM32CubeIDE_1.13.1/STM32CubeIDE/plugins/com.st.stm32cube.ide.mcu.externaltools.gnu-tools-for-stm32.11.3.rel1.win32_1.1.100.202309141235/tools/bin/../lib/gcc/arm-none-eabi/11.3.1/../../../../arm-none-eabi/lib/thumb/v7e-m+fp/hard/crt0.o (memset)
C:/ST/STM32CubeIDE_1.13.1/STM32CubeIDE/plugins/com.st.stm32cube.ide.mcu.externaltools.gnu-tools-for-stm32.11.3.rel1.win32_1.1.100.202309141235/tools/bin/../lib/gcc/arm-none-eabi/11.3.1/../../../../arm-none-eabi/lib/thumb/v7e-m+fp/hard\libc_nano.a(libc_a-closer.o)
                              C:/ST/STM32CubeIDE_1.13.1/STM32CubeIDE/plugins/com.st.stm32cube.ide.mcu.externaltools.gnu-tools-for-stm32.11.3.rel1.win32_1.1.100.202309141235/tools/bin/../lib/gcc/arm-none-eabi/11.3.1/../../../../arm-none-eabi/lib/thumb/v7e-m+fp/hard\libc_nano.a(libc_a-stdio.o) (_close_r)
[...]
Memory Configuration

Name             Origin             Length             Attributes
RAM              0x0000000020000000 0x0000000000050000 xrw
RAM2             0x0000000010000000 0x0000000000010000 xrw
FLASH            0x0000000008000000 0x0000000000100000 xr
*default*        0x0000000000000000 0xffffffffffffffff

Linker script and memory map

LOAD C:/ST/STM32CubeIDE_1.13.1/STM32CubeIDE/plugins/com.st.stm32cube.ide.mcu.externaltools.gnu-tools-for-stm32.11.3.rel1.win32_1.1.100.202309141235/tools/bin/../lib/gcc/arm-none-eabi/11.3.1/thumb/v7e-m+fp/hard/crti.o
LOAD C:/ST/STM32CubeIDE_1.13.1/STM32CubeIDE/plugins/com.st.stm32cube.ide.mcu.externaltools.gnu-tools-for-stm32.11.3.rel1.win32_1.1.100.202309141235/tools/bin/../lib/gcc/arm-none-eabi/11.3.1/thumb/v7e-m+fp/hard/crtbegin.o
LOAD C:/ST/STM32CubeIDE_1.13.1/STM32CubeIDE/plugins/com.st.stm32cube.ide.mcu.externaltools.gnu-tools-for-stm32.11.3.rel1.win32_1.1.100.202309141235/tools/bin/../lib/gcc/arm-none-eabi/11.3.1/../../../../arm-none-eabi/lib/thumb/v7e-m+fp/hard/crt0.o
LOAD ./Core/Src/LTC6811-1_eTechRacing.o
LOAD ./Core/Src/eTechRacing.o
LOAD ./Core/Src/main.o
LOAD ./Core/Src/stm32l4xx_hal_msp.o
LOAD ./Core/Src/stm32l4xx_it.o
LOAD ./Core/Src/syscalls.o
LOAD ./Core/Src/sysmem.o
LOAD ./Core/Src/system_stm32l4xx.o
LOAD ./Core/Startup/startup_stm32l496zgtx.o
LOAD ./Drivers/STM32L4xx_HAL_Driver/Src/stm32l4xx_hal.o
LOAD ./Drivers/STM32L4xx_HAL_Driver/Src/stm32l4xx_hal_cortex.o
LOAD ./Drivers/STM32L4xx_HAL_Driver/Src/stm32l4xx_hal_dma.o
LOAD ./Drivers/STM32L4xx_HAL_Driver/Src/stm32l4xx_hal_dma_ex.o
LOAD ./Drivers/STM32L4xx_HAL_Driver/Src/stm32l4xx_hal_exti.o
LOAD ./Drivers/STM32L4xx_HAL_Driver/Src/stm32l4xx_hal_flash.o
LOAD ./Drivers/STM32L4xx_HAL_Driver/Src/stm32l4xx_hal_flash_ex.o
LOAD ./Drivers/STM32L4xx_HAL_Driver/Src/stm32l4xx_hal_flash_ramfunc.o
LOAD ./Drivers/STM32L4xx_HAL_Driver/Src/stm32l4xx_hal_gpio.o
LOAD ./Drivers/STM32L4xx_HAL_Driver/Src/stm32l4xx_hal_i2c.o
LOAD ./Drivers/STM32L4xx_HAL_Driver/Src/stm32l4xx_hal_i2c_ex.o
LOAD ./Drivers/STM32L4xx_HAL_Driver/Src/stm32l4xx_hal_pcd.o
LOAD ./Drivers/STM32L4xx_HAL_Driver/Src/stm32l4xx_hal_pcd_ex.o
LOAD ./Drivers/STM32L4xx_HAL_Driver/Src/stm32l4xx_hal_pwr.o
LOAD ./Drivers/STM32L4xx_HAL_Driver/Src/stm32l4xx_hal_pwr_ex.o
LOAD ./Drivers/STM32L4xx_HAL_Driver/Src/stm32l4xx_hal_rcc.o
LOAD ./Drivers/STM32L4xx_HAL_Driver/Src/stm32l4xx_hal_rcc_ex.o
LOAD ./Drivers/STM32L4xx_HAL_Driver/Src/stm32l4xx_hal_spi.o
LOAD ./Drivers/STM32L4xx_HAL_Driver/Src/stm32l4xx_hal_spi_ex.o
LOAD ./Drivers/STM32L4xx_HAL_Driver/Src/stm32l4xx_hal_tim.o
LOAD ./Drivers/STM32L4xx_HAL_Driver/Src/stm32l4xx_hal_tim_ex.o
LOAD ./Drivers/STM32L4xx_HAL_Driver/Src/stm32l4xx_ll_usb.o
START GROUP
LOAD C:/ST/STM32CubeIDE_1.13.1/STM32CubeIDE/plugins/com.st.stm32cube.ide.mcu.externaltools.gnu-tools-for-stm32.11.3.rel1.win32_1.1.100.202309141235/tools/bin/../lib/gcc/arm-none-eabi/11.3.1/../../../../arm-none-eabi/lib/thumb/v7e-m+fp/hard\libc_nano.a
LOAD C:/ST/STM32CubeIDE_1.13.1/STM32CubeIDE/plugins/com.st.stm32cube.ide.mcu.externaltools.gnu-tools-for-stm32.11.3.rel1.win32_1.1.100.202309141235/tools/bin/../lib/gcc/arm-none-eabi/11.3.1/../../../../arm-none-eabi/lib/thumb/v7e-m+fp/hard\libm.a
END GROUP
START GROUP
LOAD C:/ST/STM32CubeIDE_1.13.1/STM32CubeIDE/plugins/com.st.stm32cube.ide.mcu.externaltools.gnu-tools-for-stm32.11.3.rel1.win32_1.1.100.202309141235/tools/bin/../lib/gcc/arm-none-eabi/11.3.1/thumb/v7e-m+fp/hard\libgcc.a
LOAD C:/ST/STM32CubeIDE_1.13.1/STM32CubeIDE/plugins/com.st.stm32cube.ide.mcu.externaltools.gnu-tools-for-stm32.11.3.rel1.win32_1.1.100.202309141235/tools/bin/../lib/gcc/arm-none-eabi/11.3.1/../../../../arm-none-eabi/lib/thumb/v7e-m+fp/hard\libc_nano.a
END GROUP
START GROUP
LOAD C:/ST/STM32CubeIDE_1.13.1/STM32CubeIDE/plugins/com.st.stm32cube.ide.mcu.externaltools.gnu-tools-for-stm32.11.3.rel1.win32_1.1.100.202309141235/tools/bin/../lib/gcc/arm-none-eabi/11.3.1/thumb/v7e-m+fp/hard\libgcc.a
LOAD C:/ST/STM32CubeIDE_1.13.1/STM32CubeIDE/plugins/com.st.stm32cube.ide.mcu.externaltools.gnu-tools-for-stm32.11.3.rel1.win32_1.1.100.202309141235/tools/bin/../lib/gcc/arm-none-eabi/11.3.1/../../../../arm-none-eabi/lib/thumb/v7e-m+fp/hard\libc_nano.a
LOAD C:/ST/STM32CubeIDE_1.13.1/STM32CubeIDE/plugins/com.st.stm32cube.ide.mcu.externaltools.gnu-tools-for-stm32.11.3.rel1.win32_1.1.100.202309141235/tools/bin/../lib/gcc/arm-none-eabi/11.3.1/../../../../arm-none-eabi/lib/thumb/v7e-m+fp/hard\libnosys.a
END GROUP
START GROUP
LOAD C:/ST/STM32CubeIDE_1.13.1/STM32CubeIDE/plugins/com.st.stm32cube.ide.mcu.externaltools.gnu-tools-for-stm32.11.3.rel1.win32_1.1.100.202309141235/tools/bin/../lib/gcc/arm-none-eabi/11.3.1/thumb/v7e-m+fp/hard\libgcc.a
LOAD C:/ST/STM32CubeIDE_1.13.1/STM32CubeIDE/plugins/com.st.stm32cube.ide.mcu.externaltools.gnu-tools-for-stm32.11.3.rel1.win32_1.1.100.202309141235/tools/bin/../lib/gcc/arm-none-eabi/11.3.1/../../../../arm-none-eabi/lib/thumb/v7e-m+fp/hard\libc_nano.a
LOAD C:/ST/STM32CubeIDE_1.13.1/STM32CubeIDE/plugins/com.st.stm32cube.ide.mcu.externaltools.gnu-tools-for-stm32.11.3.rel1.win32_1.1.100.202309141235/tools/bin/../lib/gcc/arm-none-eabi/11.3.1/../../../../arm-none-eabi/lib/thumb/v7e-m+fp/hard\libnosys.a
END GROUP
LOAD C:/ST/STM32CubeIDE_1.13.1/STM32CubeIDE/plugins/com.st.stm32cube.ide.mcu.externaltools.gnu-tools-for-stm32.11.3.rel1.win32_1.1.100.202309141235/tools/bin/../lib/gcc/arm-none-eabi/11.3.1/thumb/v7e-m+fp/hard/crtend.o
LOAD C:/ST/STM32CubeIDE_1.13.1/STM32CubeIDE/plugins/com.st.stm32cube.ide.mcu.externaltools.gnu-tools-for-stm32.11.3.rel1.win32_1.1.100.202309141235/tools/bin/../lib/gcc/arm-none-eabi/11.3.1/thumb/v7e-m+fp/hard/crtn.o
                0x0000000020050000                _estack = (ORIGIN (RAM) + LENGTH (RAM))
                0x0000000000000200                _Min_Heap_Size = 0x200
                0x0000000000000400                _Min_Stack_Size = 0x400

.isr_vector     0x0000000008000000      0x1ac
                0x0000000008000000                . = ALIGN (0x4)
 *(.isr_vector)
 .isr_vector    0x0000000008000000      0x1ac ./Core/Startup/startup_stm32l496zgtx.o
                0x0000000008000000                g_pfnVectors
                0x00000000080001ac                . = ALIGN (0x4)

.text           0x00000000080001ac     0x531c
                0x00000000080001ac                . = ALIGN (0x4)
 *(.text)
 .text          0x00000000080001ac       0x40 C:/ST/STM32CubeIDE_1.13.1/STM32CubeIDE/plugins/com.st.stm32cube.ide.mcu.externaltools.gnu-tools-for-stm32.11.3.rel1.win32_1.1.100.202309141235/tools/bin/../lib/gcc/arm-none-eabi/11.3.1/thumb/v7e-m+fp/hard/crtbegin.o
 *(.text*)
 .text.Balancing
                0x00000000080001ec       0xb2 ./Core/Src/LTC6811-1_eTechRacing.o
                0x00000000080001ec                Balancing
 *fill*         0x000000000800029e        0x2 
 .text.outputCS
                0x00000000080002a0       0x34 ./Core/Src/LTC6811-1_eTechRacing.o
                0x00000000080002a0                outputCS
 .text.wakeup_idle
                0x00000000080002d4       0x3e ./Core/Src/LTC6811-1_eTechRacing.o
                0x00000000080002d4                wakeup_idle
 .text.wakeup_sleep
                0x0000000008000312       0x80 ./Core/Src/LTC6811-1_eTechRacing.o
                0x0000000008000312                wakeup_sleep
 *fill*         0x0000000008000392        0x2 
 .text.pec15_calc
                0x0000000008000394       0x70 ./Core/Src/LTC6811-1_eTechRacing.o
                0x0000000008000394                pec15_calc
 .text.set_pwm  0x0000000008000404      0x124 ./Core/Src/LTC6811-1_eTechRacing.o
                0x0000000008000404                set_pwm
 .text.ltc6811_wrpwm
                0x0000000008000528      0x19c ./Core/Src/LTC6811-1_eTechRacing.o
                0x0000000008000528                ltc6811_wrpwm
 .text.set_cfgr
                0x00000000080006c4       0xfc ./Core/Src/LTC6811-1_eTechRacing.o
                0x00000000080006c4                set_cfgr
 .text.ltc6811_wrcfg
                0x00000000080007c0      0x18a ./Core/Src/LTC6811-1_eTechRacing.o
                0x00000000080007c0                ltc6811_wrcfg
 .text.ltc6811_adcv
                0x000000000800094a       0xac ./Core/Src/LTC6811-1_eTechRacing.o
                0x000000000800094a                ltc6811_adcv
 .text.ltc6811_rdcv
                0x00000000080009f6      0x248 ./Core/Src/LTC6811-1_eTechRacing.o
                0x00000000080009f6                ltc6811_rdcv
 .text.ltc6811_rdcv_reg
                0x0000000008000c3e      0x152 ./Core/Src/LTC6811-1_eTechRacing.o
                0x0000000008000c3e                ltc6811_rdcv_reg
 .text.ltc6811_adax
                0x0000000008000d90       0xa4 ./Core/Src/LTC6811-1_eTechRacing.o
                0x0000000008000d90                ltc6811_adax
 .text.ltc6811_rdaux
                0x0000000008000e34      0x296 ./Core/Src/LTC6811-1_eTechRacing.o
                0x0000000008000e34                ltc6811_rdaux
 .text.ltc6811_rdaux_reg
                0x00000000080010ca      0x12c ./Core/Src/LTC6811-1_eTechRacing.o
                0x00000000080010ca                ltc6811_rdaux_reg
 .text.delay_us
                0x00000000080011f6       0x36 ./Core/Src/eTechRacing.o
                0x00000000080011f6                delay_us
 .text.spi_transmit_recieve
                0x000000000800122c       0x6c ./Core/Src/eTechRacing.o
                0x000000000800122c                spi_transmit_recieve
 .text.main     0x0000000008001298      0x230 ./Core/Src/main.o
                0x0000000008001298                main
 .text.SystemClock_Config
                0x00000000080014c8       0xc8 ./Core/Src/main.o
                0x00000000080014c8                SystemClock_Config
 .text.MX_SPI1_Init
                0x0000000008001590       0x7c ./Core/Src/main.o
 .text.MX_TIM1_Init
                0x000000000800160c       0xa8 ./Core/Src/main.o
 .text.MX_USB_OTG_FS_PCD_Init
                0x00000000080016b4       0x5c ./Core/Src/main.o
 .text.MX_GPIO_Init
                0x0000000008001710      0x150 ./Core/Src/main.o
 .text.Error_Handler
                0x0000000008001860        0xa ./Core/Src/main.o
                0x0000000008001860                Error_Handler
 *fill*         0x000000000800186a        0x2 
 .text.HAL_MspInit
                0x000000000800186c       0x48 ./Core/Src/stm32l4xx_hal_msp.o
                0x000000000800186c                HAL_MspInit
 .text.HAL_SPI_MspInit
                0x00000000080018b4       0x84 ./Core/Src/stm32l4xx_hal_msp.o
                0x00000000080018b4                HAL_SPI_MspInit
 .text.HAL_TIM_Base_MspInit
                0x0000000008001938       0x40 ./Core/Src/stm32l4xx_hal_msp.o
                0x0000000008001938                HAL_TIM_Base_MspInit
 .text.HAL_PCD_MspInit
                0x0000000008001978      0x138 ./Core/Src/stm32l4xx_hal_msp.o
                0x0000000008001978                HAL_PCD_MspInit
 .text.NMI_Handler
                0x0000000008001ab0        0x6 ./Core/Src/stm32l4xx_it.o
                0x0000000008001ab0                NMI_Handler
 .text.HardFault_Handler
                0x0000000008001ab6        0x6 ./Core/Src/stm32l4xx_it.o
                0x0000000008001ab6                HardFault_Handler
 .text.MemManage_Handler
                0x0000000008001abc        0x6 ./Core/Src/stm32l4xx_it.o
                0x0000000008001abc                MemManage_Handler
 .text.BusFault_Handler
                0x0000000008001ac2        0x6 ./Core/Src/stm32l4xx_it.o
                0x0000000008001ac2                BusFault_Handler
 .text.UsageFault_Handler
                0x0000000008001ac8        0x6 ./Core/Src/stm32l4xx_it.o
                0x0000000008001ac8                UsageFault_Handler
 .text.SVC_Handler
                0x0000000008001ace        0xe ./Core/Src/stm32l4xx_it.o
                0x0000000008001ace                SVC_Handler
 .text.DebugMon_Handler
                0x0000000008001adc        0xe ./Core/Src/stm32l4xx_it.o
                0x0000000008001adc                DebugMon_Handler
 .text.PendSV_Handler
                0x0000000008001aea        0xe ./Core/Src/stm32l4xx_it.o
                0x0000000008001aea                PendSV_Handler
 .text.SysTick_Handler
                0x0000000008001af8        0xc ./Core/Src/stm32l4xx_it.o
                0x0000000008001af8                SysTick_Handler
 .text._sbrk    0x0000000008001b04       0x6c ./Core/Src/sysmem.o
                0x0000000008001b04                _sbrk
 .text.SystemInit
                0x0000000008001b70       0x24 ./Core/Src/system_stm32l4xx.o
                0x0000000008001b70                SystemInit
 .text.Reset_Handler
                0x0000000008001b94       0x50 ./Core/Startup/startup_stm32l496zgtx.o
                0x0000000008001b94                Reset_Handler
 .text.Default_Handler
                0x0000000008001be4        0x2 ./Core/Startup/startup_stm32l496zgtx.o
                0x0000000008001be4                RTC_Alarm_IRQHandler
                0x0000000008001be4                EXTI2_IRQHandler
                0x0000000008001be4                TIM8_TRG_COM_IRQHandler
                0x0000000008001be4                TIM8_CC_IRQHandler
                0x0000000008001be4                TIM1_CC_IRQHandler
                0x0000000008001be4                TSC_IRQHandler
                0x0000000008001be4                TAMP_STAMP_IRQHandler
                0x0000000008001be4                CAN2_RX1_IRQHandler
                0x0000000008001be4                EXTI3_IRQHandler
                0x0000000008001be4                LPTIM2_IRQHandler
                0x0000000008001be4                DFSDM1_FLT1_IRQHandler
                0x0000000008001be4                I2C3_ER_IRQHandler
                0x0000000008001be4                DFSDM1_FLT2_IRQHandler
                0x0000000008001be4                EXTI0_IRQHandler
                0x0000000008001be4                I2C2_EV_IRQHandler
                0x0000000008001be4                CAN1_RX0_IRQHandler
                0x0000000008001be4                FPU_IRQHandler
                0x0000000008001be4                TIM1_UP_TIM16_IRQHandler
                0x0000000008001be4                CAN2_SCE_IRQHandler
                0x0000000008001be4                ADC1_2_IRQHandler
                0x0000000008001be4                SPI1_IRQHandler
                0x0000000008001be4                TIM6_DAC_IRQHandler
                0x0000000008001be4                DCMI_IRQHandler
                0x0000000008001be4                CAN2_RX0_IRQHandler
                0x0000000008001be4                TIM8_UP_IRQHandler
                0x0000000008001be4                DMA2_Channel2_IRQHandler
                0x0000000008001be4                DMA1_Channel4_IRQHandler
                0x0000000008001be4                SAI2_IRQHandler
                0x0000000008001be4                DFSDM1_FLT3_IRQHandler
                0x0000000008001be4                USART3_IRQHandler
                0x0000000008001be4                DMA1_Channel7_IRQHandler
                0x0000000008001be4                CAN1_RX1_IRQHandler
                0x0000000008001be4                LCD_IRQHandler
                0x0000000008001be4                UART5_IRQHandler
                0x0000000008001be4                ADC3_IRQHandler
                0x0000000008001be4                TIM4_IRQHandler
                0x0000000008001be4                DMA2_Channel1_IRQHandler
                0x0000000008001be4                QUADSPI_IRQHandler
                0x0000000008001be4                I2C1_EV_IRQHandler
                0x0000000008001be4                DMA1_Channel6_IRQHandler
                0x0000000008001be4                UART4_IRQHandler
                0x0000000008001be4                DMA2_Channel4_IRQHandler
                0x0000000008001be4                TIM3_IRQHandler
                0x0000000008001be4                RCC_IRQHandler
                0x0000000008001be4                DMA1_Channel1_IRQHandler
                0x0000000008001be4                Default_Handler
                0x0000000008001be4                DMA2_Channel7_IRQHandler
                0x0000000008001be4                EXTI15_10_IRQHandler
                0x0000000008001be4                TIM7_IRQHandler
                0x0000000008001be4                SDMMC1_IRQHandler
                0x0000000008001be4                CAN2_TX_IRQHandler
                0x0000000008001be4                TIM5_IRQHandler
                0x0000000008001be4                I2C3_EV_IRQHandler
                0x0000000008001be4                EXTI9_5_IRQHandler
                0x0000000008001be4                RTC_WKUP_IRQHandler
                0x0000000008001be4                PVD_PVM_IRQHandler
                0x0000000008001be4                SPI2_IRQHandler
                0x0000000008001be4                CAN1_TX_IRQHandler
                0x0000000008001be4                DMA2_Channel5_IRQHandler
                0x0000000008001be4                CRS_IRQHandler
                0x0000000008001be4                DMA1_Channel5_IRQHandler
                0x0000000008001be4                EXTI4_IRQHandler
                0x0000000008001be4                RNG_IRQHandler
                0x0000000008001be4                TIM1_TRG_COM_TIM17_IRQHandler
                0x0000000008001be4                DMA1_Channel3_IRQHandler
                0x0000000008001be4                COMP_IRQHandler
                0x0000000008001be4                WWDG_IRQHandler
                0x0000000008001be4                I2C4_EV_IRQHandler
                0x0000000008001be4                LPUART1_IRQHandler
                0x0000000008001be4                DMA2_Channel6_IRQHandler
                0x0000000008001be4                TIM2_IRQHandler
                0x0000000008001be4                EXTI1_IRQHandler
                0x0000000008001be4                USART2_IRQHandler
                0x0000000008001be4                DFSDM1_FLT0_IRQHandler
                0x0000000008001be4                I2C2_ER_IRQHandler
                0x0000000008001be4                DMA1_Channel2_IRQHandler
                0x0000000008001be4                TIM8_BRK_IRQHandler
                0x0000000008001be4                CAN1_SCE_IRQHandler
                0x0000000008001be4                FLASH_IRQHandler
                0x0000000008001be4                USART1_IRQHandler
                0x0000000008001be4                OTG_FS_IRQHandler
                0x0000000008001be4                SPI3_IRQHandler
                0x0000000008001be4                I2C1_ER_IRQHandler
                0x0000000008001be4                FMC_IRQHandler
                0x0000000008001be4                SWPMI1_IRQHandler
                0x0000000008001be4                LPTIM1_IRQHandler
                0x0000000008001be4                I2C4_ER_IRQHandler
                0x0000000008001be4                SAI1_IRQHandler
                0x0000000008001be4                DMA2_Channel3_IRQHandler
                0x0000000008001be4                TIM1_BRK_TIM15_IRQHandler
 .text.HAL_Init
                0x0000000008001be6       0x30 ./Drivers/STM32L4xx_HAL_Driver/Src/stm32l4xx_hal.o
                0x0000000008001be6                HAL_Init
 *fill*         0x0000000008001c16        0x2 
 .text.HAL_InitTick
                0x0000000008001c18       0x78 ./Drivers/STM32L4xx_HAL_Driver/Src/stm32l4xx_hal.o
                0x0000000008001c18                HAL_InitTick
 .text.HAL_IncTick
                0x0000000008001c90       0x28 ./Drivers/STM32L4xx_HAL_Driver/Src/stm32l4xx_hal.o
                0x0000000008001c90                HAL_IncTick
 .text.HAL_GetTick
                0x0000000008001cb8       0x18 ./Drivers/STM32L4xx_HAL_Driver/Src/stm32l4xx_hal.o
                0x0000000008001cb8                HAL_GetTick
 .text.HAL_Delay
                0x0000000008001cd0       0x48 ./Drivers/STM32L4xx_HAL_Driver/Src/stm32l4xx_hal.o
                0x0000000008001cd0                HAL_Delay
 .text.__NVIC_SetPriorityGrouping
                0x0000000008001d18       0x48 ./Drivers/STM32L4xx_HAL_Driver/Src/stm32l4xx_hal_cortex.o
 .text.__NVIC_GetPriorityGrouping
                0x0000000008001d60       0x1c ./Drivers/STM32L4xx_HAL_Driver/Src/stm32l4xx_hal_cortex.o
 .text.__NVIC_SetPriority
                0x0000000008001d7c       0x54 ./Drivers/STM32L4xx_HAL_Driver/Src/stm32l4xx_hal_cortex.o
 .text.NVIC_EncodePriority
                0x0000000008001dd0       0x66 ./Drivers/STM32L4xx_HAL_Driver/Src/stm32l4xx_hal_cortex.o
 *fill*         0x0000000008001e36        0x2 
 .text.SysTick_Config
                0x0000000008001e38       0x44 ./Drivers/STM32L4xx_HAL_Driver/Src/stm32l4xx_hal_cortex.o
 .text.HAL_NVIC_SetPriorityGrouping
                0x0000000008001e7c       0x16 ./Drivers/STM32L4xx_HAL_Driver/Src/stm32l4xx_hal_cortex.o
                0x0000000008001e7c                HAL_NVIC_SetPriorityGrouping
 .text.HAL_NVIC_SetPriority
                0x0000000008001e92       0x38 ./Drivers/STM32L4xx_HAL_Driver/Src/stm32l4xx_hal_cortex.o
                0x0000000008001e92                HAL_NVIC_SetPriority
 .text.HAL_SYSTICK_Config
                0x0000000008001eca       0x18 ./Drivers/STM32L4xx_HAL_Driver/Src/stm32l4xx_hal_cortex.o
                0x0000000008001eca                HAL_SYSTICK_Config
 *fill*         0x0000000008001ee2        0x2 
 .text.HAL_GPIO_Init
                0x0000000008001ee4      0x324 ./Drivers/STM32L4xx_HAL_Driver/Src/stm32l4xx_hal_gpio.o
                0x0000000008001ee4                HAL_GPIO_Init
 .text.HAL_GPIO_WritePin
                0x0000000008002208       0x30 ./Drivers/STM32L4xx_HAL_Driver/Src/stm32l4xx_hal_gpio.o
                0x0000000008002208                HAL_GPIO_WritePin
 .text.HAL_PCD_Init
                0x0000000008002238      0x248 ./Drivers/STM32L4xx_HAL_Driver/Src/stm32l4xx_hal_pcd.o
                0x0000000008002238                HAL_PCD_Init
 .text.HAL_PCDEx_ActivateLPM
                0x0000000008002480       0x48 ./Drivers/STM32L4xx_HAL_Driver/Src/stm32l4xx_hal_pcd_ex.o
                0x0000000008002480                HAL_PCDEx_ActivateLPM
 .text.HAL_PWR_EnableBkUpAccess
                0x00000000080024c8       0x20 ./Drivers/STM32L4xx_HAL_Driver/Src/stm32l4xx_hal_pwr.o
                0x00000000080024c8                HAL_PWR_EnableBkUpAccess
 .text.HAL_PWREx_GetVoltageRange
                0x00000000080024e8       0x1c ./Drivers/STM32L4xx_HAL_Driver/Src/stm32l4xx_hal_pwr_ex.o
                0x00000000080024e8                HAL_PWREx_GetVoltageRange
 .text.HAL_PWREx_ControlVoltageScaling
                0x0000000008002504       0xac ./Drivers/STM32L4xx_HAL_Driver/Src/stm32l4xx_hal_pwr_ex.o
                0x0000000008002504                HAL_PWREx_ControlVoltageScaling
 .text.HAL_PWREx_EnableVddUSB
                0x00000000080025b0       0x20 ./Drivers/STM32L4xx_HAL_Driver/Src/stm32l4xx_hal_pwr_ex.o
                0x00000000080025b0                HAL_PWREx_EnableVddUSB
 .text.HAL_PWREx_EnableVddIO2
                0x00000000080025d0       0x20 ./Drivers/STM32L4xx_HAL_Driver/Src/stm32l4xx_hal_pwr_ex.o
                0x00000000080025d0                HAL_PWREx_EnableVddIO2
 .text.HAL_RCC_OscConfig
                0x00000000080025f0      0x834 ./Drivers/STM32L4xx_HAL_Driver/Src/stm32l4xx_hal_rcc.o
                0x00000000080025f0                HAL_RCC_OscConfig
 .text.HAL_RCC_ClockConfig
                0x0000000008002e24      0x200 ./Drivers/STM32L4xx_HAL_Driver/Src/stm32l4xx_hal_rcc.o
                0x0000000008002e24                HAL_RCC_ClockConfig
 .text.HAL_RCC_GetSysClockFreq
                0x0000000008003024      0x118 ./Drivers/STM32L4xx_HAL_Driver/Src/stm32l4xx_hal_rcc.o
                0x0000000008003024                HAL_RCC_GetSysClockFreq
 .text.RCC_SetFlashLatencyFromMSIRange
                0x000000000800313c       0xc0 ./Drivers/STM32L4xx_HAL_Driver/Src/stm32l4xx_hal_rcc.o
 .text.HAL_RCCEx_PeriphCLKConfig
                0x00000000080031fc      0x5f8 ./Drivers/STM32L4xx_HAL_Driver/Src/stm32l4xx_hal_rcc_ex.o
                0x00000000080031fc                HAL_RCCEx_PeriphCLKConfig
 .text.HAL_RCCEx_EnableMSIPLLMode
                0x00000000080037f4       0x20 ./Drivers/STM32L4xx_HAL_Driver/Src/stm32l4xx_hal_rcc_ex.o
                0x00000000080037f4                HAL_RCCEx_EnableMSIPLLMode
 .text.RCCEx_PLLSAI1_Config
                0x0000000008003814      0x1e4 ./Drivers/STM32L4xx_HAL_Driver/Src/stm32l4xx_hal_rcc_ex.o
 .text.RCCEx_PLLSAI2_Config
                0x00000000080039f8      0x1b8 ./Drivers/STM32L4xx_HAL_Driver/Src/stm32l4xx_hal_rcc_ex.o
 .text.HAL_SPI_Init
                0x0000000008003bb0      0x146 ./Drivers/STM32L4xx_HAL_Driver/Src/stm32l4xx_hal_spi.o
                0x0000000008003bb0                HAL_SPI_Init
 .text.HAL_SPI_Transmit
                0x0000000008003cf6      0x2ea ./Drivers/STM32L4xx_HAL_Driver/Src/stm32l4xx_hal_spi.o
                0x0000000008003cf6                HAL_SPI_Transmit
 .text.HAL_SPI_TransmitReceive
                0x0000000008003fe0      0x444 ./Drivers/STM32L4xx_HAL_Driver/Src/stm32l4xx_hal_spi.o
                0x0000000008003fe0                HAL_SPI_TransmitReceive
 .text.SPI_WaitFlagStateUntilTimeout
                0x0000000008004424      0x110 ./Drivers/STM32L4xx_HAL_Driver/Src/stm32l4xx_hal_spi.o
 .text.SPI_WaitFifoStateUntilTimeout
                0x0000000008004534      0x12c ./Drivers/STM32L4xx_HAL_Driver/Src/stm32l4xx_hal_spi.o
 .text.SPI_EndRxTxTransaction
                0x0000000008004660       0x8c ./Drivers/STM32L4xx_HAL_Driver/Src/stm32l4xx_hal_spi.o
 .text.HAL_TIM_Base_Init
                0x00000000080046ec       0xae ./Drivers/STM32L4xx_HAL_Driver/Src/stm32l4xx_hal_tim.o
                0x00000000080046ec                HAL_TIM_Base_Init
 .text.HAL_TIM_ConfigClockSource
                0x000000000800479a      0x192 ./Drivers/STM32L4xx_HAL_Driver/Src/stm32l4xx_hal_tim.o
                0x000000000800479a                HAL_TIM_ConfigClockSource
 .text.TIM_Base_SetConfig
                0x000000000800492c      0x134 ./Drivers/STM32L4xx_HAL_Driver/Src/stm32l4xx_hal_tim.o
                0x000000000800492c                TIM_Base_SetConfig
 .text.TIM_TI1_ConfigInputStage
                0x0000000008004a60       0x5e ./Drivers/STM32L4xx_HAL_Driver/Src/stm32l4xx_hal_tim.o
 .text.TIM_TI2_ConfigInputStage
                0x0000000008004abe       0x60 ./Drivers/STM32L4xx_HAL_Driver/Src/stm32l4xx_hal_tim.o
 .text.TIM_ITRx_SetConfig
                0x0000000008004b1e       0x36 ./Drivers/STM32L4xx_HAL_Driver/Src/stm32l4xx_hal_tim.o
 .text.TIM_ETR_SetConfig
                0x0000000008004b54       0x40 ./Drivers/STM32L4xx_HAL_Driver/Src/stm32l4xx_hal_tim.o
                0x0000000008004b54                TIM_ETR_SetConfig
 .text.HAL_TIMEx_MasterConfigSynchronization
                0x0000000008004b94      0x110 ./Drivers/STM32L4xx_HAL_Driver/Src/stm32l4xx_hal_tim_ex.o
                0x0000000008004b94                HAL_TIMEx_MasterConfigSynchronization
 .text.USB_CoreInit
                0x0000000008004ca4       0x58 ./Drivers/STM32L4xx_HAL_Driver/Src/stm32l4xx_ll_usb.o
                0x0000000008004ca4                USB_CoreInit
 .text.USB_DisableGlobalInt
                0x0000000008004cfc       0x22 ./Drivers/STM32L4xx_HAL_Driver/Src/stm32l4xx_ll_usb.o
                0x0000000008004cfc                USB_DisableGlobalInt
 .text.USB_SetCurrentMode
                0x0000000008004d1e       0x98 ./Drivers/STM32L4xx_HAL_Driver/Src/stm32l4xx_ll_usb.o
                0x0000000008004d1e                USB_SetCurrentMode
 *fill*         0x0000000008004db6        0x2 
 .text.USB_DevInit
                0x0000000008004db8      0x284 ./Drivers/STM32L4xx_HAL_Driver/Src/stm32l4xx_ll_usb.o
                0x0000000008004db8                USB_DevInit
 .text.USB_FlushTxFifo
                0x000000000800503c       0x68 ./Drivers/STM32L4xx_HAL_Driver/Src/stm32l4xx_ll_usb.o
                0x000000000800503c                USB_FlushTxFifo
 .text.USB_FlushRxFifo
                0x00000000080050a4       0x60 ./Drivers/STM32L4xx_HAL_Driver/Src/stm32l4xx_ll_usb.o
                0x00000000080050a4                USB_FlushRxFifo
 .text.USB_SetDevSpeed
                0x0000000008005104       0x32 ./Drivers/STM32L4xx_HAL_Driver/Src/stm32l4xx_ll_usb.o
                0x0000000008005104                USB_SetDevSpeed
 .text.USB_DevDisconnect
                0x0000000008005136       0x42 ./Drivers/STM32L4xx_HAL_Driver/Src/stm32l4xx_ll_usb.o
                0x0000000008005136                USB_DevDisconnect
 .text.USB_GetMode
                0x0000000008005178       0x1c ./Drivers/STM32L4xx_HAL_Driver/Src/stm32l4xx_ll_usb.o
                0x0000000008005178                USB_GetMode
 .text.USB_CoreReset
                0x0000000008005194       0x68 ./Drivers/STM32L4xx_HAL_Driver/Src/stm32l4xx_ll_usb.o
 .text.malloc   0x00000000080051fc       0x10 C:/ST/STM32CubeIDE_1.13.1/STM32CubeIDE/plugins/com.st.stm32cube.ide.mcu.externaltools.gnu-tools-for-stm32.11.3.rel1.win32_1.1.100.202309141235/tools/bin/../lib/gcc/arm-none-eabi/11.3.1/../../../../arm-none-eabi/lib/thumb/v7e-m+fp/hard\libc_nano.a(libc_a-malloc.o)
                0x00000000080051fc                malloc
 .text.free     0x000000000800520c       0x10 C:/ST/STM32CubeIDE_1.13.1/STM32CubeIDE/plugins/com.st.stm32cube.ide.mcu.externaltools.gnu-tools-for-stm32.11.3.rel1.win32_1.1.100.202309141235/tools/bin/../lib/gcc/arm-none-eabi/11.3.1/../../../../arm-none-eabi/lib/thumb/v7e-m+fp/hard\libc_nano.a(libc_a-malloc.o)
                0x000000000800520c                free
 .text.sbrk_aligned
                0x000000000800521c       0x40 C:/ST/STM32CubeIDE_1.13.1/STM32CubeIDE/plugins/com.st.stm32cube.ide.mcu.externaltools.gnu-tools-for-stm32.11.3.rel1.win32_1.1.100.202309141235/tools/bin/../lib/gcc/arm-none-eabi/11.3.1/../../../../arm-none-eabi/lib/thumb/v7e-m+fp/hard\libc_nano.a(libc_a-mallocr.o)
 .text._malloc_r
                0x000000000800525c      0x100 C:/ST/STM32CubeIDE_1.13.1/STM32CubeIDE/plugins/com.st.stm32cube.ide.mcu.externaltools.gnu-tools-for-stm32.11.3.rel1.win32_1.1.100.202309141235/tools/bin/../lib/gcc/arm-none-eabi/11.3.1/../../../../arm-none-eabi/lib/thumb/v7e-m+fp/hard\libc_nano.a(libc_a-mallocr.o)
                0x000000000800525c                _malloc_r
 .text.__malloc_lock
                0x000000000800535c        0xc C:/ST/STM32CubeIDE_1.13.1/STM32CubeIDE/plugins/com.st.stm32cube.ide.mcu.externaltools.gnu-tools-for-stm32.11.3.rel1.win32_1.1.100.202309141235/tools/bin/../lib/gcc/arm-none-eabi/11.3.1/../../../../arm-none-eabi/lib/thumb/v7e-m+fp/hard\libc_nano.a(libc_a-mlock.o)
                0x000000000800535c                __malloc_lock
 .text.__malloc_unlock
                0x0000000008005368        0xc C:/ST/STM32CubeIDE_1.13.1/STM32CubeIDE/plugins/com.st.stm32cube.ide.mcu.externaltools.gnu-tools-for-stm32.11.3.rel1.win32_1.1.100.202309141235/tools/bin/../lib/gcc/arm-none-eabi/11.3.1/../../../../arm-none-eabi/lib/thumb/v7e-m+fp/hard\libc_nano.a(libc_a-mlock.o)
                0x0000000008005368                __malloc_unlock
 .text.memset   0x0000000008005374       0x10 C:/ST/STM32CubeIDE_1.13.1/STM32CubeIDE/plugins/com.st.stm32cube.ide.mcu.externaltools.gnu-tools-for-stm32.11.3.rel1.win32_1.1.100.202309141235/tools/bin/../lib/gcc/arm-none-eabi/11.3.1/../../../../arm-none-eabi/lib/thumb/v7e-m+fp/hard\libc_nano.a(libc_a-memset.o)
                0x0000000008005374                memset
 .text._sbrk_r  0x0000000008005384       0x20 C:/ST/STM32CubeIDE_1.13.1/STM32CubeIDE/plugins/com.st.stm32cube.ide.mcu.externaltools.gnu-tools-for-stm32.11.3.rel1.win32_1.1.100.202309141235/tools/bin/../lib/gcc/arm-none-eabi/11.3.1/../../../../arm-none-eabi/lib/thumb/v7e-m+fp/hard\libc_nano.a(libc_a-sbrkr.o)
                0x0000000008005384                _sbrk_r
 .text.__errno  0x00000000080053a4        0xc C:/ST/STM32CubeIDE_1.13.1/STM32CubeIDE/plugins/com.st.stm32cube.ide.mcu.externaltools.gnu-tools-for-stm32.11.3.rel1.win32_1.1.100.202309141235/tools/bin/../lib/gcc/arm-none-eabi/11.3.1/../../../../arm-none-eabi/lib/thumb/v7e-m+fp/hard\libc_nano.a(libc_a-errno.o)
                0x00000000080053a4                __errno
 .text.__libc_init_array
                0x00000000080053b0       0x48 C:/ST/STM32CubeIDE_1.13.1/STM32CubeIDE/plugins/com.st.stm32cube.ide.mcu.externaltools.gnu-tools-for-stm32.11.3.rel1.win32_1.1.100.202309141235/tools/bin/../lib/gcc/arm-none-eabi/11.3.1/../../../../arm-none-eabi/lib/thumb/v7e-m+fp/hard\libc_nano.a(libc_a-init.o)
                0x00000000080053b0                __libc_init_array
 .text.__retarget_lock_acquire_recursive
                0x00000000080053f8        0x2 C:/ST/STM32CubeIDE_1.13.1/STM32CubeIDE/plugins/com.st.stm32cube.ide.mcu.externaltools.gnu-tools-for-stm32.11.3.rel1.win32_1.1.100.202309141235/tools/bin/../lib/gcc/arm-none-eabi/11.3.1/../../../../arm-none-eabi/lib/thumb/v7e-m+fp/hard\libc_nano.a(libc_a-lock.o)
                0x00000000080053f8                __retarget_lock_acquire_recursive
 .text.__retarget_lock_release_recursive
                0x00000000080053fa        0x2 C:/ST/STM32CubeIDE_1.13.1/STM32CubeIDE/plugins/com.st.stm32cube.ide.mcu.externaltools.gnu-tools-for-stm32.11.3.rel1.win32_1.1.100.202309141235/tools/bin/../lib/gcc/arm-none-eabi/11.3.1/../../../../arm-none-eabi/lib/thumb/v7e-m+fp/hard\libc_nano.a(libc_a-lock.o)
                0x00000000080053fa                __retarget_lock_release_recursive
 .text.memcpy   0x00000000080053fc       0x1c C:/ST/STM32CubeIDE_1.13.1/STM32CubeIDE/plugins/com.st.stm32cube.ide.mcu.externaltools.gnu-tools-for-stm32.11.3.rel1.win32_1.1.100.202309141235/tools/bin/../lib/gcc/arm-none-eabi/11.3.1/../../../../arm-none-eabi/lib/thumb/v7e-m+fp/hard\libc_nano.a(libc_a-memcpy-stub.o)
                0x00000000080053fc                memcpy
 .text._free_r  0x0000000008005418       0x98 C:/ST/STM32CubeIDE_1.13.1/STM32CubeIDE/plugins/com.st.stm32cube.ide.mcu.externaltools.gnu-tools-for-stm32.11.3.rel1.win32_1.1.100.202309141235/tools/bin/../lib/gcc/arm-none-eabi/11.3.1/../../../../arm-none-eabi/lib/thumb/v7e-m+fp/hard\libc_nano.a(libc_a-freer.o)
                0x0000000008005418                _free_r
 *(.glue_7)
 .glue_7        0x00000000080054b0        0x0 linker stubs
 *(.glue_7t)
 .glue_7t       0x00000000080054b0        0x0 linker stubs
 *(.eh_frame)
 .eh_frame      0x00000000080054b0        0x0 C:/ST/STM32CubeIDE_1.13.1/STM32CubeIDE/plugins/com.st.stm32cube.ide.mcu.externaltools.gnu-tools-for-stm32.11.3.rel1.win32_1.1.100.202309141235/tools/bin/../lib/gcc/arm-none-eabi/11.3.1/thumb/v7e-m+fp/hard/crtbegin.o
 *(.init)
 .init          0x00000000080054b0        0x4 C:/ST/STM32CubeIDE_1.13.1/STM32CubeIDE/plugins/com.st.stm32cube.ide.mcu.externaltools.gnu-tools-for-stm32.11.3.rel1.win32_1.1.100.202309141235/tools/bin/../lib/gcc/arm-none-eabi/11.3.1/thumb/v7e-m+fp/hard/crti.o
                0x00000000080054b0                _init
 .init          0x00000000080054b4        0x8 C:/ST/STM32CubeIDE_1.13.1/STM32CubeIDE/plugins/com.st.stm32cube.ide.mcu.externaltools.gnu-tools-for-stm32.11.3.rel1.win32_1.1.100.202309141235/tools/bin/../lib/gcc/arm-none-eabi/11.3.1/thumb/v7e-m+fp/hard/crtn.o
 *(.fini)
 .fini          0x00000000080054bc        0x4 C:/ST/STM32CubeIDE_1.13.1/STM32CubeIDE/plugins/com.st.stm32cube.ide.mcu.externaltools.gnu-tools-for-stm32.11.3.rel1.win32_1.1.100.202309141235/tools/bin/../lib/gcc/arm-none-eabi/11.3.1/thumb/v7e-m+fp/hard/crti.o
                0x00000000080054bc                _fini
 .fini          0x00000000080054c0        0x8 C:/ST/STM32CubeIDE_1.13.1/STM32CubeIDE/plugins/com.st.stm32cube.ide.mcu.externaltools.gnu-tools-for-stm32.11.3.rel1.win32_1.1.100.202309141235/tools/bin/../lib/gcc/arm-none-eabi/11.3.1/thumb/v7e-m+fp/hard/crtn.o
                0x00000000080054c8                . = ALIGN (0x4)
                0x00000000080054c8                _etext = .

.vfp11_veneer   0x00000000080054c8        0x0
 .vfp11_veneer  0x00000000080054c8        0x0 linker stubs

.v4_bx          0x00000000080054c8        0x0
 .v4_bx         0x00000000080054c8        0x0 linker stubs

.iplt           0x00000000080054c8        0x0
 .iplt          0x00000000080054c8        0x0 C:/ST/STM32CubeIDE_1.13.1/STM32CubeIDE/plugins/com.st.stm32cube.ide.mcu.externaltools.gnu-tools-for-stm32.11.3.rel1.win32_1.1.100.202309141235/tools/bin/../lib/gcc/arm-none-eabi/11.3.1/thumb/v7e-m+fp/hard/crtbegin.o

.rodata         0x00000000080054c8       0x40
                0x00000000080054c8                . = ALIGN (0x4)
 *(.rodata)
 *(.rodata*)
 .rodata.AHBPrescTable
                0x00000000080054c8       0x10 ./Core/Src/system_stm32l4xx.o
                0x00000000080054c8                AHBPrescTable
 .rodata.MSIRangeTable
                0x00000000080054d8       0x30 ./Core/Src/system_stm32l4xx.o
                0x00000000080054d8                MSIRangeTable
                0x0000000008005508                . = ALIGN (0x4)

.rel.dyn        0x0000000008005508        0x0
 .rel.iplt      0x0000000008005508        0x0 C:/ST/STM32CubeIDE_1.13.1/STM32CubeIDE/plugins/com.st.stm32cube.ide.mcu.externaltools.gnu-tools-for-stm32.11.3.rel1.win32_1.1.100.202309141235/tools/bin/../lib/gcc/arm-none-eabi/11.3.1/thumb/v7e-m+fp/hard/crtbegin.o

.ARM.extab      0x0000000008005508        0x0
                0x0000000008005508                . = ALIGN (0x4)
 *(.ARM.extab* .gnu.linkonce.armextab.*)
                0x0000000008005508                . = ALIGN (0x4)

.ARM            0x0000000008005508        0x0
                0x0000000008005508                . = ALIGN (0x4)
                0x0000000008005508                __exidx_start = .
 *(.ARM.exidx*)
                0x0000000008005508                __exidx_end = .
                0x0000000008005508                . = ALIGN (0x4)

.preinit_array  0x0000000008005508        0x0
                0x0000000008005508                . = ALIGN (0x4)
                0x0000000008005508                PROVIDE (__preinit_array_start = .)
 *(.preinit_array*)
                0x0000000008005508                PROVIDE (__preinit_array_end = .)
                0x0000000008005508                . = ALIGN (0x4)

.init_array     0x0000000008005508        0x4
                0x0000000008005508                . = ALIGN (0x4)
                0x0000000008005508                PROVIDE (__init_array_start = .)
 *(SORT_BY_NAME(.init_array.*))
 *(.init_array*)
 .init_array    0x0000000008005508        0x4 C:/ST/STM32CubeIDE_1.13.1/STM32CubeIDE/plugins/com.st.stm32cube.ide.mcu.externaltools.gnu-tools-for-stm32.11.3.rel1.win32_1.1.100.202309141235/tools/bin/../lib/gcc/arm-none-eabi/11.3.1/thumb/v7e-m+fp/hard/crtbegin.o
                0x000000000800550c                PROVIDE (__init_array_end = .)
                0x000000000800550c                . = ALIGN (0x4)

.fini_array     0x000000000800550c        0x4
                0x000000000800550c                . = ALIGN (0x4)
                [!provide]                        PROVIDE (__fini_array_start = .)
 *(SORT_BY_NAME(.fini_array.*))
 *(.fini_array*)
 .fini_array    0x000000000800550c        0x4 C:/ST/STM32CubeIDE_1.13.1/STM32CubeIDE/plugins/com.st.stm32cube.ide.mcu.externaltools.gnu-tools-for-stm32.11.3.rel1.win32_1.1.100.202309141235/tools/bin/../lib/gcc/arm-none-eabi/11.3.1/thumb/v7e-m+fp/hard/crtbegin.o
                [!provide]                        PROVIDE (__fini_array_end = .)
                0x0000000008005510                . = ALIGN (0x4)
                0x0000000008005510                _sidata = LOADADDR (.data)

.data           0x0000000020000000      0x26c load address 0x0000000008005510
                0x0000000020000000                . = ALIGN (0x4)
                0x0000000020000000                _sdata = .
 *(.data)
 *(.data*)
 .data.crc15Table
                0x0000000020000000      0x200 ./Core/Src/LTC6811-1_eTechRacing.o
                0x0000000020000000                crc15Table
 .data.GPIOx    0x0000000020000200        0x1 ./Core/Src/LTC6811-1_eTechRacing.o
                0x0000000020000200                GPIOx
 .data.CHG      0x0000000020000201        0x1 ./Core/Src/main.o
                0x0000000020000201                CHG
 .data.REG_TEMP
                0x0000000020000202        0x1 ./Core/Src/main.o
                0x0000000020000202                REG_TEMP
 .data.BYTES_IN_REG
                0x0000000020000203        0x1 ./Core/Src/main.o
                0x0000000020000203                BYTES_IN_REG
 .data.DELAY_SLEEP
                0x0000000020000204        0x2 ./Core/Src/main.o
                0x0000000020000204                DELAY_SLEEP
 .data.VCELL_MIN
                0x0000000020000206        0x2 ./Core/Src/main.o
                0x0000000020000206                VCELL_MIN
 .data.V_MIN    0x0000000020000208        0x2 ./Core/Src/main.o
                0x0000000020000208                V_MIN
 .data.V_BALANCING
                0x000000002000020a        0x2 ./Core/Src/main.o
                0x000000002000020a                V_BALANCING
 .data.DIFF_MAX
                0x000000002000020c        0x1 ./Core/Src/main.o
                0x000000002000020c                DIFF_MAX
 *fill*         0x000000002000020d        0x3 
 .data.SystemCoreClock
                0x0000000020000210        0x4 ./Core/Src/system_stm32l4xx.o
                0x0000000020000210                SystemCoreClock
 .data.uwTickPrio
                0x0000000020000214        0x4 ./Drivers/STM32L4xx_HAL_Driver/Src/stm32l4xx_hal.o
                0x0000000020000214                uwTickPrio
 .data.uwTickFreq
                0x0000000020000218        0x1 ./Drivers/STM32L4xx_HAL_Driver/Src/stm32l4xx_hal.o
                0x0000000020000218                uwTickFreq
 *fill*         0x0000000020000219        0x3 
 .data._impure_data
                0x000000002000021c       0x4c C:/ST/STM32CubeIDE_1.13.1/STM32CubeIDE/plugins/com.st.stm32cube.ide.mcu.externaltools.gnu-tools-for-stm32.11.3.rel1.win32_1.1.100.202309141235/tools/bin/../lib/gcc/arm-none-eabi/11.3.1/../../../../arm-none-eabi/lib/thumb/v7e-m+fp/hard\libc_nano.a(libc_a-impure.o)
                0x000000002000021c                _impure_data
 .data._impure_ptr
                0x0000000020000268        0x4 C:/ST/STM32CubeIDE_1.13.1/STM32CubeIDE/plugins/com.st.stm32cube.ide.mcu.externaltools.gnu-tools-for-stm32.11.3.rel1.win32_1.1.100.202309141235/tools/bin/../lib/gcc/arm-none-eabi/11.3.1/../../../../arm-none-eabi/lib/thumb/v7e-m+fp/hard\libc_nano.a(libc_a-impure.o)
                0x0000000020000268                _impure_ptr
 *(.RamFunc)
 *(.RamFunc*)
                0x000000002000026c                . = ALIGN (0x4)
                0x000000002000026c                _edata = .

.igot.plt       0x000000002000026c        0x0 load address 0x000000000800577c
 .igot.plt      0x000000002000026c        0x0 C:/ST/STM32CubeIDE_1.13.1/STM32CubeIDE/plugins/com.st.stm32cube.ide.mcu.externaltools.gnu-tools-for-stm32.11.3.rel1.win32_1.1.100.202309141235/tools/bin/../lib/gcc/arm-none-eabi/11.3.1/thumb/v7e-m+fp/hard/crtbegin.o
                0x000000002000026c                . = ALIGN (0x4)

.bss            0x000000002000026c      0x75c load address 0x000000000800577c
                0x000000002000026c                _sbss = .
                0x000000002000026c                __bss_start__ = _sbss
 *(.bss)
 .bss           0x000000002000026c       0x1c C:/ST/STM32CubeIDE_1.13.1/STM32CubeIDE/plugins/com.st.stm32cube.ide.mcu.externaltools.gnu-tools-for-stm32.11.3.rel1.win32_1.1.100.202309141235/tools/bin/../lib/gcc/arm-none-eabi/11.3.1/thumb/v7e-m+fp/hard/crtbegin.o
 *(.bss*)
 .bss.hspi1     0x0000000020000288       0x64 ./Core/Src/main.o
                0x0000000020000288                hspi1
 .bss.htim1     0x00000000200002ec       0x4c ./Core/Src/main.o
                0x00000000200002ec                htim1
 .bss.hpcd_USB_OTG_FS
                0x0000000020000338      0x50c ./Core/Src/main.o
                0x0000000020000338                hpcd_USB_OTG_FS
 .bss.REG_VOLT  0x0000000020000844        0x1 ./Core/Src/main.o
                0x0000000020000844                REG_VOLT
 *fill*         0x0000000020000845        0x3 
 .bss.config    0x0000000020000848        0x4 ./Core/Src/main.o
                0x0000000020000848                config
 .bss.PWM       0x000000002000084c        0x4 ./Core/Src/main.o
                0x000000002000084c                PWM
 .bss.PEC_ERROR
                0x0000000020000850        0x1 ./Core/Src/main.o
                0x0000000020000850                PEC_ERROR
 *fill*         0x0000000020000851        0x3 
 .bss.cell_codes
                0x0000000020000854       0x18 ./Core/Src/main.o
                0x0000000020000854                cell_codes
 .bss.aux_codes
                0x000000002000086c        0xc ./Core/Src/main.o
                0x000000002000086c                aux_codes
 .bss.__sbrk_heap_end
                0x0000000020000878        0x4 ./Core/Src/sysmem.o
 .bss.uwTick    0x000000002000087c        0x4 ./Drivers/STM32L4xx_HAL_Driver/Src/stm32l4xx_hal.o
                0x000000002000087c                uwTick
 .bss.__malloc_free_list
                0x0000000020000880        0x4 C:/ST/STM32CubeIDE_1.13.1/STM32CubeIDE/plugins/com.st.stm32cube.ide.mcu.externaltools.gnu-tools-for-stm32.11.3.rel1.win32_1.1.100.202309141235/tools/bin/../lib/gcc/arm-none-eabi/11.3.1/../../../../arm-none-eabi/lib/thumb/v7e-m+fp/hard\libc_nano.a(libc_a-mallocr.o)
                0x0000000020000880                __malloc_free_list
 .bss.__malloc_sbrk_start
                0x0000000020000884        0x4 C:/ST/STM32CubeIDE_1.13.1/STM32CubeIDE/plugins/com.st.stm32cube.ide.mcu.externaltools.gnu-tools-for-stm32.11.3.rel1.win32_1.1.100.202309141235/tools/bin/../lib/gcc/arm-none-eabi/11.3.1/../../../../arm-none-eabi/lib/thumb/v7e-m+fp/hard\libc_nano.a(libc_a-mallocr.o)
                0x0000000020000884                __malloc_sbrk_start
 .bss.__sf      0x0000000020000888      0x138 C:/ST/STM32CubeIDE_1.13.1/STM32CubeIDE/plugins/com.st.stm32cube.ide.mcu.externaltools.gnu-tools-for-stm32.11.3.rel1.win32_1.1.100.202309141235/tools/bin/../lib/gcc/arm-none-eabi/11.3.1/../../../../arm-none-eabi/lib/thumb/v7e-m+fp/hard\libc_nano.a(libc_a-findfp.o)
                0x0000000020000888                __sf
 .bss.errno     0x00000000200009c0        0x4 C:/ST/STM32CubeIDE_1.13.1/STM32CubeIDE/plugins/com.st.stm32cube.ide.mcu.externaltools.gnu-tools-for-stm32.11.3.rel1.win32_1.1.100.202309141235/tools/bin/../lib/gcc/arm-none-eabi/11.3.1/../../../../arm-none-eabi/lib/thumb/v7e-m+fp/hard\libc_nano.a(libc_a-reent.o)
                0x00000000200009c0                errno
 .bss.__lock___malloc_recursive_mutex
                0x00000000200009c4        0x1 C:/ST/STM32CubeIDE_1.13.1/STM32CubeIDE/plugins/com.st.stm32cube.ide.mcu.externaltools.gnu-tools-for-stm32.11.3.rel1.win32_1.1.100.202309141235/tools/bin/../lib/gcc/arm-none-eabi/11.3.1/../../../../arm-none-eabi/lib/thumb/v7e-m+fp/hard\libc_nano.a(libc_a-lock.o)
                0x00000000200009c4                __lock___malloc_recursive_mutex
 *(COMMON)
                0x00000000200009c8                . = ALIGN (0x4)
 *fill*         0x00000000200009c5        0x3 
                0x00000000200009c8                _ebss = .
                0x00000000200009c8                __bss_end__ = _ebss

._user_heap_stack
                0x00000000200009c8      0x600 load address 0x000000000800577c
                0x00000000200009c8                . = ALIGN (0x8)
                [!provide]                        PROVIDE (end = .)
                0x00000000200009c8                PROVIDE (_end = .)
                0x0000000020000bc8                . = (. + _Min_Heap_Size)
 *fill*         0x00000000200009c8      0x200 
                0x0000000020000fc8                . = (. + _Min_Stack_Size)
 *fill*         0x0000000020000bc8      0x400 
                0x0000000020000fc8                . = ALIGN (0x8)

/DISCARD/
 libc.a(*)
 libm.a(*)
 libgcc.a(*)

.ARM.attributes
                0x0000000000000000       0x30
 *(.ARM.attributes)
 .ARM.attributes
                0x0000000000000000       0x1e C:/ST/STM32CubeIDE_1.13.1/STM32CubeIDE/plugins/com.st.stm32cube.ide.mcu.externaltools.gnu-tools-for-stm32.11.3.rel1.win32_1.1.100.202309141235/tools/bin/../lib/gcc/arm-none-eabi/11.3.1/thumb/v7e-m+fp/hard/crti.o
 .ARM.attributes
                0x000000000000001e       0x34 C:/ST/STM32CubeIDE_1.13.1/STM32CubeIDE/plugins/com.st.stm32cube.ide.mcu.externaltools.gnu-tools-for-stm32.11.3.rel1.win32_1.1.100.202309141235/tools/bin/../lib/gcc/arm-none-eabi/11.3.1/thumb/v7e-m+fp/hard/crtbegin.o
 .ARM.attributes
                0x0000000000000052       0x34 ./Core/Src/LTC6811-1_eTechRacing.o
 .ARM.attributes
                0x0000000000000086       0x34 ./Core/Src/eTechRacing.o
 .ARM.attributes
                0x00000000000000ba       0x34 ./Core/Src/main.o
 .ARM.attributes
                0x00000000000000ee       0x34 ./Core/Src/stm32l4xx_hal_msp.o
 .ARM.attributes
                0x0000000000000122       0x34 ./Core/Src/stm32l4xx_it.o
 .ARM.attributes
                0x0000000000000156       0x34 ./Core/Src/sysmem.o
 .ARM.attributes
                0x000000000000018a       0x34 ./Core/Src/system_stm32l4xx.o
 .ARM.attributes
                0x00000000000001be       0x21 ./Core/Startup/startup_stm32l496zgtx.o
 .ARM.attributes
                0x00000000000001df       0x34 ./Drivers/STM32L4xx_HAL_Driver/Src/stm32l4xx_hal.o
 .ARM.attributes
                0x0000000000000213       0x34 ./Drivers/STM32L4xx_HAL_Driver/Src/stm32l4xx_hal_cortex.o
 .ARM.attributes
                0x0000000000000247       0x34 ./Drivers/STM32L4xx_HAL_Driver/Src/stm32l4xx_hal_gpio.o
 .ARM.attributes
                0x000000000000027b       0x34 ./Drivers/STM32L4xx_HAL_Driver/Src/stm32l4xx_hal_pcd.o
 .ARM.attributes
                0x00000000000002af       0x34 ./Drivers/STM32L4xx_HAL_Driver/Src/stm32l4xx_hal_pcd_ex.o
 .ARM.attributes
                0x00000000000002e3       0x34 ./Drivers/STM32L4xx_HAL_Driver/Src/stm32l4xx_hal_pwr.o
 .ARM.attributes
                0x0000000000000317       0x34 ./Drivers/STM32L4xx_HAL_Driver/Src/stm32l4xx_hal_pwr_ex.o
 .ARM.attributes
                0x000000000000034b       0x34 ./Drivers/STM32L4xx_HAL_Driver/Src/stm32l4xx_hal_rcc.o
 .ARM.attributes
                0x000000000000037f       0x34 ./Drivers/STM32L4xx_HAL_Driver/Src/stm32l4xx_hal_rcc_ex.o
 .ARM.attributes
                0x00000000000003b3       0x34 ./Drivers/STM32L4xx_HAL_Driver/Src/stm32l4xx_hal_spi.o
 .ARM.attributes
                0x00000000000003e7       0x34 ./Drivers/STM32L4xx_HAL_Driver/Src/stm32l4xx_hal_tim.o
 .ARM.attributes
                0x000000000000041b       0x34 ./Drivers/STM32L4xx_HAL_Driver/Src/stm32l4xx_hal_tim_ex.o
 .ARM.attributes
                0x000000000000044f       0x34 ./Drivers/STM32L4xx_HAL_Driver/Src/stm32l4xx_ll_usb.o
 .ARM.attributes
                0x0000000000000483       0x34 C:/ST/STM32CubeIDE_1.13.1/STM32CubeIDE/plugins/com.st.stm32cube.ide.mcu.externaltools.gnu-tools-for-stm32.11.3.rel1.win32_1.1.100.202309141235/tools/bin/../lib/gcc/arm-none-eabi/11.3.1/../../../../arm-none-eabi/lib/thumb/v7e-m+fp/hard\libc_nano.a(libc_a-malloc.o)
 .ARM.attributes
                0x00000000000004b7       0x34 C:/ST/STM32CubeIDE_1.13.1/STM32CubeIDE/plugins/com.st.stm32cube.ide.mcu.externaltools.gnu-tools-for-stm32.11.3.rel1.win32_1.1.100.202309141235/tools/bin/../lib/gcc/arm-none-eabi/11.3.1/../../../../arm-none-eabi/lib/thumb/v7e-m+fp/hard\libc_nano.a(libc_a-mallocr.o)
 .ARM.attributes
                0x00000000000004eb       0x34 C:/ST/STM32CubeIDE_1.13.1/STM32CubeIDE/plugins/com.st.stm32cube.ide.mcu.externaltools.gnu-tools-for-stm32.11.3.rel1.win32_1.1.100.202309141235/tools/bin/../lib/gcc/arm-none-eabi/11.3.1/../../../../arm-none-eabi/lib/thumb/v7e-m+fp/hard\libc_nano.a(libc_a-mlock.o)
 .ARM.attributes
                0x000000000000051f       0x34 C:/ST/STM32CubeIDE_1.13.1/STM32CubeIDE/plugins/com.st.stm32cube.ide.mcu.externaltools.gnu-tools-for-stm32.11.3.rel1.win32_1.1.100.202309141235/tools/bin/../lib/gcc/arm-none-eabi/11.3.1/../../../../arm-none-eabi/lib/thumb/v7e-m+fp/hard\libc_nano.a(libc_a-findfp.o)
 .ARM.attributes
                0x0000000000000553       0x34 C:/ST/STM32CubeIDE_1.13.1/STM32CubeIDE/plugins/com.st.stm32cube.ide.mcu.externaltools.gnu-tools-for-stm32.11.3.rel1.win32_1.1.100.202309141235/tools/bin/../lib/gcc/arm-none-eabi/11.3.1/../../../../arm-none-eabi/lib/thumb/v7e-m+fp/hard\libc_nano.a(libc_a-memset.o)
 .ARM.attributes
                0x0000000000000587       0x34 C:/ST/STM32CubeIDE_1.13.1/STM32CubeIDE/plugins/com.st.stm32cube.ide.mcu.externaltools.gnu-tools-for-stm32.11.3.rel1.win32_1.1.100.202309141235/tools/bin/../lib/gcc/arm-none-eabi/11.3.1/../../../../arm-none-eabi/lib/thumb/v7e-m+fp/hard\libc_nano.a(libc_a-reent.o)
 .ARM.attributes
                0x00000000000005bb       0x34 C:/ST/STM32CubeIDE_1.13.1/STM32CubeIDE/plugins/com.st.stm32cube.ide.mcu.externaltools.gnu-tools-for-stm32.11.3.rel1.win32_1.1.100.202309141235/tools/bin/../lib/gcc/arm-none-eabi/11.3.1/../../../../arm-none-eabi/lib/thumb/v7e-m+fp/hard\libc_nano.a(libc_a-impure.o)
 .ARM.attributes
                0x00000000000005ef       0x34 C:/ST/STM32CubeIDE_1.13.1/STM32CubeIDE/plugins/com.st.stm32cube.ide.mcu.externaltools.gnu-tools-for-stm32.11.3.rel1.win32_1.1.100.202309141235/tools/bin/../lib/gcc/arm-none-eabi/11.3.1/../../../../arm-none-eabi/lib/thumb/v7e-m+fp/hard\libc_nano.a(libc_a-sbrkr.o)
 .ARM.attributes
                0x0000000000000623       0x34 C:/ST/STM32CubeIDE_1.13.1/STM32CubeIDE/plugins/com.st.stm32cube.ide.mcu.externaltools.gnu-tools-for-stm32.11.3.rel1.win32_1.1.100.202309141235/tools/bin/../lib/gcc/arm-none-eabi/11.3.1/../../../../arm-none-eabi/lib/thumb/v7e-m+fp/hard\libc_nano.a(libc_a-errno.o)
 .ARM.attributes
                0x0000000000000657       0x34 C:/ST/STM32CubeIDE_1.13.1/STM32CubeIDE/plugins/com.st.stm32cube.ide.mcu.externaltools.gnu-tools-for-stm32.11.3.rel1.win32_1.1.100.202309141235/tools/bin/../lib/gcc/arm-none-eabi/11.3.1/../../../../arm-none-eabi/lib/thumb/v7e-m+fp/hard\libc_nano.a(libc_a-init.o)
 .ARM.attributes
                0x000000000000068b       0x34 C:/ST/STM32CubeIDE_1.13.1/STM32CubeIDE/plugins/com.st.stm32cube.ide.mcu.externaltools.gnu-tools-for-stm32.11.3.rel1.win32_1.1.100.202309141235/tools/bin/../lib/gcc/arm-none-eabi/11.3.1/../../../../arm-none-eabi/lib/thumb/v7e-m+fp/hard\libc_nano.a(libc_a-lock.o)
 .ARM.attributes
                0x00000000000006bf       0x34 C:/ST/STM32CubeIDE_1.13.1/STM32CubeIDE/plugins/com.st.stm32cube.ide.mcu.externaltools.gnu-tools-for-stm32.11.3.rel1.win32_1.1.100.202309141235/tools/bin/../lib/gcc/arm-none-eabi/11.3.1/../../../../arm-none-eabi/lib/thumb/v7e-m+fp/hard\libc_nano.a(libc_a-memcpy-stub.o)
 .ARM.attributes
                0x00000000000006f3       0x34 C:/ST/STM32CubeIDE_1.13.1/STM32CubeIDE/plugins/com.st.stm32cube.ide.mcu.externaltools.gnu-tools-for-stm32.11.3.rel1.win32_1.1.100.202309141235/tools/bin/../lib/gcc/arm-none-eabi/11.3.1/../../../../arm-none-eabi/lib/thumb/v7e-m+fp/hard\libc_nano.a(libc_a-freer.o)
 .ARM.attributes
                0x0000000000000727       0x1e C:/ST/STM32CubeIDE_1.13.1/STM32CubeIDE/plugins/com.st.stm32cube.ide.mcu.externaltools.gnu-tools-for-stm32.11.3.rel1.win32_1.1.100.202309141235/tools/bin/../lib/gcc/arm-none-eabi/11.3.1/thumb/v7e-m+fp/hard/crtn.o
OUTPUT(Balanceig_Nucleo.elf elf32-littlearm)
LOAD linker stubs
LOAD C:/ST/STM32CubeIDE_1.13.1/STM32CubeIDE/plugins/com.st.stm32cube.ide.mcu.externaltools.gnu-tools-for-stm32.11.3.rel1.win32_1.1.100.202309141235/tools/bin/../lib/gcc/arm-none-eabi/11.3.1/../../../../arm-none-eabi/lib/thumb/v7e-m+fp/hard\libc.a
LOAD C:/ST/STM32CubeIDE_1.13.1/STM32CubeIDE/plugins/com.st.stm32cube.ide.mcu.externaltools.gnu-tools-for-stm32.11.3.rel1.win32_1.1.100.202309141235/tools/bin/../lib/gcc/arm-none-eabi/11.3.1/../../../../arm-none-eabi/lib/thumb/v7e-m+fp/hard\libm.a
LOAD C:/ST/STM32CubeIDE_1.13.1/STM32CubeIDE/plugins/com.st.stm32cube.ide.mcu.externaltools.gnu-tools-for-stm32.11.3.rel1.win32_1.1.100.202309141235/tools/bin/../lib/gcc/arm-none-eabi/11.3.1/thumb/v7e-m+fp/hard\libgcc.a

.comment        0x0000000000000000       0x43
 .comment       0x0000000000000000       0x43 C:/ST/STM32CubeIDE_1.13.1/STM32CubeIDE/plugins/com.st.stm32cube.ide.mcu.externaltools.gnu-tools-for-stm32.11.3.rel1.win32_1.1.100.202309141235/tools/bin/../lib/gcc/arm-none-eabi/11.3.1/thumb/v7e-m+fp/hard/crtbegin.o
                                         0x44 (size before relaxing)
 .comment       0x0000000000000043       0x44 ./Core/Src/LTC6811-1_eTechRacing.o
 .comment       0x0000000000000043       0x44 ./Core/Src/eTechRacing.o
 .comment       0x0000000000000043       0x44 ./Core/Src/main.o
 .comment       0x0000000000000043       0x44 ./Core/Src/stm32l4xx_hal_msp.o
 .comment       0x0000000000000043       0x44 ./Core/Src/stm32l4xx_it.o
 .comment       0x0000000000000043       0x44 ./Core/Src/sysmem.o
 .comment       0x0000000000000043       0x44 ./Core/Src/system_stm32l4xx.o
 .comment       0x0000000000000043       0x44 ./Drivers/STM32L4xx_HAL_Driver/Src/stm32l4xx_hal.o
 .comment       0x0000000000000043       0x44 ./Drivers/STM32L4xx_HAL_Driver/Src/stm32l4xx_hal_cortex.o
 .comment       0x0000000000000043       0x44 ./Drivers/STM32L4xx_HAL_Driver/Src/stm32l4xx_hal_gpio.o
 .comment       0x0000000000000043       0x44 ./Drivers/STM32L4xx_HAL_Driver/Src/stm32l4xx_hal_pcd.o
 .comment       0x0000000000000043       0x44 ./Drivers/STM32L4xx_HAL_Driver/Src/stm32l4xx_hal_pcd_ex.o
 .comment       0x0000000000000043       0x44 ./Drivers/STM32L4xx_HAL_Driver/Src/stm32l4xx_hal_pwr.o
 .comment       0x0000000000000043       0x44 ./Drivers/STM32L4xx_HAL_Driver/Src/stm32l4xx_hal_pwr_ex.o
 .comment       0x0000000000000043       0x44 ./Drivers/STM32L4xx_HAL_Driver/Src/stm32l4xx_hal_rcc.o
 .comment       0x0000000000000043       0x44 ./Drivers/STM32L4xx_HAL_Driver/Src/stm32l4xx_hal_rcc_ex.o
 .comment       0x0000000000000043       0x44 ./Drivers/STM32L4xx_HAL_Driver/Src/stm32l4xx_hal_spi.o
 .comment       0x0000000000000043       0x44 ./Drivers/STM32L4xx_HAL_Driver/Src/stm32l4xx_hal_tim.o
 .comment       0x0000000000000043       0x44 ./Drivers/STM32L4xx_HAL_Driver/Src/stm32l4xx_hal_tim_ex.o
 .comment       0x0000000000000043       0x44 ./Drivers/STM32L4xx_HAL_Driver/Src/stm32l4xx_ll_usb.o

.debug_info     0x0000000000000000    0x13844
 .debug_info    0x0000000000000000     0x155e ./Core/Src/LTC6811-1_eTechRacing.o
 .debug_info    0x000000000000155e      0xc8f ./Core/Src/eTechRacing.o
 .debug_info    0x00000000000021ed     0x1998 ./Core/Src/main.o
 .debug_info    0x0000000000003b85     0x1607 ./Core/Src/stm32l4xx_hal_msp.o
 .debug_info    0x000000000000518c      0x113 ./Core/Src/stm32l4xx_it.o
 .debug_info    0x000000000000529f      0x168 ./Core/Src/sysmem.o
 .debug_info    0x0000000000005407      0x5cd ./Core/Src/system_stm32l4xx.o
 .debug_info    0x00000000000059d4       0x23 ./Core/Startup/startup_stm32l496zgtx.o
 .debug_info    0x00000000000059f7      0xb4b ./Drivers/STM32L4xx_HAL_Driver/Src/stm32l4xx_hal.o
 .debug_info    0x0000000000006542      0xd82 ./Drivers/STM32L4xx_HAL_Driver/Src/stm32l4xx_hal_cortex.o
 .debug_info    0x00000000000072c4      0x76f ./Drivers/STM32L4xx_HAL_Driver/Src/stm32l4xx_hal_gpio.o
 .debug_info    0x0000000000007a33     0x14c8 ./Drivers/STM32L4xx_HAL_Driver/Src/stm32l4xx_hal_pcd.o
 .debug_info    0x0000000000008efb      0x89e ./Drivers/STM32L4xx_HAL_Driver/Src/stm32l4xx_hal_pcd_ex.o
 .debug_info    0x0000000000009799      0x956 ./Drivers/STM32L4xx_HAL_Driver/Src/stm32l4xx_hal_pwr.o
 .debug_info    0x000000000000a0ef      0x996 ./Drivers/STM32L4xx_HAL_Driver/Src/stm32l4xx_hal_pwr_ex.o
 .debug_info    0x000000000000aa85      0xc3b ./Drivers/STM32L4xx_HAL_Driver/Src/stm32l4xx_hal_rcc.o
 .debug_info    0x000000000000b6c0     0x10c1 ./Drivers/STM32L4xx_HAL_Driver/Src/stm32l4xx_hal_rcc_ex.o
 .debug_info    0x000000000000c781     0x161a ./Drivers/STM32L4xx_HAL_Driver/Src/stm32l4xx_hal_spi.o
 .debug_info    0x000000000000dd9b     0x2a9a ./Drivers/STM32L4xx_HAL_Driver/Src/stm32l4xx_hal_tim.o
 .debug_info    0x0000000000010835     0x169e ./Drivers/STM32L4xx_HAL_Driver/Src/stm32l4xx_hal_tim_ex.o
 .debug_info    0x0000000000011ed3     0x1971 ./Drivers/STM32L4xx_HAL_Driver/Src/stm32l4xx_ll_usb.o

.debug_abbrev   0x0000000000000000     0x2d34
 .debug_abbrev  0x0000000000000000      0x2f9 ./Core/Src/LTC6811-1_eTechRacing.o
 .debug_abbrev  0x00000000000002f9      0x26e ./Core/Src/eTechRacing.o
 .debug_abbrev  0x0000000000000567      0x333 ./Core/Src/main.o
 .debug_abbrev  0x000000000000089a      0x293 ./Core/Src/stm32l4xx_hal_msp.o
 .debug_abbrev  0x0000000000000b2d       0x73 ./Core/Src/stm32l4xx_it.o
 .debug_abbrev  0x0000000000000ba0       0xbc ./Core/Src/sysmem.o
 .debug_abbrev  0x0000000000000c5c      0x11a ./Core/Src/system_stm32l4xx.o
 .debug_abbrev  0x0000000000000d76       0x12 ./Core/Startup/startup_stm32l496zgtx.o
 .debug_abbrev  0x0000000000000d88      0x242 ./Drivers/STM32L4xx_HAL_Driver/Src/stm32l4xx_hal.o
 .debug_abbrev  0x0000000000000fca      0x327 ./Drivers/STM32L4xx_HAL_Driver/Src/stm32l4xx_hal_cortex.o
 .debug_abbrev  0x00000000000012f1      0x1cb ./Drivers/STM32L4xx_HAL_Driver/Src/stm32l4xx_hal_gpio.o
 .debug_abbrev  0x00000000000014bc      0x2cf ./Drivers/STM32L4xx_HAL_Driver/Src/stm32l4xx_hal_pcd.o
 .debug_abbrev  0x000000000000178b      0x256 ./Drivers/STM32L4xx_HAL_Driver/Src/stm32l4xx_hal_pcd_ex.o
 .debug_abbrev  0x00000000000019e1      0x1d4 ./Drivers/STM32L4xx_HAL_Driver/Src/stm32l4xx_hal_pwr.o
 .debug_abbrev  0x0000000000001bb5      0x1f9 ./Drivers/STM32L4xx_HAL_Driver/Src/stm32l4xx_hal_pwr_ex.o
 .debug_abbrev  0x0000000000001dae      0x2cb ./Drivers/STM32L4xx_HAL_Driver/Src/stm32l4xx_hal_rcc.o
 .debug_abbrev  0x0000000000002079      0x2a3 ./Drivers/STM32L4xx_HAL_Driver/Src/stm32l4xx_hal_rcc_ex.o
 .debug_abbrev  0x000000000000231c      0x26a ./Drivers/STM32L4xx_HAL_Driver/Src/stm32l4xx_hal_spi.o
 .debug_abbrev  0x0000000000002586      0x278 ./Drivers/STM32L4xx_HAL_Driver/Src/stm32l4xx_hal_tim.o
 .debug_abbrev  0x00000000000027fe      0x283 ./Drivers/STM32L4xx_HAL_Driver/Src/stm32l4xx_hal_tim_ex.o
 .debug_abbrev  0x0000000000002a81      0x2b3 ./Drivers/STM32L4xx_HAL_Driver/Src/stm32l4xx_ll_usb.o

.debug_aranges  0x0000000000000000     0x12c8
 .debug_aranges
                0x0000000000000000       0x90 ./Core/Src/LTC6811-1_eTechRacing.o
 .debug_aranges
                0x0000000000000090       0x38 ./Core/Src/eTechRacing.o
 .debug_aranges
                0x00000000000000c8       0x50 ./Core/Src/main.o
 .debug_aranges
                0x0000000000000118       0x50 ./Core/Src/stm32l4xx_hal_msp.o
 .debug_aranges
                0x0000000000000168       0x60 ./Core/Src/stm32l4xx_it.o
 .debug_aranges
                0x00000000000001c8       0x20 ./Core/Src/sysmem.o
 .debug_aranges
                0x00000000000001e8       0x28 ./Core/Src/system_stm32l4xx.o
 .debug_aranges
                0x0000000000000210       0x28 ./Core/Startup/startup_stm32l496zgtx.o
 .debug_aranges
                0x0000000000000238      0x130 ./Drivers/STM32L4xx_HAL_Driver/Src/stm32l4xx_hal.o
 .debug_aranges
                0x0000000000000368      0x118 ./Drivers/STM32L4xx_HAL_Driver/Src/stm32l4xx_hal_cortex.o
 .debug_aranges
                0x0000000000000480       0x58 ./Drivers/STM32L4xx_HAL_Driver/Src/stm32l4xx_hal_gpio.o
 .debug_aranges
                0x00000000000004d8      0x138 ./Drivers/STM32L4xx_HAL_Driver/Src/stm32l4xx_hal_pcd.o
 .debug_aranges
                0x0000000000000610       0x60 ./Drivers/STM32L4xx_HAL_Driver/Src/stm32l4xx_hal_pcd_ex.o
 .debug_aranges
                0x0000000000000670       0x98 ./Drivers/STM32L4xx_HAL_Driver/Src/stm32l4xx_hal_pwr.o
 .debug_aranges
                0x0000000000000708      0x150 ./Drivers/STM32L4xx_HAL_Driver/Src/stm32l4xx_hal_pwr_ex.o
 .debug_aranges
                0x0000000000000858       0x90 ./Drivers/STM32L4xx_HAL_Driver/Src/stm32l4xx_hal_rcc.o
 .debug_aranges
                0x00000000000008e8      0x108 ./Drivers/STM32L4xx_HAL_Driver/Src/stm32l4xx_hal_rcc_ex.o
 .debug_aranges
                0x00000000000009f0      0x1d8 ./Drivers/STM32L4xx_HAL_Driver/Src/stm32l4xx_hal_spi.o
 .debug_aranges
                0x0000000000000bc8      0x3e0 ./Drivers/STM32L4xx_HAL_Driver/Src/stm32l4xx_hal_tim.o
 .debug_aranges
                0x0000000000000fa8      0x180 ./Drivers/STM32L4xx_HAL_Driver/Src/stm32l4xx_hal_tim_ex.o
 .debug_aranges
                0x0000000000001128      0x1a0 ./Drivers/STM32L4xx_HAL_Driver/Src/stm32l4xx_ll_usb.o

.debug_rnglists
                0x0000000000000000      0xe78
 .debug_rnglists
                0x0000000000000000       0x73 ./Core/Src/LTC6811-1_eTechRacing.o
 .debug_rnglists
                0x0000000000000073       0x25 ./Core/Src/eTechRacing.o
 .debug_rnglists
                0x0000000000000098       0x3b ./Core/Src/main.o
 .debug_rnglists
                0x00000000000000d3       0x39 ./Core/Src/stm32l4xx_hal_msp.o
 .debug_rnglists
                0x000000000000010c       0x43 ./Core/Src/stm32l4xx_it.o
 .debug_rnglists
                0x000000000000014f       0x13 ./Core/Src/sysmem.o
 .debug_rnglists
                0x0000000000000162       0x1a ./Core/Src/system_stm32l4xx.o
 .debug_rnglists
                0x000000000000017c       0x19 ./Core/Startup/startup_stm32l496zgtx.o
 .debug_rnglists
                0x0000000000000195       0xdf ./Drivers/STM32L4xx_HAL_Driver/Src/stm32l4xx_hal.o
 .debug_rnglists
                0x0000000000000274       0xce ./Drivers/STM32L4xx_HAL_Driver/Src/stm32l4xx_hal_cortex.o
 .debug_rnglists
                0x0000000000000342       0x3f ./Drivers/STM32L4xx_HAL_Driver/Src/stm32l4xx_hal_gpio.o
 .debug_rnglists
                0x0000000000000381       0xed ./Drivers/STM32L4xx_HAL_Driver/Src/stm32l4xx_hal_pcd.o
 .debug_rnglists
                0x000000000000046e       0x45 ./Drivers/STM32L4xx_HAL_Driver/Src/stm32l4xx_hal_pcd_ex.o
 .debug_rnglists
                0x00000000000004b3       0x6e ./Drivers/STM32L4xx_HAL_Driver/Src/stm32l4xx_hal_pwr.o
 .debug_rnglists
                0x0000000000000521       0xfd ./Drivers/STM32L4xx_HAL_Driver/Src/stm32l4xx_hal_pwr_ex.o
 .debug_rnglists
                0x000000000000061e       0x6d ./Drivers/STM32L4xx_HAL_Driver/Src/stm32l4xx_hal_rcc.o
 .debug_rnglists
                0x000000000000068b       0xce ./Drivers/STM32L4xx_HAL_Driver/Src/stm32l4xx_hal_rcc_ex.o
 .debug_rnglists
                0x0000000000000759      0x178 ./Drivers/STM32L4xx_HAL_Driver/Src/stm32l4xx_hal_spi.o
 .debug_rnglists
                0x00000000000008d1      0x328 ./Drivers/STM32L4xx_HAL_Driver/Src/stm32l4xx_hal_tim.o
 .debug_rnglists
                0x0000000000000bf9      0x139 ./Drivers/STM32L4xx_HAL_Driver/Src/stm32l4xx_hal_tim_ex.o
 .debug_rnglists
                0x0000000000000d32      0x146 ./Drivers/STM32L4xx_HAL_Driver/Src/stm32l4xx_ll_usb.o

.debug_macro    0x0000000000000000    0x2a846
 .debug_macro   0x0000000000000000      0x316 ./Core/Src/LTC6811-1_eTechRacing.o
 .debug_macro   0x0000000000000316      0xaa8 ./Core/Src/LTC6811-1_eTechRacing.o
 .debug_macro   0x0000000000000dbe      0x1ad ./Core/Src/LTC6811-1_eTechRacing.o
 .debug_macro   0x0000000000000f6b       0x2e ./Core/Src/LTC6811-1_eTechRacing.o
 .debug_macro   0x0000000000000f99       0x28 ./Core/Src/LTC6811-1_eTechRacing.o
 .debug_macro   0x0000000000000fc1       0x22 ./Core/Src/LTC6811-1_eTechRacing.o
 .debug_macro   0x0000000000000fe3       0x8e ./Core/Src/LTC6811-1_eTechRacing.o
 .debug_macro   0x0000000000001071       0x51 ./Core/Src/LTC6811-1_eTechRacing.o
 .debug_macro   0x00000000000010c2      0x103 ./Core/Src/LTC6811-1_eTechRacing.o
 .debug_macro   0x00000000000011c5       0x6a ./Core/Src/LTC6811-1_eTechRacing.o
 .debug_macro   0x000000000000122f      0x1df ./Core/Src/LTC6811-1_eTechRacing.o
 .debug_macro   0x000000000000140e       0x1c ./Core/Src/LTC6811-1_eTechRacing.o
 .debug_macro   0x000000000000142a       0x22 ./Core/Src/LTC6811-1_eTechRacing.o
 .debug_macro   0x000000000000144c       0xfb ./Core/Src/LTC6811-1_eTechRacing.o
 .debug_macro   0x0000000000001547     0x1011 ./Core/Src/LTC6811-1_eTechRacing.o
 .debug_macro   0x0000000000002558      0x11f ./Core/Src/LTC6811-1_eTechRacing.o
 .debug_macro   0x0000000000002677    0x1c1e2 ./Core/Src/LTC6811-1_eTechRacing.o
 .debug_macro   0x000000000001e859       0x6d ./Core/Src/LTC6811-1_eTechRacing.o
 .debug_macro   0x000000000001e8c6     0x38e6 ./Core/Src/LTC6811-1_eTechRacing.o
 .debug_macro   0x00000000000221ac      0x174 ./Core/Src/LTC6811-1_eTechRacing.o
 .debug_macro   0x0000000000022320       0x5c ./Core/Src/LTC6811-1_eTechRacing.o
 .debug_macro   0x000000000002237c     0x187d ./Core/Src/LTC6811-1_eTechRacing.o
 .debug_macro   0x0000000000023bf9      0x773 ./Core/Src/LTC6811-1_eTechRacing.o
 .debug_macro   0x000000000002436c      0x1b9 ./Core/Src/LTC6811-1_eTechRacing.o
 .debug_macro   0x0000000000024525      0x202 ./Core/Src/LTC6811-1_eTechRacing.o
 .debug_macro   0x0000000000024727      0x26b ./Core/Src/LTC6811-1_eTechRacing.o
 .debug_macro   0x0000000000024992      0x23d ./Core/Src/LTC6811-1_eTechRacing.o
 .debug_macro   0x0000000000024bcf      0x241 ./Core/Src/LTC6811-1_eTechRacing.o
 .debug_macro   0x0000000000024e10      0x3ad ./Core/Src/LTC6811-1_eTechRacing.o
 .debug_macro   0x00000000000251bd       0xe4 ./Core/Src/LTC6811-1_eTechRacing.o
 .debug_macro   0x00000000000252a1      0x209 ./Core/Src/LTC6811-1_eTechRacing.o
 .debug_macro   0x00000000000254aa       0x97 ./Core/Src/LTC6811-1_eTechRacing.o
 .debug_macro   0x0000000000025541      0x122 ./Core/Src/LTC6811-1_eTechRacing.o
 .debug_macro   0x0000000000025663      0x3ef ./Core/Src/LTC6811-1_eTechRacing.o
 .debug_macro   0x0000000000025a52      0x2fe ./Core/Src/LTC6811-1_eTechRacing.o
 .debug_macro   0x0000000000025d50      0xa98 ./Core/Src/LTC6811-1_eTechRacing.o
 .debug_macro   0x00000000000267e8      0x1fb ./Core/Src/LTC6811-1_eTechRacing.o
 .debug_macro   0x00000000000269e3      0x433 ./Core/Src/LTC6811-1_eTechRacing.o
 .debug_macro   0x0000000000026e16       0xb8 ./Core/Src/LTC6811-1_eTechRacing.o
 .debug_macro   0x0000000000026ece       0x6a ./Core/Src/LTC6811-1_eTechRacing.o
 .debug_macro   0x0000000000026f38       0x2a ./Core/Src/LTC6811-1_eTechRacing.o
 .debug_macro   0x0000000000026f62       0x61 ./Core/Src/LTC6811-1_eTechRacing.o
 .debug_macro   0x0000000000026fc3       0x43 ./Core/Src/LTC6811-1_eTechRacing.o
 .debug_macro   0x0000000000027006       0x34 ./Core/Src/LTC6811-1_eTechRacing.o
 .debug_macro   0x000000000002703a       0x16 ./Core/Src/LTC6811-1_eTechRacing.o
 .debug_macro   0x0000000000027050       0x35 ./Core/Src/LTC6811-1_eTechRacing.o
 .debug_macro   0x0000000000027085       0x16 ./Core/Src/LTC6811-1_eTechRacing.o
 .debug_macro   0x000000000002709b       0x43 ./Core/Src/LTC6811-1_eTechRacing.o
 .debug_macro   0x00000000000270de       0x34 ./Core/Src/LTC6811-1_eTechRacing.o
 .debug_macro   0x0000000000027112       0x10 ./Core/Src/LTC6811-1_eTechRacing.o
 .debug_macro   0x0000000000027122       0x58 ./Core/Src/LTC6811-1_eTechRacing.o
 .debug_macro   0x000000000002717a       0x8e ./Core/Src/LTC6811-1_eTechRacing.o
 .debug_macro   0x0000000000027208       0x1c ./Core/Src/LTC6811-1_eTechRacing.o
 .debug_macro   0x0000000000027224      0x177 ./Core/Src/LTC6811-1_eTechRacing.o
 .debug_macro   0x000000000002739b      0x369 ./Core/Src/LTC6811-1_eTechRacing.o
 .debug_macro   0x0000000000027704       0x16 ./Core/Src/LTC6811-1_eTechRacing.o
 .debug_macro   0x000000000002771a       0x29 ./Core/Src/LTC6811-1_eTechRacing.o
 .debug_macro   0x0000000000027743       0x10 ./Core/Src/LTC6811-1_eTechRacing.o
 .debug_macro   0x0000000000027753      0x460 ./Core/Src/LTC6811-1_eTechRacing.o
 .debug_macro   0x0000000000027bb3      0x191 ./Core/Src/LTC6811-1_eTechRacing.o
 .debug_macro   0x0000000000027d44       0x2e ./Core/Src/LTC6811-1_eTechRacing.o
 .debug_macro   0x0000000000027d72      0x2d7 ./Core/Src/eTechRacing.o
 .debug_macro   0x0000000000028049       0x70 ./Core/Src/eTechRacing.o
 .debug_macro   0x00000000000280b9      0x31d ./Core/Src/main.o
 .debug_macro   0x00000000000283d6       0x16 ./Core/Src/main.o
 .debug_macro   0x00000000000283ec       0x10 ./Core/Src/main.o
 .debug_macro   0x00000000000283fc       0x16 ./Core/Src/main.o
 .debug_macro   0x0000000000028412       0x16 ./Core/Src/main.o
 .debug_macro   0x0000000000028428      0x147 ./Core/Src/main.o
 .debug_macro   0x000000000002856f      0x1f4 ./Core/Src/stm32l4xx_hal_msp.o
 .debug_macro   0x0000000000028763      0x1fe ./Core/Src/stm32l4xx_it.o
 .debug_macro   0x0000000000028961       0xff ./Core/Src/sysmem.o
 .debug_macro   0x0000000000028a60      0x23c ./Core/Src/sysmem.o
 .debug_macro   0x0000000000028c9c      0x1e5 ./Core/Src/system_stm32l4xx.o
 .debug_macro   0x0000000000028e81      0x233 ./Drivers/STM32L4xx_HAL_Driver/Src/stm32l4xx_hal.o
 .debug_macro   0x00000000000290b4      0x1e5 ./Drivers/STM32L4xx_HAL_Driver/Src/stm32l4xx_hal_cortex.o
 .debug_macro   0x0000000000029299      0x1ec ./Drivers/STM32L4xx_HAL_Driver/Src/stm32l4xx_hal_gpio.o
 .debug_macro   0x0000000000029485      0x1f1 ./Drivers/STM32L4xx_HAL_Driver/Src/stm32l4xx_hal_pcd.o
 .debug_macro   0x0000000000029676      0x1e5 ./Drivers/STM32L4xx_HAL_Driver/Src/stm32l4xx_hal_pcd_ex.o
 .debug_macro   0x000000000002985b      0x1fd ./Drivers/STM32L4xx_HAL_Driver/Src/stm32l4xx_hal_pwr.o
 .debug_macro   0x0000000000029a58      0x20f ./Drivers/STM32L4xx_HAL_Driver/Src/stm32l4xx_hal_pwr_ex.o
 .debug_macro   0x0000000000029c67      0x227 ./Drivers/STM32L4xx_HAL_Driver/Src/stm32l4xx_hal_rcc.o
 .debug_macro   0x0000000000029e8e      0x21b ./Drivers/STM32L4xx_HAL_Driver/Src/stm32l4xx_hal_rcc_ex.o
 .debug_macro   0x000000000002a0a9      0x1ed ./Drivers/STM32L4xx_HAL_Driver/Src/stm32l4xx_hal_spi.o
 .debug_macro   0x000000000002a296      0x1e6 ./Drivers/STM32L4xx_HAL_Driver/Src/stm32l4xx_hal_tim.o
 .debug_macro   0x000000000002a47c      0x1e5 ./Drivers/STM32L4xx_HAL_Driver/Src/stm32l4xx_hal_tim_ex.o
 .debug_macro   0x000000000002a661      0x1e5 ./Drivers/STM32L4xx_HAL_Driver/Src/stm32l4xx_ll_usb.o

.debug_line     0x0000000000000000    0x15d2e
 .debug_line    0x0000000000000000     0x139d ./Core/Src/LTC6811-1_eTechRacing.o
 .debug_line    0x000000000000139d      0x9f9 ./Core/Src/eTechRacing.o
 .debug_line    0x0000000000001d96      0xb63 ./Core/Src/main.o
 .debug_line    0x00000000000028f9      0x8ba ./Core/Src/stm32l4xx_hal_msp.o
 .debug_line    0x00000000000031b3      0x857 ./Core/Src/stm32l4xx_it.o
 .debug_line    0x0000000000003a0a      0x583 ./Core/Src/sysmem.o
 .debug_line    0x0000000000003f8d      0x82c ./Core/Src/system_stm32l4xx.o
 .debug_line    0x00000000000047b9       0x7a ./Core/Startup/startup_stm32l496zgtx.o
 .debug_line    0x0000000000004833      0xb84 ./Drivers/STM32L4xx_HAL_Driver/Src/stm32l4xx_hal.o
 .debug_line    0x00000000000053b7      0xd2b ./Drivers/STM32L4xx_HAL_Driver/Src/stm32l4xx_hal_cortex.o
 .debug_line    0x00000000000060e2      0xbe0 ./Drivers/STM32L4xx_HAL_Driver/Src/stm32l4xx_hal_gpio.o
 .debug_line    0x0000000000006cc2     0x1392 ./Drivers/STM32L4xx_HAL_Driver/Src/stm32l4xx_hal_pcd.o
 .debug_line    0x0000000000008054      0x964 ./Drivers/STM32L4xx_HAL_Driver/Src/stm32l4xx_hal_pcd_ex.o
 .debug_line    0x00000000000089b8      0x961 ./Drivers/STM32L4xx_HAL_Driver/Src/stm32l4xx_hal_pwr.o
 .debug_line    0x0000000000009319      0xd56 ./Drivers/STM32L4xx_HAL_Driver/Src/stm32l4xx_hal_pwr_ex.o
 .debug_line    0x000000000000a06f     0x1043 ./Drivers/STM32L4xx_HAL_Driver/Src/stm32l4xx_hal_rcc.o
 .debug_line    0x000000000000b0b2     0x17c8 ./Drivers/STM32L4xx_HAL_Driver/Src/stm32l4xx_hal_rcc_ex.o
 .debug_line    0x000000000000c87a     0x1ff1 ./Drivers/STM32L4xx_HAL_Driver/Src/stm32l4xx_hal_spi.o
 .debug_line    0x000000000000e86b     0x3e5e ./Drivers/STM32L4xx_HAL_Driver/Src/stm32l4xx_hal_tim.o
 .debug_line    0x00000000000126c9     0x1c93 ./Drivers/STM32L4xx_HAL_Driver/Src/stm32l4xx_hal_tim_ex.o
 .debug_line    0x000000000001435c     0x19d2 ./Drivers/STM32L4xx_HAL_Driver/Src/stm32l4xx_ll_usb.o

.debug_str      0x0000000000000000   0x10216a
 .debug_str     0x0000000000000000    0xfc0b0 ./Core/Src/LTC6811-1_eTechRacing.o
                                      0xfc4a2 (size before relaxing)
 .debug_str     0x00000000000fc0b0       0xc4 ./Core/Src/eTechRacing.o
                                      0xfa511 (size before relaxing)
 .debug_str     0x00000000000fc174      0xf10 ./Core/Src/main.o
                                      0xfb4c3 (size before relaxing)
 .debug_str     0x00000000000fd084      0x347 ./Core/Src/stm32l4xx_hal_msp.o
                                      0xf7a17 (size before relaxing)
 .debug_str     0x00000000000fd3cb       0xc9 ./Core/Src/stm32l4xx_it.o
                                      0xf6a32 (size before relaxing)
 .debug_str     0x00000000000fd494      0x4dc ./Core/Src/sysmem.o
                                       0x607e (size before relaxing)
 .debug_str     0x00000000000fd970       0xf2 ./Core/Src/system_stm32l4xx.o
                                      0xf6917 (size before relaxing)
 .debug_str     0x00000000000fda62       0x7b ./Core/Startup/startup_stm32l496zgtx.o
 .debug_str     0x00000000000fdadd      0xb00 ./Drivers/STM32L4xx_HAL_Driver/Src/stm32l4xx_hal.o
                                      0xf751f (size before relaxing)
 .debug_str     0x00000000000fe5dd      0x344 ./Drivers/STM32L4xx_HAL_Driver/Src/stm32l4xx_hal_cortex.o
                                      0xf71c0 (size before relaxing)
 .debug_str     0x00000000000fe921      0x122 ./Drivers/STM32L4xx_HAL_Driver/Src/stm32l4xx_hal_gpio.o
                                      0xf6a91 (size before relaxing)
 .debug_str     0x00000000000fea43      0x7e9 ./Drivers/STM32L4xx_HAL_Driver/Src/stm32l4xx_hal_pcd.o
                                      0xf738b (size before relaxing)
 .debug_str     0x00000000000ff22c      0x174 ./Drivers/STM32L4xx_HAL_Driver/Src/stm32l4xx_hal_pcd_ex.o
                                      0xf6d59 (size before relaxing)
 .debug_str     0x00000000000ff3a0      0x357 ./Drivers/STM32L4xx_HAL_Driver/Src/stm32l4xx_hal_pwr.o
                                      0xf6c8e (size before relaxing)
 .debug_str     0x00000000000ff6f7      0x3db ./Drivers/STM32L4xx_HAL_Driver/Src/stm32l4xx_hal_pwr_ex.o
                                      0xf6e66 (size before relaxing)
 .debug_str     0x00000000000ffad2      0x398 ./Drivers/STM32L4xx_HAL_Driver/Src/stm32l4xx_hal_rcc.o
                                      0xf6f64 (size before relaxing)
 .debug_str     0x00000000000ffe6a      0x54c ./Drivers/STM32L4xx_HAL_Driver/Src/stm32l4xx_hal_rcc_ex.o
                                      0xf72ff (size before relaxing)
 .debug_str     0x00000000001003b6      0x583 ./Drivers/STM32L4xx_HAL_Driver/Src/stm32l4xx_hal_spi.o
                                      0xf712b (size before relaxing)
 .debug_str     0x0000000000100939      0xe31 ./Drivers/STM32L4xx_HAL_Driver/Src/stm32l4xx_hal_tim.o
                                      0xf7c4a (size before relaxing)
 .debug_str     0x000000000010176a      0x588 ./Drivers/STM32L4xx_HAL_Driver/Src/stm32l4xx_hal_tim_ex.o
                                      0xf755e (size before relaxing)
 .debug_str     0x0000000000101cf2      0x478 ./Drivers/STM32L4xx_HAL_Driver/Src/stm32l4xx_ll_usb.o
                                      0xf7263 (size before relaxing)

.debug_frame    0x0000000000000000     0x531c
 .debug_frame   0x0000000000000000      0x2e8 ./Core/Src/LTC6811-1_eTechRacing.o
 .debug_frame   0x00000000000002e8       0xbc ./Core/Src/eTechRacing.o
 .debug_frame   0x00000000000003a4       0xf0 ./Core/Src/main.o
 .debug_frame   0x0000000000000494      0x11c ./Core/Src/stm32l4xx_hal_msp.o
 .debug_frame   0x00000000000005b0      0x104 ./Core/Src/stm32l4xx_it.o
 .debug_frame   0x00000000000006b4       0x34 ./Core/Src/sysmem.o
 .debug_frame   0x00000000000006e8       0x58 ./Core/Src/system_stm32l4xx.o
 .debug_frame   0x0000000000000740      0x498 ./Drivers/STM32L4xx_HAL_Driver/Src/stm32l4xx_hal.o
 .debug_frame   0x0000000000000bd8      0x498 ./Drivers/STM32L4xx_HAL_Driver/Src/stm32l4xx_hal_cortex.o
 .debug_frame   0x0000000000001070      0x14c ./Drivers/STM32L4xx_HAL_Driver/Src/stm32l4xx_hal_gpio.o
 .debug_frame   0x00000000000011bc      0x568 ./Drivers/STM32L4xx_HAL_Driver/Src/stm32l4xx_hal_pcd.o
 .debug_frame   0x0000000000001724      0x174 ./Drivers/STM32L4xx_HAL_Driver/Src/stm32l4xx_hal_pcd_ex.o
 .debug_frame   0x0000000000001898      0x230 ./Drivers/STM32L4xx_HAL_Driver/Src/stm32l4xx_hal_pwr.o
 .debug_frame   0x0000000000001ac8      0x544 ./Drivers/STM32L4xx_HAL_Driver/Src/stm32l4xx_hal_pwr_ex.o
 .debug_frame   0x000000000000200c      0x21c ./Drivers/STM32L4xx_HAL_Driver/Src/stm32l4xx_hal_rcc.o
 .debug_frame   0x0000000000002228      0x43c ./Drivers/STM32L4xx_HAL_Driver/Src/stm32l4xx_hal_rcc_ex.o
 .debug_frame   0x0000000000002664      0x860 ./Drivers/STM32L4xx_HAL_Driver/Src/stm32l4xx_hal_spi.o
 .debug_frame   0x0000000000002ec4     0x1218 ./Drivers/STM32L4xx_HAL_Driver/Src/stm32l4xx_hal_tim.o
 .debug_frame   0x00000000000040dc      0x6b0 ./Drivers/STM32L4xx_HAL_Driver/Src/stm32l4xx_hal_tim_ex.o
 .debug_frame   0x000000000000478c      0x7bc ./Drivers/STM32L4xx_HAL_Driver/Src/stm32l4xx_ll_usb.o
 .debug_frame   0x0000000000004f48       0x30 C:/ST/STM32CubeIDE_1.13.1/STM32CubeIDE/plugins/com.st.stm32cube.ide.mcu.externaltools.gnu-tools-for-stm32.11.3.rel1.win32_1.1.100.202309141235/tools/bin/../lib/gcc/arm-none-eabi/11.3.1/../../../../arm-none-eabi/lib/thumb/v7e-m+fp/hard\libc_nano.a(libc_a-malloc.o)
 .debug_frame   0x0000000000004f78       0x50 C:/ST/STM32CubeIDE_1.13.1/STM32CubeIDE/plugins/com.st.stm32cube.ide.mcu.externaltools.gnu-tools-for-stm32.11.3.rel1.win32_1.1.100.202309141235/tools/bin/../lib/gcc/arm-none-eabi/11.3.1/../../../../arm-none-eabi/lib/thumb/v7e-m+fp/hard\libc_nano.a(libc_a-mallocr.o)
 .debug_frame   0x0000000000004fc8       0x30 C:/ST/STM32CubeIDE_1.13.1/STM32CubeIDE/plugins/com.st.stm32cube.ide.mcu.externaltools.gnu-tools-for-stm32.11.3.rel1.win32_1.1.100.202309141235/tools/bin/../lib/gcc/arm-none-eabi/11.3.1/../../../../arm-none-eabi/lib/thumb/v7e-m+fp/hard\libc_nano.a(libc_a-mlock.o)
 .debug_frame   0x0000000000004ff8      0x144 C:/ST/STM32CubeIDE_1.13.1/STM32CubeIDE/plugins/com.st.stm32cube.ide.mcu.externaltools.gnu-tools-for-stm32.11.3.rel1.win32_1.1.100.202309141235/tools/bin/../lib/gcc/arm-none-eabi/11.3.1/../../../../arm-none-eabi/lib/thumb/v7e-m+fp/hard\libc_nano.a(libc_a-findfp.o)
 .debug_frame   0x000000000000513c       0x20 C:/ST/STM32CubeIDE_1.13.1/STM32CubeIDE/plugins/com.st.stm32cube.ide.mcu.externaltools.gnu-tools-for-stm32.11.3.rel1.win32_1.1.100.202309141235/tools/bin/../lib/gcc/arm-none-eabi/11.3.1/../../../../arm-none-eabi/lib/thumb/v7e-m+fp/hard\libc_nano.a(libc_a-memset.o)
 .debug_frame   0x000000000000515c       0x38 C:/ST/STM32CubeIDE_1.13.1/STM32CubeIDE/plugins/com.st.stm32cube.ide.mcu.externaltools.gnu-tools-for-stm32.11.3.rel1.win32_1.1.100.202309141235/tools/bin/../lib/gcc/arm-none-eabi/11.3.1/../../../../arm-none-eabi/lib/thumb/v7e-m+fp/hard\libc_nano.a(libc_a-reent.o)
 .debug_frame   0x0000000000005194       0x2c C:/ST/STM32CubeIDE_1.13.1/STM32CubeIDE/plugins/com.st.stm32cube.ide.mcu.externaltools.gnu-tools-for-stm32.11.3.rel1.win32_1.1.100.202309141235/tools/bin/../lib/gcc/arm-none-eabi/11.3.1/../../../../arm-none-eabi/lib/thumb/v7e-m+fp/hard\libc_nano.a(libc_a-sbrkr.o)
 .debug_frame   0x00000000000051c0       0x20 C:/ST/STM32CubeIDE_1.13.1/STM32CubeIDE/plugins/com.st.stm32cube.ide.mcu.externaltools.gnu-tools-for-stm32.11.3.rel1.win32_1.1.100.202309141235/tools/bin/../lib/gcc/arm-none-eabi/11.3.1/../../../../arm-none-eabi/lib/thumb/v7e-m+fp/hard\libc_nano.a(libc_a-errno.o)
 .debug_frame   0x00000000000051e0       0x2c C:/ST/STM32CubeIDE_1.13.1/STM32CubeIDE/plugins/com.st.stm32cube.ide.mcu.externaltools.gnu-tools-for-stm32.11.3.rel1.win32_1.1.100.202309141235/tools/bin/../lib/gcc/arm-none-eabi/11.3.1/../../../../arm-none-eabi/lib/thumb/v7e-m+fp/hard\libc_nano.a(libc_a-init.o)
 .debug_frame   0x000000000000520c       0xb0 C:/ST/STM32CubeIDE_1.13.1/STM32CubeIDE/plugins/com.st.stm32cube.ide.mcu.externaltools.gnu-tools-for-stm32.11.3.rel1.win32_1.1.100.202309141235/tools/bin/../lib/gcc/arm-none-eabi/11.3.1/../../../../arm-none-eabi/lib/thumb/v7e-m+fp/hard\libc_nano.a(libc_a-lock.o)
 .debug_frame   0x00000000000052bc       0x28 C:/ST/STM32CubeIDE_1.13.1/STM32CubeIDE/plugins/com.st.stm32cube.ide.mcu.externaltools.gnu-tools-for-stm32.11.3.rel1.win32_1.1.100.202309141235/tools/bin/../lib/gcc/arm-none-eabi/11.3.1/../../../../arm-none-eabi/lib/thumb/v7e-m+fp/hard\libc_nano.a(libc_a-memcpy-stub.o)
 .debug_frame   0x00000000000052e4       0x38 C:/ST/STM32CubeIDE_1.13.1/STM32CubeIDE/plugins/com.st.stm32cube.ide.mcu.externaltools.gnu-tools-for-stm32.11.3.rel1.win32_1.1.100.202309141235/tools/bin/../lib/gcc/arm-none-eabi/11.3.1/../../../../arm-none-eabi/lib/thumb/v7e-m+fp/hard\libc_nano.a(libc_a-freer.o)

.debug_line_str
                0x0000000000000000       0x6f
 .debug_line_str
                0x0000000000000000       0x6f ./Core/Startup/startup_stm32l496zgtx.o
                                         0x87 (size before relaxing)
