../Core/Src/main.c:164:5:main	192	static
../Core/Src/main.c:271:6:SystemClock_Config	88	static
../Core/Src/main.c:319:13:MX_CAN1_Init	8	static
../Core/Src/main.c:356:13:MX_CAN2_Init	8	static
../Core/Src/main.c:393:13:MX_SPI1_Init	8	static
../Core/Src/main.c:433:13:MX_TIM1_Init	40	static
../Core/Src/main.c:480:13:MX_GPIO_Init	56	static
../Core/Src/main.c:569:6:Lectures	16	static
../Core/Src/main.c:587:6:SOC	16	static
../Core/Src/main.c:605:6:CalcVolt	16	static
../Core/Src/main.c:623:6:CalcTemp	16	static
../Core/Src/main.c:641:6:ErrorVolt	16	static
../Core/Src/main.c:659:6:ErrorTemp	16	static
../Core/Src/main.c:677:6:ErrorCurrent	16	static
../Core/Src/main.c:695:6:ErrorSlaves	16	static
../Core/Src/main.c:710:6:Error_Handler	4	static,ignoring_inline_asm
