Archive member included to satisfy reference by file (symbol)

C:/ST/STM32CubeIDE_1.13.0/STM32CubeIDE/plugins/com.st.stm32cube.ide.mcu.externaltools.gnu-tools-for-stm32.12.3.rel1.win32_1.0.100.202403111256/tools/bin/../lib/gcc/arm-none-eabi/12.3.1/../../../../arm-none-eabi/lib/thumb/v7e-m+dp/hard\libc_nano.a(libc_a-exit.o)
                              C:/ST/STM32CubeIDE_1.13.0/STM32CubeIDE/plugins/com.st.stm32cube.ide.mcu.externaltools.gnu-tools-for-stm32.12.3.rel1.win32_1.0.100.202403111256/tools/bin/../lib/gcc/arm-none-eabi/12.3.1/../../../../arm-none-eabi/lib/thumb/v7e-m+dp/hard/crt0.o (exit)
C:/ST/STM32CubeIDE_1.13.0/STM32CubeIDE/plugins/com.st.stm32cube.ide.mcu.externaltools.gnu-tools-for-stm32.12.3.rel1.win32_1.0.100.202403111256/tools/bin/../lib/gcc/arm-none-eabi/12.3.1/../../../../arm-none-eabi/lib/thumb/v7e-m+dp/hard\libc_nano.a(libc_a-findfp.o)
                              C:/ST/STM32CubeIDE_1.13.0/STM32CubeIDE/plugins/com.st.stm32cube.ide.mcu.externaltools.gnu-tools-for-stm32.12.3.rel1.win32_1.0.100.202403111256/tools/bin/../lib/gcc/arm-none-eabi/12.3.1/../../../../arm-none-eabi/lib/thumb/v7e-m+dp/hard\libc_nano.a(libc_a-exit.o) (__stdio_exit_handler)
C:/ST/STM32CubeIDE_1.13.0/STM32CubeIDE/plugins/com.st.stm32cube.ide.mcu.externaltools.gnu-tools-for-stm32.12.3.rel1.win32_1.0.100.202403111256/tools/bin/../lib/gcc/arm-none-eabi/12.3.1/../../../../arm-none-eabi/lib/thumb/v7e-m+dp/hard\libc_nano.a(libc_a-fwalk.o)
                              C:/ST/STM32CubeIDE_1.13.0/STM32CubeIDE/plugins/com.st.stm32cube.ide.mcu.externaltools.gnu-tools-for-stm32.12.3.rel1.win32_1.0.100.202403111256/tools/bin/../lib/gcc/arm-none-eabi/12.3.1/../../../../arm-none-eabi/lib/thumb/v7e-m+dp/hard\libc_nano.a(libc_a-findfp.o) (_fwalk_sglue)
C:/ST/STM32CubeIDE_1.13.0/STM32CubeIDE/plugins/com.st.stm32cube.ide.mcu.externaltools.gnu-tools-for-stm32.12.3.rel1.win32_1.0.100.202403111256/tools/bin/../lib/gcc/arm-none-eabi/12.3.1/../../../../arm-none-eabi/lib/thumb/v7e-m+dp/hard\libc_nano.a(libc_a-stdio.o)
                              C:/ST/STM32CubeIDE_1.13.0/STM32CubeIDE/plugins/com.st.stm32cube.ide.mcu.externaltools.gnu-tools-for-stm32.12.3.rel1.win32_1.0.100.202403111256/tools/bin/../lib/gcc/arm-none-eabi/12.3.1/../../../../arm-none-eabi/lib/thumb/v7e-m+dp/hard\libc_nano.a(libc_a-findfp.o) (__sread)
C:/ST/STM32CubeIDE_1.13.0/STM32CubeIDE/plugins/com.st.stm32cube.ide.mcu.externaltools.gnu-tools-for-stm32.12.3.rel1.win32_1.0.100.202403111256/tools/bin/../lib/gcc/arm-none-eabi/12.3.1/../../../../arm-none-eabi/lib/thumb/v7e-m+dp/hard\libc_nano.a(libc_a-memset.o)
                              C:/ST/STM32CubeIDE_1.13.0/STM32CubeIDE/plugins/com.st.stm32cube.ide.mcu.externaltools.gnu-tools-for-stm32.12.3.rel1.win32_1.0.100.202403111256/tools/bin/../lib/gcc/arm-none-eabi/12.3.1/../../../../arm-none-eabi/lib/thumb/v7e-m+dp/hard/crt0.o (memset)
C:/ST/STM32CubeIDE_1.13.0/STM32CubeIDE/plugins/com.st.stm32cube.ide.mcu.externaltools.gnu-tools-for-stm32.12.3.rel1.win32_1.0.100.202403111256/tools/bin/../lib/gcc/arm-none-eabi/12.3.1/../../../../arm-none-eabi/lib/thumb/v7e-m+dp/hard\libc_nano.a(libc_a-closer.o)
                              C:/ST/STM32CubeIDE_1.13.0/STM32CubeIDE/plugins/com.st.stm32cube.ide.mcu.externaltools.gnu-tools-for-stm32.12.3.rel1.win32_1.0.100.202403111256/tools/bin/../lib/gcc/arm-none-eabi/12.3.1/../../../../arm-none-eabi/lib/thumb/v7e-m+dp/hard\libc_nano.a(libc_a-stdio.o) (_close_r)
C:/ST/STM32CubeIDE_1.13.0/STM32CubeIDE/plugins/com.st.stm32cube.ide.mcu.externaltools.gnu-tools-for-stm32.12.3.rel1.win32_1.0.100.202403111256/tools/bin/../lib/gcc/arm-none-eabi/12.3.1/../../../../arm-none-eabi/lib/thumb/v7e-m+dp/hard\libc_nano.a(libc_a-reent.o)
                              C:/ST/STM32CubeIDE_1.13.0/STM32CubeIDE/plugins/com.st.stm32cube.ide.mcu.externaltools.gnu-tools-for-stm32.12.3.rel1.win32_1.0.100.202403111256/tools/bin/../lib/gcc/arm-none-eabi/12.3.1/../../../../arm-none-eabi/lib/thumb/v7e-m+dp/hard\libc_nano.a(libc_a-closer.o) (errno)
C:/ST/STM32CubeIDE_1.13.0/STM32CubeIDE/plugins/com.st.stm32cube.ide.mcu.externaltools.gnu-tools-for-stm32.12.3.rel1.win32_1.0.100.202403111256/tools/bin/../lib/gcc/arm-none-eabi/12.3.1/../../../../arm-none-eabi/lib/thumb/v7e-m+dp/hard\libc_nano.a(libc_a-impure.o)
                              C:/ST/STM32CubeIDE_1.13.0/STM32CubeIDE/plugins/com.st.stm32cube.ide.mcu.externaltools.gnu-tools-for-stm32.12.3.rel1.win32_1.0.100.202403111256/tools/bin/../lib/gcc/arm-none-eabi/12.3.1/../../../../arm-none-eabi/lib/thumb/v7e-m+dp/hard\libc_nano.a(libc_a-reent.o) (_impure_ptr)
C:/ST/STM32CubeIDE_1.13.0/STM32CubeIDE/plugins/com.st.stm32cube.ide.mcu.externaltools.gnu-tools-for-stm32.12.3.rel1.win32_1.0.100.202403111256/tools/bin/../lib/gcc/arm-none-eabi/12.3.1/../../../../arm-none-eabi/lib/thumb/v7e-m+dp/hard\libc_nano.a(libc_a-lseekr.o)
[...]
Memory Configuration

Name             Origin             Length             Attributes
FLASH            0x08000000         0x00200000         xr
DTCMRAM          0x20000000         0x00020000         xrw
RAM_D1           0x24000000         0x00080000         xrw
RAM_D2           0x30000000         0x00048000         xrw
RAM_D3           0x38000000         0x00010000         xrw
ITCMRAM          0x00000000         0x00010000         xrw
*default*        0x00000000         0xffffffff

Linker script and memory map

LOAD C:/ST/STM32CubeIDE_1.13.0/STM32CubeIDE/plugins/com.st.stm32cube.ide.mcu.externaltools.gnu-tools-for-stm32.12.3.rel1.win32_1.0.100.202403111256/tools/bin/../lib/gcc/arm-none-eabi/12.3.1/thumb/v7e-m+dp/hard/crti.o
LOAD C:/ST/STM32CubeIDE_1.13.0/STM32CubeIDE/plugins/com.st.stm32cube.ide.mcu.externaltools.gnu-tools-for-stm32.12.3.rel1.win32_1.0.100.202403111256/tools/bin/../lib/gcc/arm-none-eabi/12.3.1/thumb/v7e-m+dp/hard/crtbegin.o
LOAD C:/ST/STM32CubeIDE_1.13.0/STM32CubeIDE/plugins/com.st.stm32cube.ide.mcu.externaltools.gnu-tools-for-stm32.12.3.rel1.win32_1.0.100.202403111256/tools/bin/../lib/gcc/arm-none-eabi/12.3.1/../../../../arm-none-eabi/lib/thumb/v7e-m+dp/hard/crt0.o
LOAD ./Core/Src/BMS.o
LOAD ./Core/Src/FLASH_SECTOR_H7.o
LOAD ./Core/Src/LTC6811-1_eTechRacing.o
LOAD ./Core/Src/can_comunication.o
LOAD ./Core/Src/eTechRacing.o
LOAD ./Core/Src/errors.o
LOAD ./Core/Src/main.o
LOAD ./Core/Src/stm32h7xx_hal_msp.o
LOAD ./Core/Src/stm32h7xx_it.o
LOAD ./Core/Src/syscalls.o
LOAD ./Core/Src/sysmem.o
LOAD ./Core/Src/system_stm32h7xx.o
LOAD ./Core/Startup/startup_stm32h753vitx.o
LOAD ./Drivers/STM32H7xx_HAL_Driver/Src/stm32h7xx_hal.o
LOAD ./Drivers/STM32H7xx_HAL_Driver/Src/stm32h7xx_hal_cortex.o
LOAD ./Drivers/STM32H7xx_HAL_Driver/Src/stm32h7xx_hal_dma.o
LOAD ./Drivers/STM32H7xx_HAL_Driver/Src/stm32h7xx_hal_dma_ex.o
LOAD ./Drivers/STM32H7xx_HAL_Driver/Src/stm32h7xx_hal_exti.o
LOAD ./Drivers/STM32H7xx_HAL_Driver/Src/stm32h7xx_hal_fdcan.o
LOAD ./Drivers/STM32H7xx_HAL_Driver/Src/stm32h7xx_hal_flash.o
LOAD ./Drivers/STM32H7xx_HAL_Driver/Src/stm32h7xx_hal_flash_ex.o
LOAD ./Drivers/STM32H7xx_HAL_Driver/Src/stm32h7xx_hal_gpio.o
LOAD ./Drivers/STM32H7xx_HAL_Driver/Src/stm32h7xx_hal_hsem.o
LOAD ./Drivers/STM32H7xx_HAL_Driver/Src/stm32h7xx_hal_i2c.o
LOAD ./Drivers/STM32H7xx_HAL_Driver/Src/stm32h7xx_hal_i2c_ex.o
LOAD ./Drivers/STM32H7xx_HAL_Driver/Src/stm32h7xx_hal_mdma.o
LOAD ./Drivers/STM32H7xx_HAL_Driver/Src/stm32h7xx_hal_pwr.o
LOAD ./Drivers/STM32H7xx_HAL_Driver/Src/stm32h7xx_hal_pwr_ex.o
LOAD ./Drivers/STM32H7xx_HAL_Driver/Src/stm32h7xx_hal_rcc.o
LOAD ./Drivers/STM32H7xx_HAL_Driver/Src/stm32h7xx_hal_rcc_ex.o
LOAD ./Drivers/STM32H7xx_HAL_Driver/Src/stm32h7xx_hal_spi.o
LOAD ./Drivers/STM32H7xx_HAL_Driver/Src/stm32h7xx_hal_spi_ex.o
LOAD ./Drivers/STM32H7xx_HAL_Driver/Src/stm32h7xx_hal_tim.o
LOAD ./Drivers/STM32H7xx_HAL_Driver/Src/stm32h7xx_hal_tim_ex.o
START GROUP
LOAD C:/ST/STM32CubeIDE_1.13.0/STM32CubeIDE/plugins/com.st.stm32cube.ide.mcu.externaltools.gnu-tools-for-stm32.12.3.rel1.win32_1.0.100.202403111256/tools/bin/../lib/gcc/arm-none-eabi/12.3.1/../../../../arm-none-eabi/lib/thumb/v7e-m+dp/hard\libc_nano.a
LOAD C:/ST/STM32CubeIDE_1.13.0/STM32CubeIDE/plugins/com.st.stm32cube.ide.mcu.externaltools.gnu-tools-for-stm32.12.3.rel1.win32_1.0.100.202403111256/tools/bin/../lib/gcc/arm-none-eabi/12.3.1/../../../../arm-none-eabi/lib/thumb/v7e-m+dp/hard\libm.a
END GROUP
START GROUP
LOAD C:/ST/STM32CubeIDE_1.13.0/STM32CubeIDE/plugins/com.st.stm32cube.ide.mcu.externaltools.gnu-tools-for-stm32.12.3.rel1.win32_1.0.100.202403111256/tools/bin/../lib/gcc/arm-none-eabi/12.3.1/thumb/v7e-m+dp/hard\libgcc.a
LOAD C:/ST/STM32CubeIDE_1.13.0/STM32CubeIDE/plugins/com.st.stm32cube.ide.mcu.externaltools.gnu-tools-for-stm32.12.3.rel1.win32_1.0.100.202403111256/tools/bin/../lib/gcc/arm-none-eabi/12.3.1/../../../../arm-none-eabi/lib/thumb/v7e-m+dp/hard\libc_nano.a
END GROUP
START GROUP
LOAD C:/ST/STM32CubeIDE_1.13.0/STM32CubeIDE/plugins/com.st.stm32cube.ide.mcu.externaltools.gnu-tools-for-stm32.12.3.rel1.win32_1.0.100.202403111256/tools/bin/../lib/gcc/arm-none-eabi/12.3.1/thumb/v7e-m+dp/hard\libgcc.a
LOAD C:/ST/STM32CubeIDE_1.13.0/STM32CubeIDE/plugins/com.st.stm32cube.ide.mcu.externaltools.gnu-tools-for-stm32.12.3.rel1.win32_1.0.100.202403111256/tools/bin/../lib/gcc/arm-none-eabi/12.3.1/../../../../arm-none-eabi/lib/thumb/v7e-m+dp/hard\libc_nano.a
LOAD C:/ST/STM32CubeIDE_1.13.0/STM32CubeIDE/plugins/com.st.stm32cube.ide.mcu.externaltools.gnu-tools-for-stm32.12.3.rel1.win32_1.0.100.202403111256/tools/bin/../lib/gcc/arm-none-eabi/12.3.1/../../../../arm-none-eabi/lib/thumb/v7e-m+dp/hard\libnosys.a
END GROUP
START GROUP
LOAD C:/ST/STM32CubeIDE_1.13.0/STM32CubeIDE/plugins/com.st.stm32cube.ide.mcu.externaltools.gnu-tools-for-stm32.12.3.rel1.win32_1.0.100.202403111256/tools/bin/../lib/gcc/arm-none-eabi/12.3.1/thumb/v7e-m+dp/hard\libgcc.a
LOAD C:/ST/STM32CubeIDE_1.13.0/STM32CubeIDE/plugins/com.st.stm32cube.ide.mcu.externaltools.gnu-tools-for-stm32.12.3.rel1.win32_1.0.100.202403111256/tools/bin/../lib/gcc/arm-none-eabi/12.3.1/../../../../arm-none-eabi/lib/thumb/v7e-m+dp/hard\libc_nano.a
LOAD C:/ST/STM32CubeIDE_1.13.0/STM32CubeIDE/plugins/com.st.stm32cube.ide.mcu.externaltools.gnu-tools-for-stm32.12.3.rel1.win32_1.0.100.202403111256/tools/bin/../lib/gcc/arm-none-eabi/12.3.1/../../../../arm-none-eabi/lib/thumb/v7e-m+dp/hard\libnosys.a
END GROUP
LOAD C:/ST/STM32CubeIDE_1.13.0/STM32CubeIDE/plugins/com.st.stm32cube.ide.mcu.externaltools.gnu-tools-for-stm32.12.3.rel1.win32_1.0.100.202403111256/tools/bin/../lib/gcc/arm-none-eabi/12.3.1/thumb/v7e-m+dp/hard/crtend.o
LOAD C:/ST/STM32CubeIDE_1.13.0/STM32CubeIDE/plugins/com.st.stm32cube.ide.mcu.externaltools.gnu-tools-for-stm32.12.3.rel1.win32_1.0.100.202403111256/tools/bin/../lib/gcc/arm-none-eabi/12.3.1/thumb/v7e-m+dp/hard/crtn.o
                0x24080000                        _estack = (ORIGIN (RAM_D1) + LENGTH (RAM_D1))
                0x00000200                        _Min_Heap_Size = 0x200
                0x00000400                        _Min_Stack_Size = 0x400

.isr_vector     0x08000000      0x298
                0x08000000                        . = ALIGN (0x4)
 *(.isr_vector)
 .isr_vector    0x08000000      0x298 ./Core/Startup/startup_stm32h753vitx.o
                0x08000000                g_pfnVectors
                0x08000298                        . = ALIGN (0x4)

.text           0x08000298     0xa300
                0x08000298                        . = ALIGN (0x4)
 *(.text)
 .text          0x08000298       0x40 C:/ST/STM32CubeIDE_1.13.0/STM32CubeIDE/plugins/com.st.stm32cube.ide.mcu.externaltools.gnu-tools-for-stm32.12.3.rel1.win32_1.0.100.202403111256/tools/bin/../lib/gcc/arm-none-eabi/12.3.1/thumb/v7e-m+dp/hard/crtbegin.o
 *(.text*)
 .text.StateMachineSteps
                0x080002d8      0x154 ./Core/Src/BMS.o
                0x080002d8                StateMachineSteps
 .text.StateMachineActuation
                0x0800042c      0x220 ./Core/Src/BMS.o
                0x0800042c                StateMachineActuation
 .text.Balancing
                0x0800064c      0x190 ./Core/Src/LTC6811-1_eTechRacing.o
                0x0800064c                Balancing
 .text.MUX_SWITCH
                0x080007dc       0xcc ./Core/Src/LTC6811-1_eTechRacing.o
                0x080007dc                MUX_SWITCH
 .text.outputCS
                0x080008a8       0x34 ./Core/Src/LTC6811-1_eTechRacing.o
                0x080008a8                outputCS
 .text.wakeup_idle
                0x080008dc       0x44 ./Core/Src/LTC6811-1_eTechRacing.o
                0x080008dc                wakeup_idle
 .text.pec15_calc
                0x08000920       0x6c ./Core/Src/LTC6811-1_eTechRacing.o
                0x08000920                pec15_calc
 .text.ltc6811_wrcfg
                0x0800098c      0x334 ./Core/Src/LTC6811-1_eTechRacing.o
                0x0800098c                ltc6811_wrcfg
 .text.ltc6811_wrpwm
                0x08000cc0      0x394 ./Core/Src/LTC6811-1_eTechRacing.o
                0x08000cc0                ltc6811_wrpwm
 .text.ltc6811_adcv
                0x08001054       0x7c ./Core/Src/LTC6811-1_eTechRacing.o
                0x08001054                ltc6811_adcv
 .text.ltc6811_rdcv_reg
                0x080010d0       0xe8 ./Core/Src/LTC6811-1_eTechRacing.o
                0x080010d0                ltc6811_rdcv_reg
 .text.ltc6811_rav
                0x080011b8      0x274 ./Core/Src/LTC6811-1_eTechRacing.o
                0x080011b8                ltc6811_rav
 .text.ltc6811_adax
                0x0800142c       0x74 ./Core/Src/LTC6811-1_eTechRacing.o
                0x0800142c                ltc6811_adax
 .text.ltc6811_rdaux_reg
                0x080014a0       0xcc ./Core/Src/LTC6811-1_eTechRacing.o
                0x080014a0                ltc6811_rdaux_reg
 .text.ltc6811_rat
                0x0800156c      0x210 ./Core/Src/LTC6811-1_eTechRacing.o
                0x0800156c                ltc6811_rat
 .text.message_cantx_TEMPERATURES_IT
                0x0800177c      0x270 ./Core/Src/can_comunication.o
                0x0800177c                message_cantx_TEMPERATURES_IT
 .text.message_cantx_VOLTATJES_IT
                0x080019ec      0x540 ./Core/Src/can_comunication.o
                0x080019ec                message_cantx_VOLTATJES_IT
 .text.message_cantx_SF
                0x08001f2c       0xd8 ./Core/Src/can_comunication.o
                0x08001f2c                message_cantx_SF
 .text.message_cantx_AIR_State
                0x08002004       0x6e ./Core/Src/can_comunication.o
                0x08002004                message_cantx_AIR_State
 .text.message_cantx_Temperature_State
                0x08002072       0xc0 ./Core/Src/can_comunication.o
                0x08002072                message_cantx_Temperature_State
 .text.message_cantx_Voltage_State
                0x08002132       0xce ./Core/Src/can_comunication.o
                0x08002132                message_cantx_Voltage_State
 .text.message_cantx_Keep_Alive
                0x08002200       0x6c ./Core/Src/can_comunication.o
                0x08002200                message_cantx_Keep_Alive
 .text.message_cantx_Shutdown
                0x0800226c       0x86 ./Core/Src/can_comunication.o
                0x0800226c                message_cantx_Shutdown
 .text.combined_bits
                0x080022f2       0x76 ./Core/Src/can_comunication.o
                0x080022f2                combined_bits
 .text.delay_us
                0x08002368       0x44 ./Core/Src/eTechRacing.o
                0x08002368                delay_us
 .text.Min_Volt
                0x080023ac      0x100 ./Core/Src/eTechRacing.o
                0x080023ac                Min_Volt
 .text.Max_Volt
                0x080024ac      0x100 ./Core/Src/eTechRacing.o
                0x080024ac                Max_Volt
 .text.Mean_Volt
                0x080025ac       0x7c ./Core/Src/eTechRacing.o
                0x080025ac                Mean_Volt
 .text.Sum_Volt
                0x08002628       0x54 ./Core/Src/eTechRacing.o
                0x08002628                Sum_Volt
 .text.Min_Temp
                0x0800267c       0x58 ./Core/Src/eTechRacing.o
                0x0800267c                Min_Temp
 .text.Max_Temp
                0x080026d4       0x58 ./Core/Src/eTechRacing.o
                0x080026d4                Max_Temp
 .text.Mean_Temp
                0x0800272c       0x60 ./Core/Src/eTechRacing.o
                0x0800272c                Mean_Temp
 .text.Conv_Temp
                0x0800278c      0x120 ./Core/Src/eTechRacing.o
                0x0800278c                Conv_Temp
 .text.Curr_EVAL
                0x080028ac       0x44 ./Core/Src/eTechRacing.o
                0x080028ac                Curr_EVAL
 .text.OV_EVAL  0x080028f0       0xb8 ./Core/Src/errors.o
                0x080028f0                OV_EVAL
 .text.UV_EVAL  0x080029a8      0x15c ./Core/Src/errors.o
                0x080029a8                UV_EVAL
 .text.OT_EVAL  0x08002b04       0x64 ./Core/Src/errors.o
                0x08002b04                OT_EVAL
 .text.UT_EVAL  0x08002b68       0x62 ./Core/Src/errors.o
                0x08002b68                UT_EVAL
 .text.ETAS_SYNC_EVAL
                0x08002bca       0x26 ./Core/Src/errors.o
                0x08002bca                ETAS_SYNC_EVAL
 .text.CURR_SYNC_EVAL
                0x08002bf0       0x28 ./Core/Src/errors.o
                0x08002bf0                CURR_SYNC_EVAL
 .text.BALANCING_SYNC_EVAL
                0x08002c18       0x28 ./Core/Src/errors.o
                0x08002c18                BALANCING_SYNC_EVAL
 .text.detection_BMSerror_OverCurrent
                0x08002c40       0x50 ./Core/Src/errors.o
                0x08002c40                detection_BMSerror_OverCurrent
 .text.slave_disc
                0x08002c90       0xc4 ./Core/Src/errors.o
                0x08002c90                slave_disc
 .text.current_error_eval
                0x08002d54       0x40 ./Core/Src/errors.o
                0x08002d54                current_error_eval
 .text.main     0x08002d94      0x58c ./Core/Src/main.o
                0x08002d94                main
 .text.SystemClock_Config
                0x08003320       0xfc ./Core/Src/main.o
                0x08003320                SystemClock_Config
 .text.MX_FDCAN1_Init
                0x0800341c       0xcc ./Core/Src/main.o
 .text.MX_FDCAN2_Init
                0x080034e8       0xcc ./Core/Src/main.o
 .text.MX_SPI1_Init
                0x080035b4       0xb0 ./Core/Src/main.o
 .text.MX_TIM13_Init
                0x08003664       0x48 ./Core/Src/main.o
 .text.MX_TIM14_Init
                0x080036ac       0x48 ./Core/Src/main.o
 .text.MX_GPIO_Init
                0x080036f4      0x18c ./Core/Src/main.o
 .text.FDCAN_Config
                0x08003880       0xc4 ./Core/Src/main.o
 .text.HAL_FDCAN_RxFifo0Callback
                0x08003944       0xe4 ./Core/Src/main.o
                0x08003944                HAL_FDCAN_RxFifo0Callback
 .text.HAL_TIM_PeriodElapsedCallback
                0x08003a28      0x538 ./Core/Src/main.o
                0x08003a28                HAL_TIM_PeriodElapsedCallback
 .text.MPU_Config
                0x08003f60       0x58 ./Core/Src/main.o
 .text.Error_Handler
                0x08003fb8       0x12 ./Core/Src/main.o
                0x08003fb8                Error_Handler
 *fill*         0x08003fca        0x2 
 .text.HAL_MspInit
                0x08003fcc       0x34 ./Core/Src/stm32h7xx_hal_msp.o
                0x08003fcc                HAL_MspInit
 .text.HAL_FDCAN_MspInit
                0x08004000      0x1e0 ./Core/Src/stm32h7xx_hal_msp.o
                0x08004000                HAL_FDCAN_MspInit
 .text.HAL_SPI_MspInit
                0x080041e0      0x108 ./Core/Src/stm32h7xx_hal_msp.o
                0x080041e0                HAL_SPI_MspInit
 .text.HAL_TIM_Base_MspInit
                0x080042e8       0x90 ./Core/Src/stm32h7xx_hal_msp.o
                0x080042e8                HAL_TIM_Base_MspInit
 .text.NMI_Handler
                0x08004378        0x8 ./Core/Src/stm32h7xx_it.o
                0x08004378                NMI_Handler
 .text.HardFault_Handler
                0x08004380        0x8 ./Core/Src/stm32h7xx_it.o
                0x08004380                HardFault_Handler
 .text.MemManage_Handler
                0x08004388        0x8 ./Core/Src/stm32h7xx_it.o
                0x08004388                MemManage_Handler
 .text.BusFault_Handler
                0x08004390        0x8 ./Core/Src/stm32h7xx_it.o
                0x08004390                BusFault_Handler
 .text.UsageFault_Handler
                0x08004398        0x8 ./Core/Src/stm32h7xx_it.o
                0x08004398                UsageFault_Handler
 .text.SVC_Handler
                0x080043a0        0xe ./Core/Src/stm32h7xx_it.o
                0x080043a0                SVC_Handler
 .text.DebugMon_Handler
                0x080043ae        0xe ./Core/Src/stm32h7xx_it.o
                0x080043ae                DebugMon_Handler
 .text.PendSV_Handler
                0x080043bc        0xe ./Core/Src/stm32h7xx_it.o
                0x080043bc                PendSV_Handler
 .text.SysTick_Handler
                0x080043ca        0xc ./Core/Src/stm32h7xx_it.o
                0x080043ca                SysTick_Handler
 *fill*         0x080043d6        0x2 
 .text.FDCAN1_IT0_IRQHandler
                0x080043d8       0x14 ./Core/Src/stm32h7xx_it.o
                0x080043d8                FDCAN1_IT0_IRQHandler
 .text.FDCAN2_IT0_IRQHandler
                0x080043ec       0x14 ./Core/Src/stm32h7xx_it.o
                0x080043ec                FDCAN2_IT0_IRQHandler
 .text.FDCAN1_IT1_IRQHandler
                0x08004400       0x14 ./Core/Src/stm32h7xx_it.o
                0x08004400                FDCAN1_IT1_IRQHandler
 .text.FDCAN2_IT1_IRQHandler
                0x08004414       0x14 ./Core/Src/stm32h7xx_it.o
                0x08004414                FDCAN2_IT1_IRQHandler
 .text.SPI1_IRQHandler
                0x08004428       0x14 ./Core/Src/stm32h7xx_it.o
                0x08004428                SPI1_IRQHandler
 .text.TIM8_UP_TIM13_IRQHandler
                0x0800443c       0x14 ./Core/Src/stm32h7xx_it.o
                0x0800443c                TIM8_UP_TIM13_IRQHandler
 .text.TIM8_TRG_COM_TIM14_IRQHandler
                0x08004450       0x14 ./Core/Src/stm32h7xx_it.o
                0x08004450                TIM8_TRG_COM_TIM14_IRQHandler
 .text.SystemInit
                0x08004464      0x110 ./Core/Src/system_stm32h7xx.o
                0x08004464                SystemInit
 .text.Reset_Handler
                0x08004574       0x50 ./Core/Startup/startup_stm32h753vitx.o
                0x08004574                Reset_Handler
 .text.Default_Handler
                0x080045c4        0x2 ./Core/Startup/startup_stm32h753vitx.o
                0x080045c4                RTC_Alarm_IRQHandler
                0x080045c4                HASH_RNG_IRQHandler
                0x080045c4                EXTI2_IRQHandler
                0x080045c4                TIM8_CC_IRQHandler
                0x080045c4                HRTIM1_Master_IRQHandler
                0x080045c4                UART8_IRQHandler
                0x080045c4                SPI4_IRQHandler
                0x080045c4                TIM1_CC_IRQHandler
                0x080045c4                BDMA_Channel6_IRQHandler
                0x080045c4                DMA2_Stream5_IRQHandler
                0x080045c4                HRTIM1_FLT_IRQHandler
                0x080045c4                JPEG_IRQHandler
                0x080045c4                DMA1_Stream5_IRQHandler
                0x080045c4                BDMA_Channel1_IRQHandler
                0x080045c4                HRTIM1_TIMD_IRQHandler
                0x080045c4                TAMP_STAMP_IRQHandler
                0x080045c4                EXTI3_IRQHandler
                0x080045c4                LPTIM4_IRQHandler
                0x080045c4                LPTIM2_IRQHandler
                0x080045c4                DFSDM1_FLT1_IRQHandler
                0x080045c4                DMAMUX2_OVR_IRQHandler
                0x080045c4                I2C3_ER_IRQHandler
                0x080045c4                DFSDM1_FLT2_IRQHandler
                0x080045c4                MDMA_IRQHandler
                0x080045c4                LPTIM3_IRQHandler
                0x080045c4                HSEM1_IRQHandler
                0x080045c4                EXTI0_IRQHandler
                0x080045c4                I2C2_EV_IRQHandler
                0x080045c4                DMA1_Stream2_IRQHandler
                0x080045c4                FPU_IRQHandler
                0x080045c4                OTG_HS_WKUP_IRQHandler
                0x080045c4                LTDC_ER_IRQHandler
                0x080045c4                DMA2_Stream2_IRQHandler
                0x080045c4                HRTIM1_TIME_IRQHandler
                0x080045c4                TIM6_DAC_IRQHandler
                0x080045c4                DCMI_IRQHandler
                0x080045c4                HRTIM1_TIMC_IRQHandler
                0x080045c4                DMA2_Stream3_IRQHandler
                0x080045c4                SAI2_IRQHandler
                0x080045c4                DFSDM1_FLT3_IRQHandler
                0x080045c4                USART6_IRQHandler
                0x080045c4                TIM17_IRQHandler
                0x080045c4                USART3_IRQHandler
                0x080045c4                BDMA_Channel7_IRQHandler
                0x080045c4                CRYP_IRQHandler
                0x080045c4                LPTIM5_IRQHandler
                0x080045c4                UART5_IRQHandler
                0x080045c4                ADC3_IRQHandler
                0x080045c4                DMA2_Stream0_IRQHandler
                0x080045c4                TIM4_IRQHandler
                0x080045c4                BDMA_Channel2_IRQHandler
                0x080045c4                QUADSPI_IRQHandler
                0x080045c4                I2C1_EV_IRQHandler
                0x080045c4                DMA1_Stream6_IRQHandler
                0x080045c4                DMAMUX1_OVR_IRQHandler
                0x080045c4                DMA1_Stream1_IRQHandler
                0x080045c4                TIM16_IRQHandler
                0x080045c4                UART4_IRQHandler
                0x080045c4                BDMA_Channel5_IRQHandler
                0x080045c4                TIM3_IRQHandler
                0x080045c4                RCC_IRQHandler
                0x080045c4                TIM8_BRK_TIM12_IRQHandler
                0x080045c4                TIM1_TRG_COM_IRQHandler
                0x080045c4                Default_Handler
                0x080045c4                ECC_IRQHandler
                0x080045c4                CEC_IRQHandler
                0x080045c4                EXTI15_10_IRQHandler
                0x080045c4                BDMA_Channel0_IRQHandler
                0x080045c4                ADC_IRQHandler
                0x080045c4                DMA1_Stream7_IRQHandler
                0x080045c4                HRTIM1_TIMA_IRQHandler
                0x080045c4                SPI5_IRQHandler
                0x080045c4                TIM7_IRQHandler
                0x080045c4                SDMMC1_IRQHandler
                0x080045c4                TIM5_IRQHandler
                0x080045c4                DMA2_Stream7_IRQHandler
                0x080045c4                TIM15_IRQHandler
                0x080045c4                PVD_AVD_IRQHandler
                0x080045c4                I2C3_EV_IRQHandler
                0x080045c4                EXTI9_5_IRQHandler
                0x080045c4                RTC_WKUP_IRQHandler
                0x080045c4                LTDC_IRQHandler
                0x080045c4                SAI3_IRQHandler
                0x080045c4                ETH_WKUP_IRQHandler
                0x080045c4                SPDIF_RX_IRQHandler
                0x080045c4                SPI2_IRQHandler
                0x080045c4                OTG_HS_EP1_IN_IRQHandler
                0x080045c4                DMA1_Stream0_IRQHandler
                0x080045c4                CRS_IRQHandler
                0x080045c4                EXTI4_IRQHandler
                0x080045c4                HRTIM1_TIMB_IRQHandler
                0x080045c4                ETH_IRQHandler
                0x080045c4                TIM1_UP_IRQHandler
                0x080045c4                BDMA_Channel4_IRQHandler
                0x080045c4                OTG_HS_EP1_OUT_IRQHandler
                0x080045c4                WWDG_IRQHandler
                0x080045c4                SPI6_IRQHandler
                0x080045c4                MDIOS_IRQHandler
                0x080045c4                I2C4_EV_IRQHandler
                0x080045c4                LPUART1_IRQHandler
                0x080045c4                TIM2_IRQHandler
                0x080045c4                OTG_FS_WKUP_IRQHandler
                0x080045c4                OTG_HS_IRQHandler
                0x080045c4                DMA2D_IRQHandler
                0x080045c4                TIM1_BRK_IRQHandler
                0x080045c4                EXTI1_IRQHandler
                0x080045c4                SDMMC2_IRQHandler
                0x080045c4                OTG_FS_EP1_OUT_IRQHandler
                0x080045c4                BDMA_Channel3_IRQHandler
                0x080045c4                UART7_IRQHandler
                0x080045c4                MDIOS_WKUP_IRQHandler
                0x080045c4                USART2_IRQHandler
                0x080045c4                DFSDM1_FLT0_IRQHandler
                0x080045c4                SAI4_IRQHandler
                0x080045c4                I2C2_ER_IRQHandler
                0x080045c4                DMA2_Stream1_IRQHandler
                0x080045c4                FLASH_IRQHandler
                0x080045c4                DMA2_Stream4_IRQHandler
                0x080045c4                USART1_IRQHandler
                0x080045c4                OTG_FS_IRQHandler
                0x080045c4                SPI3_IRQHandler
                0x080045c4                WAKEUP_PIN_IRQHandler
                0x080045c4                DMA1_Stream4_IRQHandler
                0x080045c4                OTG_FS_EP1_IN_IRQHandler
                0x080045c4                I2C1_ER_IRQHandler
                0x080045c4                FMC_IRQHandler
                0x080045c4                FDCAN_CAL_IRQHandler
                0x080045c4                SWPMI1_IRQHandler
                0x080045c4                COMP1_IRQHandler
                0x080045c4                LPTIM1_IRQHandler
                0x080045c4                I2C4_ER_IRQHandler
                0x080045c4                DMA2_Stream6_IRQHandler
                0x080045c4                SAI1_IRQHandler
                0x080045c4                DMA1_Stream3_IRQHandler
 *fill*         0x080045c6        0x2 
 .text.HAL_Init
                0x080045c8       0x78 ./Drivers/STM32H7xx_HAL_Driver/Src/stm32h7xx_hal.o
                0x080045c8                HAL_Init
 .text.HAL_InitTick
                0x08004640       0x6c ./Drivers/STM32H7xx_HAL_Driver/Src/stm32h7xx_hal.o
                0x08004640                HAL_InitTick
 .text.HAL_IncTick
                0x080046ac       0x28 ./Drivers/STM32H7xx_HAL_Driver/Src/stm32h7xx_hal.o
                0x080046ac                HAL_IncTick
 .text.HAL_GetTick
                0x080046d4       0x18 ./Drivers/STM32H7xx_HAL_Driver/Src/stm32h7xx_hal.o
                0x080046d4                HAL_GetTick
 .text.HAL_Delay
                0x080046ec       0x48 ./Drivers/STM32H7xx_HAL_Driver/Src/stm32h7xx_hal.o
                0x080046ec                HAL_Delay
 .text.HAL_GetREVID
                0x08004734       0x18 ./Drivers/STM32H7xx_HAL_Driver/Src/stm32h7xx_hal.o
                0x08004734                HAL_GetREVID
 .text.__NVIC_SetPriorityGrouping
                0x0800474c       0x48 ./Drivers/STM32H7xx_HAL_Driver/Src/stm32h7xx_hal_cortex.o
 .text.__NVIC_GetPriorityGrouping
                0x08004794       0x1c ./Drivers/STM32H7xx_HAL_Driver/Src/stm32h7xx_hal_cortex.o
 .text.__NVIC_EnableIRQ
                0x080047b0       0x3c ./Drivers/STM32H7xx_HAL_Driver/Src/stm32h7xx_hal_cortex.o
 .text.__NVIC_SetPriority
                0x080047ec       0x54 ./Drivers/STM32H7xx_HAL_Driver/Src/stm32h7xx_hal_cortex.o
 .text.NVIC_EncodePriority
                0x08004840       0x66 ./Drivers/STM32H7xx_HAL_Driver/Src/stm32h7xx_hal_cortex.o
 *fill*         0x080048a6        0x2 
 .text.SysTick_Config
                0x080048a8       0x44 ./Drivers/STM32H7xx_HAL_Driver/Src/stm32h7xx_hal_cortex.o
 .text.HAL_NVIC_SetPriorityGrouping
                0x080048ec       0x16 ./Drivers/STM32H7xx_HAL_Driver/Src/stm32h7xx_hal_cortex.o
                0x080048ec                HAL_NVIC_SetPriorityGrouping
 .text.HAL_NVIC_SetPriority
                0x08004902       0x34 ./Drivers/STM32H7xx_HAL_Driver/Src/stm32h7xx_hal_cortex.o
                0x08004902                HAL_NVIC_SetPriority
 .text.HAL_NVIC_EnableIRQ
                0x08004936       0x1c ./Drivers/STM32H7xx_HAL_Driver/Src/stm32h7xx_hal_cortex.o
                0x08004936                HAL_NVIC_EnableIRQ
 .text.HAL_SYSTICK_Config
                0x08004952       0x18 ./Drivers/STM32H7xx_HAL_Driver/Src/stm32h7xx_hal_cortex.o
                0x08004952                HAL_SYSTICK_Config
 *fill*         0x0800496a        0x2 
 .text.HAL_MPU_Disable
                0x0800496c       0x30 ./Drivers/STM32H7xx_HAL_Driver/Src/stm32h7xx_hal_cortex.o
                0x0800496c                HAL_MPU_Disable
 .text.HAL_MPU_Enable
                0x0800499c       0x40 ./Drivers/STM32H7xx_HAL_Driver/Src/stm32h7xx_hal_cortex.o
                0x0800499c                HAL_MPU_Enable
 .text.HAL_MPU_ConfigRegion
                0x080049dc       0x80 ./Drivers/STM32H7xx_HAL_Driver/Src/stm32h7xx_hal_cortex.o
                0x080049dc                HAL_MPU_ConfigRegion
 .text.HAL_DMA_Abort_IT
                0x08004a5c      0x48c ./Drivers/STM32H7xx_HAL_Driver/Src/stm32h7xx_hal_dma.o
                0x08004a5c                HAL_DMA_Abort_IT
 .text.HAL_FDCAN_Init
                0x08004ee8      0x3bc ./Drivers/STM32H7xx_HAL_Driver/Src/stm32h7xx_hal_fdcan.o
                0x08004ee8                HAL_FDCAN_Init
 .text.HAL_FDCAN_ConfigFilter
                0x080052a4       0xec ./Drivers/STM32H7xx_HAL_Driver/Src/stm32h7xx_hal_fdcan.o
                0x080052a4                HAL_FDCAN_ConfigFilter
 .text.HAL_FDCAN_Start
                0x08005390       0x56 ./Drivers/STM32H7xx_HAL_Driver/Src/stm32h7xx_hal_fdcan.o
                0x08005390                HAL_FDCAN_Start
 .text.HAL_FDCAN_AddMessageToTxFifoQ
                0x080053e6       0xb6 ./Drivers/STM32H7xx_HAL_Driver/Src/stm32h7xx_hal_fdcan.o
                0x080053e6                HAL_FDCAN_AddMessageToTxFifoQ
 .text.HAL_FDCAN_GetRxMessage
                0x0800549c      0x2d8 ./Drivers/STM32H7xx_HAL_Driver/Src/stm32h7xx_hal_fdcan.o
                0x0800549c                HAL_FDCAN_GetRxMessage
 .text.HAL_FDCAN_ActivateNotification
                0x08005774       0xf4 ./Drivers/STM32H7xx_HAL_Driver/Src/stm32h7xx_hal_fdcan.o
                0x08005774                HAL_FDCAN_ActivateNotification
 .text.HAL_FDCAN_IRQHandler
                0x08005868      0x498 ./Drivers/STM32H7xx_HAL_Driver/Src/stm32h7xx_hal_fdcan.o
                0x08005868                HAL_FDCAN_IRQHandler
 .text.HAL_FDCAN_ClockCalibrationCallback
                0x08005d00       0x16 ./Drivers/STM32H7xx_HAL_Driver/Src/stm32h7xx_hal_fdcan.o
                0x08005d00                HAL_FDCAN_ClockCalibrationCallback
 .text.HAL_FDCAN_TxEventFifoCallback
                0x08005d16       0x16 ./Drivers/STM32H7xx_HAL_Driver/Src/stm32h7xx_hal_fdcan.o
                0x08005d16                HAL_FDCAN_TxEventFifoCallback
 .text.HAL_FDCAN_RxFifo1Callback
                0x08005d2c       0x16 ./Drivers/STM32H7xx_HAL_Driver/Src/stm32h7xx_hal_fdcan.o
                0x08005d2c                HAL_FDCAN_RxFifo1Callback
 .text.HAL_FDCAN_TxFifoEmptyCallback
                0x08005d42       0x14 ./Drivers/STM32H7xx_HAL_Driver/Src/stm32h7xx_hal_fdcan.o
                0x08005d42                HAL_FDCAN_TxFifoEmptyCallback
 .text.HAL_FDCAN_TxBufferCompleteCallback
                0x08005d56       0x16 ./Drivers/STM32H7xx_HAL_Driver/Src/stm32h7xx_hal_fdcan.o
                0x08005d56                HAL_FDCAN_TxBufferCompleteCallback
 .text.HAL_FDCAN_TxBufferAbortCallback
                0x08005d6c       0x16 ./Drivers/STM32H7xx_HAL_Driver/Src/stm32h7xx_hal_fdcan.o
                0x08005d6c                HAL_FDCAN_TxBufferAbortCallback
 .text.HAL_FDCAN_RxBufferNewMessageCallback
                0x08005d82       0x14 ./Drivers/STM32H7xx_HAL_Driver/Src/stm32h7xx_hal_fdcan.o
                0x08005d82                HAL_FDCAN_RxBufferNewMessageCallback
 .text.HAL_FDCAN_TimestampWraparoundCallback
                0x08005d96       0x14 ./Drivers/STM32H7xx_HAL_Driver/Src/stm32h7xx_hal_fdcan.o
                0x08005d96                HAL_FDCAN_TimestampWraparoundCallback
 .text.HAL_FDCAN_TimeoutOccurredCallback
                0x08005daa       0x14 ./Drivers/STM32H7xx_HAL_Driver/Src/stm32h7xx_hal_fdcan.o
                0x08005daa                HAL_FDCAN_TimeoutOccurredCallback
 .text.HAL_FDCAN_HighPriorityMessageCallback
                0x08005dbe       0x14 ./Drivers/STM32H7xx_HAL_Driver/Src/stm32h7xx_hal_fdcan.o
                0x08005dbe                HAL_FDCAN_HighPriorityMessageCallback
 .text.HAL_FDCAN_ErrorCallback
                0x08005dd2       0x14 ./Drivers/STM32H7xx_HAL_Driver/Src/stm32h7xx_hal_fdcan.o
                0x08005dd2                HAL_FDCAN_ErrorCallback
 .text.HAL_FDCAN_ErrorStatusCallback
                0x08005de6       0x16 ./Drivers/STM32H7xx_HAL_Driver/Src/stm32h7xx_hal_fdcan.o
                0x08005de6                HAL_FDCAN_ErrorStatusCallback
 .text.HAL_FDCAN_TT_ScheduleSyncCallback
                0x08005dfc       0x16 ./Drivers/STM32H7xx_HAL_Driver/Src/stm32h7xx_hal_fdcan.o
                0x08005dfc                HAL_FDCAN_TT_ScheduleSyncCallback
 .text.HAL_FDCAN_TT_TimeMarkCallback
                0x08005e12       0x16 ./Drivers/STM32H7xx_HAL_Driver/Src/stm32h7xx_hal_fdcan.o
                0x08005e12                HAL_FDCAN_TT_TimeMarkCallback
 .text.HAL_FDCAN_TT_StopWatchCallback
                0x08005e28       0x18 ./Drivers/STM32H7xx_HAL_Driver/Src/stm32h7xx_hal_fdcan.o
                0x08005e28                HAL_FDCAN_TT_StopWatchCallback
 .text.HAL_FDCAN_TT_GlobalTimeCallback
                0x08005e40       0x16 ./Drivers/STM32H7xx_HAL_Driver/Src/stm32h7xx_hal_fdcan.o
                0x08005e40                HAL_FDCAN_TT_GlobalTimeCallback
 *fill*         0x08005e56        0x2 
 .text.FDCAN_CalcultateRamBlockAddresses
                0x08005e58      0x30c ./Drivers/STM32H7xx_HAL_Driver/Src/stm32h7xx_hal_fdcan.o
 .text.FDCAN_CopyMessageToRAM
                0x08006164       0xfc ./Drivers/STM32H7xx_HAL_Driver/Src/stm32h7xx_hal_fdcan.o
 .text.HAL_GPIO_Init
                0x08006260      0x360 ./Drivers/STM32H7xx_HAL_Driver/Src/stm32h7xx_hal_gpio.o
                0x08006260                HAL_GPIO_Init
 .text.HAL_GPIO_ReadPin
                0x080065c0       0x30 ./Drivers/STM32H7xx_HAL_Driver/Src/stm32h7xx_hal_gpio.o
                0x080065c0                HAL_GPIO_ReadPin
 .text.HAL_GPIO_WritePin
                0x080065f0       0x32 ./Drivers/STM32H7xx_HAL_Driver/Src/stm32h7xx_hal_gpio.o
                0x080065f0                HAL_GPIO_WritePin
 *fill*         0x08006622        0x2 
 .text.HAL_PWREx_ConfigSupply
                0x08006624       0x74 ./Drivers/STM32H7xx_HAL_Driver/Src/stm32h7xx_hal_pwr_ex.o
                0x08006624                HAL_PWREx_ConfigSupply
 .text.HAL_RCC_OscConfig
                0x08006698      0x8b4 ./Drivers/STM32H7xx_HAL_Driver/Src/stm32h7xx_hal_rcc.o
                0x08006698                HAL_RCC_OscConfig
 .text.HAL_RCC_ClockConfig
                0x08006f4c      0x36c ./Drivers/STM32H7xx_HAL_Driver/Src/stm32h7xx_hal_rcc.o
                0x08006f4c                HAL_RCC_ClockConfig
 .text.HAL_RCC_GetSysClockFreq
                0x080072b8      0x2f4 ./Drivers/STM32H7xx_HAL_Driver/Src/stm32h7xx_hal_rcc.o
                0x080072b8                HAL_RCC_GetSysClockFreq
 .text.HAL_RCC_GetHCLKFreq
                0x080075ac       0x60 ./Drivers/STM32H7xx_HAL_Driver/Src/stm32h7xx_hal_rcc.o
                0x080075ac                HAL_RCC_GetHCLKFreq
 .text.HAL_RCCEx_PeriphCLKConfig
                0x0800760c     0x1414 ./Drivers/STM32H7xx_HAL_Driver/Src/stm32h7xx_hal_rcc_ex.o
                0x0800760c                HAL_RCCEx_PeriphCLKConfig
 .text.RCCEx_PLL2_Config
                0x08008a20      0x164 ./Drivers/STM32H7xx_HAL_Driver/Src/stm32h7xx_hal_rcc_ex.o
 .text.RCCEx_PLL3_Config
                0x08008b84      0x164 ./Drivers/STM32H7xx_HAL_Driver/Src/stm32h7xx_hal_rcc_ex.o
 .text.HAL_SPI_Init
                0x08008ce8      0x248 ./Drivers/STM32H7xx_HAL_Driver/Src/stm32h7xx_hal_spi.o
                0x08008ce8                HAL_SPI_Init
 .text.HAL_SPI_Transmit
                0x08008f30      0x3dc ./Drivers/STM32H7xx_HAL_Driver/Src/stm32h7xx_hal_spi.o
                0x08008f30                HAL_SPI_Transmit
 .text.HAL_SPI_TransmitReceive
                0x0800930c      0x674 ./Drivers/STM32H7xx_HAL_Driver/Src/stm32h7xx_hal_spi.o
                0x0800930c                HAL_SPI_TransmitReceive
 .text.HAL_SPI_IRQHandler
                0x08009980      0x39c ./Drivers/STM32H7xx_HAL_Driver/Src/stm32h7xx_hal_spi.o
                0x08009980                HAL_SPI_IRQHandler
 .text.HAL_SPI_TxCpltCallback
                0x08009d1c       0x14 ./Drivers/STM32H7xx_HAL_Driver/Src/stm32h7xx_hal_spi.o
                0x08009d1c                HAL_SPI_TxCpltCallback
 .text.HAL_SPI_RxCpltCallback
                0x08009d30       0x14 ./Drivers/STM32H7xx_HAL_Driver/Src/stm32h7xx_hal_spi.o
                0x08009d30                HAL_SPI_RxCpltCallback
 .text.HAL_SPI_TxRxCpltCallback
                0x08009d44       0x14 ./Drivers/STM32H7xx_HAL_Driver/Src/stm32h7xx_hal_spi.o
                0x08009d44                HAL_SPI_TxRxCpltCallback
 .text.HAL_SPI_ErrorCallback
                0x08009d58       0x14 ./Drivers/STM32H7xx_HAL_Driver/Src/stm32h7xx_hal_spi.o
                0x08009d58                HAL_SPI_ErrorCallback
 .text.HAL_SPI_SuspendCallback
                0x08009d6c       0x14 ./Drivers/STM32H7xx_HAL_Driver/Src/stm32h7xx_hal_spi.o
                0x08009d6c                HAL_SPI_SuspendCallback
 .text.SPI_DMAAbortOnError
                0x08009d80       0x34 ./Drivers/STM32H7xx_HAL_Driver/Src/stm32h7xx_hal_spi.o
 .text.SPI_CloseTransfer
                0x08009db4      0x140 ./Drivers/STM32H7xx_HAL_Driver/Src/stm32h7xx_hal_spi.o
 .text.SPI_WaitOnFlagUntilTimeout
                0x08009ef4       0x5c ./Drivers/STM32H7xx_HAL_Driver/Src/stm32h7xx_hal_spi.o
 .text.SPI_GetPacketSize
                0x08009f50       0x36 ./Drivers/STM32H7xx_HAL_Driver/Src/stm32h7xx_hal_spi.o
 .text.HAL_TIM_Base_Init
                0x08009f86       0xae ./Drivers/STM32H7xx_HAL_Driver/Src/stm32h7xx_hal_tim.o
                0x08009f86                HAL_TIM_Base_Init
 .text.HAL_TIM_Base_Start_IT
                0x0800a034       0xf0 ./Drivers/STM32H7xx_HAL_Driver/Src/stm32h7xx_hal_tim.o
                0x0800a034                HAL_TIM_Base_Start_IT
 .text.HAL_TIM_IRQHandler
                0x0800a124      0x20e ./Drivers/STM32H7xx_HAL_Driver/Src/stm32h7xx_hal_tim.o
                0x0800a124                HAL_TIM_IRQHandler
 .text.HAL_TIM_OC_DelayElapsedCallback
                0x0800a332       0x14 ./Drivers/STM32H7xx_HAL_Driver/Src/stm32h7xx_hal_tim.o
                0x0800a332                HAL_TIM_OC_DelayElapsedCallback
 .text.HAL_TIM_IC_CaptureCallback
                0x0800a346       0x14 ./Drivers/STM32H7xx_HAL_Driver/Src/stm32h7xx_hal_tim.o
                0x0800a346                HAL_TIM_IC_CaptureCallback
 .text.HAL_TIM_PWM_PulseFinishedCallback
                0x0800a35a       0x14 ./Drivers/STM32H7xx_HAL_Driver/Src/stm32h7xx_hal_tim.o
                0x0800a35a                HAL_TIM_PWM_PulseFinishedCallback
 .text.HAL_TIM_TriggerCallback
                0x0800a36e       0x14 ./Drivers/STM32H7xx_HAL_Driver/Src/stm32h7xx_hal_tim.o
                0x0800a36e                HAL_TIM_TriggerCallback
 *fill*         0x0800a382        0x2 
 .text.TIM_Base_SetConfig
                0x0800a384      0x14c ./Drivers/STM32H7xx_HAL_Driver/Src/stm32h7xx_hal_tim.o
                0x0800a384                TIM_Base_SetConfig
 .text.HAL_TIMEx_CommutCallback
                0x0800a4d0       0x14 ./Drivers/STM32H7xx_HAL_Driver/Src/stm32h7xx_hal_tim_ex.o
                0x0800a4d0                HAL_TIMEx_CommutCallback
 .text.HAL_TIMEx_BreakCallback
                0x0800a4e4       0x14 ./Drivers/STM32H7xx_HAL_Driver/Src/stm32h7xx_hal_tim_ex.o
                0x0800a4e4                HAL_TIMEx_BreakCallback
 .text.HAL_TIMEx_Break2Callback
                0x0800a4f8       0x14 ./Drivers/STM32H7xx_HAL_Driver/Src/stm32h7xx_hal_tim_ex.o
                0x0800a4f8                HAL_TIMEx_Break2Callback
 .text.memset   0x0800a50c       0x10 C:/ST/STM32CubeIDE_1.13.0/STM32CubeIDE/plugins/com.st.stm32cube.ide.mcu.externaltools.gnu-tools-for-stm32.12.3.rel1.win32_1.0.100.202403111256/tools/bin/../lib/gcc/arm-none-eabi/12.3.1/../../../../arm-none-eabi/lib/thumb/v7e-m+dp/hard\libc_nano.a(libc_a-memset.o)
                0x0800a50c                memset
 .text.__libc_init_array
                0x0800a51c       0x48 C:/ST/STM32CubeIDE_1.13.0/STM32CubeIDE/plugins/com.st.stm32cube.ide.mcu.externaltools.gnu-tools-for-stm32.12.3.rel1.win32_1.0.100.202403111256/tools/bin/../lib/gcc/arm-none-eabi/12.3.1/../../../../arm-none-eabi/lib/thumb/v7e-m+dp/hard\libc_nano.a(libc_a-init.o)
                0x0800a51c                __libc_init_array
 .text.memcpy   0x0800a564       0x1c C:/ST/STM32CubeIDE_1.13.0/STM32CubeIDE/plugins/com.st.stm32cube.ide.mcu.externaltools.gnu-tools-for-stm32.12.3.rel1.win32_1.0.100.202403111256/tools/bin/../lib/gcc/arm-none-eabi/12.3.1/../../../../arm-none-eabi/lib/thumb/v7e-m+dp/hard\libc_nano.a(libc_a-memcpy-stub.o)
                0x0800a564                memcpy
 *(.glue_7)
 .glue_7        0x0800a580        0x0 linker stubs
 *(.glue_7t)
 .glue_7t       0x0800a580        0x0 linker stubs
 *(.eh_frame)
 .eh_frame      0x0800a580        0x0 C:/ST/STM32CubeIDE_1.13.0/STM32CubeIDE/plugins/com.st.stm32cube.ide.mcu.externaltools.gnu-tools-for-stm32.12.3.rel1.win32_1.0.100.202403111256/tools/bin/../lib/gcc/arm-none-eabi/12.3.1/thumb/v7e-m+dp/hard/crtbegin.o
 *(.init)
 .init          0x0800a580        0x4 C:/ST/STM32CubeIDE_1.13.0/STM32CubeIDE/plugins/com.st.stm32cube.ide.mcu.externaltools.gnu-tools-for-stm32.12.3.rel1.win32_1.0.100.202403111256/tools/bin/../lib/gcc/arm-none-eabi/12.3.1/thumb/v7e-m+dp/hard/crti.o
                0x0800a580                _init
 .init          0x0800a584        0x8 C:/ST/STM32CubeIDE_1.13.0/STM32CubeIDE/plugins/com.st.stm32cube.ide.mcu.externaltools.gnu-tools-for-stm32.12.3.rel1.win32_1.0.100.202403111256/tools/bin/../lib/gcc/arm-none-eabi/12.3.1/thumb/v7e-m+dp/hard/crtn.o
 *(.fini)
 .fini          0x0800a58c        0x4 C:/ST/STM32CubeIDE_1.13.0/STM32CubeIDE/plugins/com.st.stm32cube.ide.mcu.externaltools.gnu-tools-for-stm32.12.3.rel1.win32_1.0.100.202403111256/tools/bin/../lib/gcc/arm-none-eabi/12.3.1/thumb/v7e-m+dp/hard/crti.o
                0x0800a58c                _fini
 .fini          0x0800a590        0x8 C:/ST/STM32CubeIDE_1.13.0/STM32CubeIDE/plugins/com.st.stm32cube.ide.mcu.externaltools.gnu-tools-for-stm32.12.3.rel1.win32_1.0.100.202403111256/tools/bin/../lib/gcc/arm-none-eabi/12.3.1/thumb/v7e-m+dp/hard/crtn.o
                0x0800a598                        . = ALIGN (0x4)
                0x0800a598                        _etext = .

.vfp11_veneer   0x0800a598        0x0
 .vfp11_veneer  0x0800a598        0x0 linker stubs

.v4_bx          0x0800a598        0x0
 .v4_bx         0x0800a598        0x0 linker stubs

.iplt           0x0800a598        0x0
 .iplt          0x0800a598        0x0 C:/ST/STM32CubeIDE_1.13.0/STM32CubeIDE/plugins/com.st.stm32cube.ide.mcu.externaltools.gnu-tools-for-stm32.12.3.rel1.win32_1.0.100.202403111256/tools/bin/../lib/gcc/arm-none-eabi/12.3.1/thumb/v7e-m+dp/hard/crtbegin.o

.rodata         0x0800a598      0xe94
                0x0800a598                        . = ALIGN (0x4)
 *(.rodata)
 .rodata        0x0800a598      0xe16 ./Core/Src/eTechRacing.o
 *fill*         0x0800b3ae        0x2 
 .rodata        0x0800b3b0        0xf ./Core/Src/main.o
 *fill*         0x0800b3bf        0x1 
 .rodata        0x0800b3c0       0x4c ./Drivers/STM32H7xx_HAL_Driver/Src/stm32h7xx_hal_fdcan.o
 *(.rodata*)
 .rodata.D1CorePrescTable
                0x0800b40c       0x10 ./Core/Src/system_stm32h7xx.o
                0x0800b40c                D1CorePrescTable
 .rodata.DLCtoBytes
                0x0800b41c       0x10 ./Drivers/STM32H7xx_HAL_Driver/Src/stm32h7xx_hal_fdcan.o
                0x0800b42c                        . = ALIGN (0x4)

.ARM.extab
 *(.ARM.extab* .gnu.linkonce.armextab.*)

.ARM            0x0800b42c        0x0
                0x0800b42c                        __exidx_start = .
 *(.ARM.exidx*)
                0x0800b42c                        __exidx_end = .

.preinit_array  0x0800b42c        0x0
                0x0800b42c                        PROVIDE (__preinit_array_start = .)
 *(.preinit_array*)
                0x0800b42c                        PROVIDE (__preinit_array_end = .)

.init_array     0x0800b42c        0x4
                0x0800b42c                        PROVIDE (__init_array_start = .)
 *(SORT_BY_NAME(.init_array.*))
 *(.init_array*)
 .init_array    0x0800b42c        0x4 C:/ST/STM32CubeIDE_1.13.0/STM32CubeIDE/plugins/com.st.stm32cube.ide.mcu.externaltools.gnu-tools-for-stm32.12.3.rel1.win32_1.0.100.202403111256/tools/bin/../lib/gcc/arm-none-eabi/12.3.1/thumb/v7e-m+dp/hard/crtbegin.o
                0x0800b430                        PROVIDE (__init_array_end = .)

.fini_array     0x0800b430        0x4
                [!provide]                        PROVIDE (__fini_array_start = .)
 *(SORT_BY_NAME(.fini_array.*))
 *(.fini_array*)
 .fini_array    0x0800b430        0x4 C:/ST/STM32CubeIDE_1.13.0/STM32CubeIDE/plugins/com.st.stm32cube.ide.mcu.externaltools.gnu-tools-for-stm32.12.3.rel1.win32_1.0.100.202403111256/tools/bin/../lib/gcc/arm-none-eabi/12.3.1/thumb/v7e-m+dp/hard/crtbegin.o
                [!provide]                        PROVIDE (__fini_array_end = .)
                0x0800b434                        _sidata = LOADADDR (.data)

.rel.dyn        0x0800b434        0x0
 .rel.iplt      0x0800b434        0x0 C:/ST/STM32CubeIDE_1.13.0/STM32CubeIDE/plugins/com.st.stm32cube.ide.mcu.externaltools.gnu-tools-for-stm32.12.3.rel1.win32_1.0.100.202403111256/tools/bin/../lib/gcc/arm-none-eabi/12.3.1/thumb/v7e-m+dp/hard/crtbegin.o

.data           0x24000000      0x22c load address 0x0800b434
                0x24000000                        . = ALIGN (0x4)
                0x24000000                        _sdata = .
 *(.data)
 *(.data*)
 .data.TOTAL_IC
                0x24000000        0x1 ./Core/Src/LTC6811-1_eTechRacing.o
                0x24000000                TOTAL_IC
 *fill*         0x24000001        0x1 
 .data.V_BALANCING
                0x24000002        0x2 ./Core/Src/LTC6811-1_eTechRacing.o
                0x24000002                V_BALANCING
 .data.V_MIN    0x24000004        0x2 ./Core/Src/LTC6811-1_eTechRacing.o
                0x24000004                V_MIN
 *fill*         0x24000006        0x2 
 .data.crc15Table
                0x24000008      0x200 ./Core/Src/LTC6811-1_eTechRacing.o
                0x24000008                crc15Table
 .data.BMS_OK   0x24000208        0x1 ./Core/Src/main.o
                0x24000208                BMS_OK
 *fill*         0x24000209        0x3 
 .data.current_error
                0x2400020c        0x1 ./Core/Src/main.o
                0x2400020c                current_error
 .data.OV_FLAG  0x2400020d        0x1 ./Core/Src/main.o
                0x2400020d                OV_FLAG
 .data.UV_FLAG  0x2400020e        0x1 ./Core/Src/main.o
                0x2400020e                UV_FLAG
 .data.OT_FLAG  0x2400020f        0x1 ./Core/Src/main.o
                0x2400020f                OT_FLAG
 .data.UT_FLAG  0x24000210        0x1 ./Core/Src/main.o
                0x24000210                UT_FLAG
 .data.OC_FLAG  0x24000211        0x1 ./Core/Src/main.o
                0x24000211                OC_FLAG
 .data.SD_FLAG  0x24000212        0x1 ./Core/Src/main.o
                0x24000212                SD_FLAG
 .data.CE_FLAG  0x24000213        0x1 ./Core/Src/main.o
                0x24000213                CE_FLAG
 .data.CURR_SYNC_FLAG
                0x24000214        0x1 ./Core/Src/main.o
                0x24000214                CURR_SYNC_FLAG
 .data.GPIOx    0x24000215        0x1 ./Core/Src/main.o
                0x24000215                GPIOx
 .data.CURR_STATE
                0x24000216        0x1 ./Core/Src/main.o
                0x24000216                CURR_STATE
 *fill*         0x24000217        0x1 
 .data.COBID_TEMP
                0x24000218        0x2 ./Core/Src/main.o
                0x24000218                COBID_TEMP
 .data.COBID_VOLT
                0x2400021a        0x2 ./Core/Src/main.o
                0x2400021a                COBID_VOLT
 .data.SystemCoreClock
                0x2400021c        0x4 ./Core/Src/system_stm32h7xx.o
                0x2400021c                SystemCoreClock
 .data.SystemD2Clock
                0x24000220        0x4 ./Core/Src/system_stm32h7xx.o
                0x24000220                SystemD2Clock
 .data.uwTickPrio
                0x24000224        0x4 ./Drivers/STM32H7xx_HAL_Driver/Src/stm32h7xx_hal.o
                0x24000224                uwTickPrio
 .data.uwTickFreq
                0x24000228        0x1 ./Drivers/STM32H7xx_HAL_Driver/Src/stm32h7xx_hal.o
                0x24000228                uwTickFreq
 *(.RamFunc)
 *(.RamFunc*)
                0x2400022c                        . = ALIGN (0x4)
 *fill*         0x24000229        0x3 
                0x2400022c                        _edata = .

.igot.plt       0x2400022c        0x0 load address 0x0800b660
 .igot.plt      0x2400022c        0x0 C:/ST/STM32CubeIDE_1.13.0/STM32CubeIDE/plugins/com.st.stm32cube.ide.mcu.externaltools.gnu-tools-for-stm32.12.3.rel1.win32_1.0.100.202403111256/tools/bin/../lib/gcc/arm-none-eabi/12.3.1/thumb/v7e-m+dp/hard/crtbegin.o
                0x2400022c                        . = ALIGN (0x4)

.bss            0x2400022c     0x1694 load address 0x0800b660
                0x2400022c                        _sbss = .
                0x2400022c                        __bss_start__ = _sbss
 *(.bss)
 .bss           0x2400022c       0x1c C:/ST/STM32CubeIDE_1.13.0/STM32CubeIDE/plugins/com.st.stm32cube.ide.mcu.externaltools.gnu-tools-for-stm32.12.3.rel1.win32_1.0.100.202403111256/tools/bin/../lib/gcc/arm-none-eabi/12.3.1/thumb/v7e-m+dp/hard/crtbegin.o
 *(.bss*)
 .bss.DCC       0x24000248      0x168 ./Core/Src/LTC6811-1_eTechRacing.o
                0x24000248                DCC
 .bss.EVAL      0x240003b0      0x168 ./Core/Src/LTC6811-1_eTechRacing.o
                0x240003b0                EVAL
 .bss.hfdcan1   0x24000518       0xa0 ./Core/Src/main.o
                0x24000518                hfdcan1
 .bss.hfdcan2   0x240005b8       0xa0 ./Core/Src/main.o
                0x240005b8                hfdcan2
 .bss.hspi1     0x24000658       0x88 ./Core/Src/main.o
                0x24000658                hspi1
 .bss.htim13    0x240006e0       0x4c ./Core/Src/main.o
                0x240006e0                htim13
 .bss.htim14    0x2400072c       0x4c ./Core/Src/main.o
                0x2400072c                htim14
 .bss.PEC_SLAVES_Temp
                0x24000778       0x78 ./Core/Src/main.o
                0x24000778                PEC_SLAVES_Temp
 .bss.PEC_SLAVES_Volt
                0x240007f0       0x3c ./Core/Src/main.o
                0x240007f0                PEC_SLAVES_Volt
 .bss.voltatjes
                0x2400082c      0x168 ./Core/Src/main.o
                0x2400082c                voltatjes
 .bss.temperatures
                0x24000994       0xf0 ./Core/Src/main.o
                0x24000994                temperatures
 .bss.temperatures_conv
                0x24000a84       0xf0 ./Core/Src/main.o
                0x24000a84                temperatures_conv
 .bss.Current   0x24000b74        0x4 ./Core/Src/main.o
                0x24000b74                Current
 .bss.min_volt  0x24000b78        0x2 ./Core/Src/main.o
                0x24000b78                min_volt
 .bss.max_volt  0x24000b7a        0x2 ./Core/Src/main.o
                0x24000b7a                max_volt
 .bss.sum_volt  0x24000b7c        0x4 ./Core/Src/main.o
                0x24000b7c                sum_volt
 .bss.min_temp  0x24000b80        0x2 ./Core/Src/main.o
                0x24000b80                min_temp
 .bss.max_temp  0x24000b82        0x2 ./Core/Src/main.o
                0x24000b82                max_temp
 .bss.mean_temp
                0x24000b84        0x4 ./Core/Src/main.o
                0x24000b84                mean_temp
 .bss.mean_volt
                0x24000b88        0x4 ./Core/Src/main.o
                0x24000b88                mean_volt
 .bss.ov_flag_arr
                0x24000b8c      0x2d0 ./Core/Src/main.o
                0x24000b8c                ov_flag_arr
 .bss.uv_flag_arr
                0x24000e5c      0x2d0 ./Core/Src/main.o
                0x24000e5c                uv_flag_arr
 .bss.ot_flag_arr
                0x2400112c      0x1e0 ./Core/Src/main.o
                0x2400112c                ot_flag_arr
 .bss.ut_flag_arr
                0x2400130c      0x1e0 ./Core/Src/main.o
                0x2400130c                ut_flag_arr
 .bss.sd_flag_arr_volt
                0x240014ec       0xf0 ./Core/Src/main.o
                0x240014ec                sd_flag_arr_volt
 .bss.sd_flag_arr_temp
                0x240015dc      0x1e0 ./Core/Src/main.o
                0x240015dc                sd_flag_arr_temp
 .bss.oc_flag_arr
                0x240017bc        0x4 ./Core/Src/main.o
                0x240017bc                oc_flag_arr
 .bss.etas_flag
                0x240017c0        0x4 ./Core/Src/main.o
                0x240017c0                etas_flag
 .bss.current_flag
                0x240017c4        0x4 ./Core/Src/main.o
                0x240017c4                current_flag
 .bss.current_sync_flag
                0x240017c8        0x4 ./Core/Src/main.o
                0x240017c8                current_sync_flag
 .bss.can_balancing_flag
                0x240017cc        0x4 ./Core/Src/main.o
                0x240017cc                can_balancing_flag
 .bss.KEEP_ALIVE
                0x240017d0        0x1 ./Core/Src/main.o
                0x240017d0                KEEP_ALIVE
 .bss.BMS_MONITORING
                0x240017d1        0x1 ./Core/Src/main.o
                0x240017d1                BMS_MONITORING
 .bss.IMD_MONITORING
                0x240017d2        0x1 ./Core/Src/main.o
                0x240017d2                IMD_MONITORING
 .bss.SDC_MONITORING
                0x240017d3        0x1 ./Core/Src/main.o
                0x240017d3                SDC_MONITORING
 .bss.ETAS_SYNC_FLAG
                0x240017d4        0x1 ./Core/Src/main.o
                0x240017d4                ETAS_SYNC_FLAG
 .bss.CAN_BALANCING_FLAG
                0x240017d5        0x1 ./Core/Src/main.o
                0x240017d5                CAN_BALANCING_FLAG
 *fill*         0x240017d6        0x2 
 .bss.Airs_State
                0x240017d8        0x4 ./Core/Src/main.o
                0x240017d8                Airs_State
 .bss.msg       0x240017dc        0x1 ./Core/Src/main.o
                0x240017dc                msg
 .bss.CH        0x240017dd        0x1 ./Core/Src/main.o
                0x240017dd                CH
 .bss.BLC       0x240017de        0x1 ./Core/Src/main.o
                0x240017de                BLC
 .bss.AIRs_request
                0x240017df        0x1 ./Core/Src/main.o
                0x240017df                AIRs_request
 .bss.RxHeader  0x240017e0       0x28 ./Core/Src/main.o
                0x240017e0                RxHeader
 .bss.TxHeader  0x24001808       0x24 ./Core/Src/main.o
                0x24001808                TxHeader
 .bss.RxData    0x2400182c       0x1e ./Core/Src/main.o
                0x2400182c                RxData
 *fill*         0x2400184a        0x2 
 .bss.TxData    0x2400184c       0x1e ./Core/Src/main.o
                0x2400184c                TxData
 *fill*         0x2400186a        0x2 
 .bss.TxHeader2
                0x2400186c       0x24 ./Core/Src/main.o
                0x2400186c                TxHeader2
 .bss.TxData2   0x24001890       0x1e ./Core/Src/main.o
                0x24001890                TxData2
 .bss.IC_TEMP   0x240018ae        0x1 ./Core/Src/main.o
                0x240018ae                IC_TEMP
 .bss.IC_VOLT   0x240018af        0x1 ./Core/Src/main.o
                0x240018af                IC_VOLT
 .bss.RX_VOLT_TEMP
                0x240018b0        0x1 ./Core/Src/main.o
                0x240018b0                RX_VOLT_TEMP
 .bss.BMS_SELECTION
                0x240018b1        0x1 ./Core/Src/main.o
                0x240018b1                BMS_SELECTION
 *fill*         0x240018b2        0x2 
 .bss.BLC_COUNTER
                0x240018b4        0x4 ./Core/Src/main.o
                0x240018b4                BLC_COUNTER
 .bss.HAL_RCC_FDCAN_CLK_ENABLED
                0x240018b8        0x4 ./Core/Src/stm32h7xx_hal_msp.o
 .bss.uwTick    0x240018bc        0x4 ./Drivers/STM32H7xx_HAL_Driver/Src/stm32h7xx_hal.o
                0x240018bc                uwTick
 *(COMMON)
                0x240018c0                        . = ALIGN (0x4)
                0x240018c0                        _ebss = .
                0x240018c0                        __bss_end__ = _ebss

._user_heap_stack
                0x240018c0      0x600 load address 0x0800b660
                0x240018c0                        . = ALIGN (0x8)
                [!provide]                        PROVIDE (end = .)
                0x240018c0                        PROVIDE (_end = .)
                0x24001ac0                        . = (. + _Min_Heap_Size)
 *fill*         0x240018c0      0x200 
                0x24001ec0                        . = (. + _Min_Stack_Size)
 *fill*         0x24001ac0      0x400 
                0x24001ec0                        . = ALIGN (0x8)

/DISCARD/
 libc.a(*)
 libm.a(*)
 libgcc.a(*)

.ARM.attributes
                0x00000000       0x2e
 *(.ARM.attributes)
 .ARM.attributes
                0x00000000       0x20 C:/ST/STM32CubeIDE_1.13.0/STM32CubeIDE/plugins/com.st.stm32cube.ide.mcu.externaltools.gnu-tools-for-stm32.12.3.rel1.win32_1.0.100.202403111256/tools/bin/../lib/gcc/arm-none-eabi/12.3.1/thumb/v7e-m+dp/hard/crti.o
 .ARM.attributes
                0x00000020       0x32 C:/ST/STM32CubeIDE_1.13.0/STM32CubeIDE/plugins/com.st.stm32cube.ide.mcu.externaltools.gnu-tools-for-stm32.12.3.rel1.win32_1.0.100.202403111256/tools/bin/../lib/gcc/arm-none-eabi/12.3.1/thumb/v7e-m+dp/hard/crtbegin.o
 .ARM.attributes
                0x00000052       0x32 ./Core/Src/BMS.o
 .ARM.attributes
                0x00000084       0x32 ./Core/Src/LTC6811-1_eTechRacing.o
 .ARM.attributes
                0x000000b6       0x32 ./Core/Src/can_comunication.o
 .ARM.attributes
                0x000000e8       0x32 ./Core/Src/eTechRacing.o
 .ARM.attributes
                0x0000011a       0x32 ./Core/Src/errors.o
 .ARM.attributes
                0x0000014c       0x32 ./Core/Src/main.o
 .ARM.attributes
                0x0000017e       0x32 ./Core/Src/stm32h7xx_hal_msp.o
 .ARM.attributes
                0x000001b0       0x32 ./Core/Src/stm32h7xx_it.o
 .ARM.attributes
                0x000001e2       0x32 ./Core/Src/system_stm32h7xx.o
 .ARM.attributes
                0x00000214       0x21 ./Core/Startup/startup_stm32h753vitx.o
 .ARM.attributes
                0x00000235       0x32 ./Drivers/STM32H7xx_HAL_Driver/Src/stm32h7xx_hal.o
 .ARM.attributes
                0x00000267       0x32 ./Drivers/STM32H7xx_HAL_Driver/Src/stm32h7xx_hal_cortex.o
 .ARM.attributes
                0x00000299       0x32 ./Drivers/STM32H7xx_HAL_Driver/Src/stm32h7xx_hal_dma.o
 .ARM.attributes
                0x000002cb       0x32 ./Drivers/STM32H7xx_HAL_Driver/Src/stm32h7xx_hal_fdcan.o
 .ARM.attributes
                0x000002fd       0x32 ./Drivers/STM32H7xx_HAL_Driver/Src/stm32h7xx_hal_gpio.o
 .ARM.attributes
                0x0000032f       0x32 ./Drivers/STM32H7xx_HAL_Driver/Src/stm32h7xx_hal_pwr_ex.o
 .ARM.attributes
                0x00000361       0x32 ./Drivers/STM32H7xx_HAL_Driver/Src/stm32h7xx_hal_rcc.o
 .ARM.attributes
                0x00000393       0x32 ./Drivers/STM32H7xx_HAL_Driver/Src/stm32h7xx_hal_rcc_ex.o
 .ARM.attributes
                0x000003c5       0x32 ./Drivers/STM32H7xx_HAL_Driver/Src/stm32h7xx_hal_spi.o
 .ARM.attributes
                0x000003f7       0x32 ./Drivers/STM32H7xx_HAL_Driver/Src/stm32h7xx_hal_tim.o
 .ARM.attributes
                0x00000429       0x32 ./Drivers/STM32H7xx_HAL_Driver/Src/stm32h7xx_hal_tim_ex.o
 .ARM.attributes
                0x0000045b       0x32 C:/ST/STM32CubeIDE_1.13.0/STM32CubeIDE/plugins/com.st.stm32cube.ide.mcu.externaltools.gnu-tools-for-stm32.12.3.rel1.win32_1.0.100.202403111256/tools/bin/../lib/gcc/arm-none-eabi/12.3.1/../../../../arm-none-eabi/lib/thumb/v7e-m+dp/hard\libc_nano.a(libc_a-memset.o)
 .ARM.attributes
                0x0000048d       0x32 C:/ST/STM32CubeIDE_1.13.0/STM32CubeIDE/plugins/com.st.stm32cube.ide.mcu.externaltools.gnu-tools-for-stm32.12.3.rel1.win32_1.0.100.202403111256/tools/bin/../lib/gcc/arm-none-eabi/12.3.1/../../../../arm-none-eabi/lib/thumb/v7e-m+dp/hard\libc_nano.a(libc_a-init.o)
 .ARM.attributes
                0x000004bf       0x32 C:/ST/STM32CubeIDE_1.13.0/STM32CubeIDE/plugins/com.st.stm32cube.ide.mcu.externaltools.gnu-tools-for-stm32.12.3.rel1.win32_1.0.100.202403111256/tools/bin/../lib/gcc/arm-none-eabi/12.3.1/../../../../arm-none-eabi/lib/thumb/v7e-m+dp/hard\libc_nano.a(libc_a-memcpy-stub.o)
 .ARM.attributes
                0x000004f1       0x20 C:/ST/STM32CubeIDE_1.13.0/STM32CubeIDE/plugins/com.st.stm32cube.ide.mcu.externaltools.gnu-tools-for-stm32.12.3.rel1.win32_1.0.100.202403111256/tools/bin/../lib/gcc/arm-none-eabi/12.3.1/thumb/v7e-m+dp/hard/crtn.o
OUTPUT(MASTER_CORE_STM32H753VIT6.elf elf32-littlearm)
LOAD linker stubs
LOAD C:/ST/STM32CubeIDE_1.13.0/STM32CubeIDE/plugins/com.st.stm32cube.ide.mcu.externaltools.gnu-tools-for-stm32.12.3.rel1.win32_1.0.100.202403111256/tools/bin/../lib/gcc/arm-none-eabi/12.3.1/../../../../arm-none-eabi/lib/thumb/v7e-m+dp/hard\libc.a
LOAD C:/ST/STM32CubeIDE_1.13.0/STM32CubeIDE/plugins/com.st.stm32cube.ide.mcu.externaltools.gnu-tools-for-stm32.12.3.rel1.win32_1.0.100.202403111256/tools/bin/../lib/gcc/arm-none-eabi/12.3.1/../../../../arm-none-eabi/lib/thumb/v7e-m+dp/hard\libm.a
LOAD C:/ST/STM32CubeIDE_1.13.0/STM32CubeIDE/plugins/com.st.stm32cube.ide.mcu.externaltools.gnu-tools-for-stm32.12.3.rel1.win32_1.0.100.202403111256/tools/bin/../lib/gcc/arm-none-eabi/12.3.1/thumb/v7e-m+dp/hard\libgcc.a

.debug_info     0x00000000    0x18e28
 .debug_info    0x00000000      0x275 ./Core/Src/BMS.o
 .debug_info    0x00000275     0x12a9 ./Core/Src/LTC6811-1_eTechRacing.o
 .debug_info    0x0000151e      0xf6e ./Core/Src/can_comunication.o
 .debug_info    0x0000248c      0x4a6 ./Core/Src/eTechRacing.o
 .debug_info    0x00002932      0x3fb ./Core/Src/errors.o
 .debug_info    0x00002d2d     0x2c9d ./Core/Src/main.o
 .debug_info    0x000059ca     0x20be ./Core/Src/stm32h7xx_hal_msp.o
 .debug_info    0x00007a88     0x141b ./Core/Src/stm32h7xx_it.o
 .debug_info    0x00008ea3      0xcef ./Core/Src/system_stm32h7xx.o
 .debug_info    0x00009b92       0x30 ./Core/Startup/startup_stm32h753vitx.o
 .debug_info    0x00009bc2     0x1541 ./Drivers/STM32H7xx_HAL_Driver/Src/stm32h7xx_hal.o
 .debug_info    0x0000b103     0x10b2 ./Drivers/STM32H7xx_HAL_Driver/Src/stm32h7xx_hal_cortex.o
 .debug_info    0x0000c1b5      0xc27 ./Drivers/STM32H7xx_HAL_Driver/Src/stm32h7xx_hal_dma.o
 .debug_info    0x0000cddc     0x2baf ./Drivers/STM32H7xx_HAL_Driver/Src/stm32h7xx_hal_fdcan.o
 .debug_info    0x0000f98b      0xc4b ./Drivers/STM32H7xx_HAL_Driver/Src/stm32h7xx_hal_gpio.o
 .debug_info    0x000105d6     0x1008 ./Drivers/STM32H7xx_HAL_Driver/Src/stm32h7xx_hal_pwr_ex.o
 .debug_info    0x000115de      0xe5b ./Drivers/STM32H7xx_HAL_Driver/Src/stm32h7xx_hal_rcc.o
 .debug_info    0x00012439     0x1216 ./Drivers/STM32H7xx_HAL_Driver/Src/stm32h7xx_hal_rcc_ex.o
 .debug_info    0x0001364f     0x1440 ./Drivers/STM32H7xx_HAL_Driver/Src/stm32h7xx_hal_spi.o
 .debug_info    0x00014a8f     0x2bae ./Drivers/STM32H7xx_HAL_Driver/Src/stm32h7xx_hal_tim.o
 .debug_info    0x0001763d     0x17eb ./Drivers/STM32H7xx_HAL_Driver/Src/stm32h7xx_hal_tim_ex.o

.debug_abbrev   0x00000000     0x2d77
 .debug_abbrev  0x00000000      0x136 ./Core/Src/BMS.o
 .debug_abbrev  0x00000136      0x2ed ./Core/Src/LTC6811-1_eTechRacing.o
 .debug_abbrev  0x00000423      0x24c ./Core/Src/can_comunication.o
 .debug_abbrev  0x0000066f      0x128 ./Core/Src/eTechRacing.o
 .debug_abbrev  0x00000797       0xf1 ./Core/Src/errors.o
 .debug_abbrev  0x00000888      0x315 ./Core/Src/main.o
 .debug_abbrev  0x00000b9d      0x267 ./Core/Src/stm32h7xx_hal_msp.o
 .debug_abbrev  0x00000e04      0x1e7 ./Core/Src/stm32h7xx_it.o
 .debug_abbrev  0x00000feb      0x14c ./Core/Src/system_stm32h7xx.o
 .debug_abbrev  0x00001137       0x24 ./Core/Startup/startup_stm32h753vitx.o
 .debug_abbrev  0x0000115b      0x295 ./Drivers/STM32H7xx_HAL_Driver/Src/stm32h7xx_hal.o
 .debug_abbrev  0x000013f0      0x339 ./Drivers/STM32H7xx_HAL_Driver/Src/stm32h7xx_hal_cortex.o
 .debug_abbrev  0x00001729      0x248 ./Drivers/STM32H7xx_HAL_Driver/Src/stm32h7xx_hal_dma.o
 .debug_abbrev  0x00001971      0x288 ./Drivers/STM32H7xx_HAL_Driver/Src/stm32h7xx_hal_fdcan.o
 .debug_abbrev  0x00001bf9      0x1fe ./Drivers/STM32H7xx_HAL_Driver/Src/stm32h7xx_hal_gpio.o
 .debug_abbrev  0x00001df7      0x2a7 ./Drivers/STM32H7xx_HAL_Driver/Src/stm32h7xx_hal_pwr_ex.o
 .debug_abbrev  0x0000209e      0x2c8 ./Drivers/STM32H7xx_HAL_Driver/Src/stm32h7xx_hal_rcc.o
 .debug_abbrev  0x00002366      0x269 ./Drivers/STM32H7xx_HAL_Driver/Src/stm32h7xx_hal_rcc_ex.o
 .debug_abbrev  0x000025cf      0x2b1 ./Drivers/STM32H7xx_HAL_Driver/Src/stm32h7xx_hal_spi.o
 .debug_abbrev  0x00002880      0x276 ./Drivers/STM32H7xx_HAL_Driver/Src/stm32h7xx_hal_tim.o
 .debug_abbrev  0x00002af6      0x281 ./Drivers/STM32H7xx_HAL_Driver/Src/stm32h7xx_hal_tim_ex.o

.debug_aranges  0x00000000     0x1498
 .debug_aranges
                0x00000000       0x28 ./Core/Src/BMS.o
 .debug_aranges
                0x00000028       0x88 ./Core/Src/LTC6811-1_eTechRacing.o
 .debug_aranges
                0x000000b0       0x80 ./Core/Src/can_comunication.o
 .debug_aranges
                0x00000130       0x68 ./Core/Src/eTechRacing.o
 .debug_aranges
                0x00000198       0x68 ./Core/Src/errors.o
 .debug_aranges
                0x00000200       0x80 ./Core/Src/main.o
 .debug_aranges
                0x00000280       0x50 ./Core/Src/stm32h7xx_hal_msp.o
 .debug_aranges
                0x000002d0       0x98 ./Core/Src/stm32h7xx_it.o
 .debug_aranges
                0x00000368       0x28 ./Core/Src/system_stm32h7xx.o
 .debug_aranges
                0x00000390       0x28 ./Core/Startup/startup_stm32h753vitx.o
 .debug_aranges
                0x000003b8      0x198 ./Drivers/STM32H7xx_HAL_Driver/Src/stm32h7xx_hal.o
 .debug_aranges
                0x00000550      0x130 ./Drivers/STM32H7xx_HAL_Driver/Src/stm32h7xx_hal_cortex.o
 .debug_aranges
                0x00000680       0xa0 ./Drivers/STM32H7xx_HAL_Driver/Src/stm32h7xx_hal_dma.o
 .debug_aranges
                0x00000720      0x338 ./Drivers/STM32H7xx_HAL_Driver/Src/stm32h7xx_hal_fdcan.o
 .debug_aranges
                0x00000a58       0x58 ./Drivers/STM32H7xx_HAL_Driver/Src/stm32h7xx_hal_gpio.o
 .debug_aranges
                0x00000ab0      0x158 ./Drivers/STM32H7xx_HAL_Driver/Src/stm32h7xx_hal_pwr_ex.o
 .debug_aranges
                0x00000c08       0x88 ./Drivers/STM32H7xx_HAL_Driver/Src/stm32h7xx_hal_rcc.o
 .debug_aranges
                0x00000c90       0xf8 ./Drivers/STM32H7xx_HAL_Driver/Src/stm32h7xx_hal_rcc_ex.o
 .debug_aranges
                0x00000d88      0x1a8 ./Drivers/STM32H7xx_HAL_Driver/Src/stm32h7xx_hal_spi.o
 .debug_aranges
                0x00000f30      0x3e0 ./Drivers/STM32H7xx_HAL_Driver/Src/stm32h7xx_hal_tim.o
 .debug_aranges
                0x00001310      0x188 ./Drivers/STM32H7xx_HAL_Driver/Src/stm32h7xx_hal_tim_ex.o

.debug_rnglists
                0x00000000      0xff4
 .debug_rnglists
                0x00000000       0x1b ./Core/Src/BMS.o
 .debug_rnglists
                0x0000001b       0x69 ./Core/Src/LTC6811-1_eTechRacing.o
 .debug_rnglists
                0x00000084       0x61 ./Core/Src/can_comunication.o
 .debug_rnglists
                0x000000e5       0x4c ./Core/Src/eTechRacing.o
 .debug_rnglists
                0x00000131       0x4c ./Core/Src/errors.o
 .debug_rnglists
                0x0000017d       0x64 ./Core/Src/main.o
 .debug_rnglists
                0x000001e1       0x3b ./Core/Src/stm32h7xx_hal_msp.o
 .debug_rnglists
                0x0000021c       0x6d ./Core/Src/stm32h7xx_it.o
 .debug_rnglists
                0x00000289       0x1b ./Core/Src/system_stm32h7xx.o
 .debug_rnglists
                0x000002a4       0x19 ./Core/Startup/startup_stm32h753vitx.o
 .debug_rnglists
                0x000002bd      0x131 ./Drivers/STM32H7xx_HAL_Driver/Src/stm32h7xx_hal.o
 .debug_rnglists
                0x000003ee       0xe0 ./Drivers/STM32H7xx_HAL_Driver/Src/stm32h7xx_hal_cortex.o
 .debug_rnglists
                0x000004ce       0x82 ./Drivers/STM32H7xx_HAL_Driver/Src/stm32h7xx_hal_dma.o
 .debug_rnglists
                0x00000550      0x28b ./Drivers/STM32H7xx_HAL_Driver/Src/stm32h7xx_hal_fdcan.o
 .debug_rnglists
                0x000007db       0x3f ./Drivers/STM32H7xx_HAL_Driver/Src/stm32h7xx_hal_gpio.o
 .debug_rnglists
                0x0000081a      0x103 ./Drivers/STM32H7xx_HAL_Driver/Src/stm32h7xx_hal_pwr_ex.o
 .debug_rnglists
                0x0000091d       0x68 ./Drivers/STM32H7xx_HAL_Driver/Src/stm32h7xx_hal_rcc.o
 .debug_rnglists
                0x00000985       0xc0 ./Drivers/STM32H7xx_HAL_Driver/Src/stm32h7xx_hal_rcc_ex.o
 .debug_rnglists
                0x00000a45      0x148 ./Drivers/STM32H7xx_HAL_Driver/Src/stm32h7xx_hal_spi.o
 .debug_rnglists
                0x00000b8d      0x328 ./Drivers/STM32H7xx_HAL_Driver/Src/stm32h7xx_hal_tim.o
 .debug_rnglists
                0x00000eb5      0x13f ./Drivers/STM32H7xx_HAL_Driver/Src/stm32h7xx_hal_tim_ex.o

.debug_macro    0x00000000    0x39a6c
 .debug_macro   0x00000000      0x303 ./Core/Src/BMS.o
 .debug_macro   0x00000303      0xacc ./Core/Src/BMS.o
 .debug_macro   0x00000dcf      0x23e ./Core/Src/BMS.o
 .debug_macro   0x0000100d       0x2e ./Core/Src/BMS.o
 .debug_macro   0x0000103b       0x3b ./Core/Src/BMS.o
 .debug_macro   0x00001076       0x22 ./Core/Src/BMS.o
 .debug_macro   0x00001098       0x8e ./Core/Src/BMS.o
 .debug_macro   0x00001126       0x51 ./Core/Src/BMS.o
 .debug_macro   0x00001177      0x103 ./Core/Src/BMS.o
 .debug_macro   0x0000127a       0x6a ./Core/Src/BMS.o
 .debug_macro   0x000012e4      0x1df ./Core/Src/BMS.o
 .debug_macro   0x000014c3       0x1c ./Core/Src/BMS.o
 .debug_macro   0x000014df       0x22 ./Core/Src/BMS.o
 .debug_macro   0x00001501       0xfb ./Core/Src/BMS.o
 .debug_macro   0x000015fc     0x1305 ./Core/Src/BMS.o
 .debug_macro   0x00002901      0x11f ./Core/Src/BMS.o
 .debug_macro   0x00002a20       0x27 ./Core/Src/BMS.o
 .debug_macro   0x00002a47    0x25f24 ./Core/Src/BMS.o
 .debug_macro   0x0002896b       0x6d ./Core/Src/BMS.o
 .debug_macro   0x000289d8     0x3d79 ./Core/Src/BMS.o
 .debug_macro   0x0002c751      0x189 ./Core/Src/BMS.o
 .debug_macro   0x0002c8da       0x61 ./Core/Src/BMS.o
 .debug_macro   0x0002c93b       0x29 ./Core/Src/BMS.o
 .debug_macro   0x0002c964       0x43 ./Core/Src/BMS.o
 .debug_macro   0x0002c9a7       0x34 ./Core/Src/BMS.o
 .debug_macro   0x0002c9db       0x16 ./Core/Src/BMS.o
 .debug_macro   0x0002c9f1       0x43 ./Core/Src/BMS.o
 .debug_macro   0x0002ca34       0x34 ./Core/Src/BMS.o
 .debug_macro   0x0002ca68       0x10 ./Core/Src/BMS.o
 .debug_macro   0x0002ca78       0x58 ./Core/Src/BMS.o
 .debug_macro   0x0002cad0       0x8e ./Core/Src/BMS.o
 .debug_macro   0x0002cb5e       0x1c ./Core/Src/BMS.o
 .debug_macro   0x0002cb7a      0x177 ./Core/Src/BMS.o
 .debug_macro   0x0002ccf1      0x369 ./Core/Src/BMS.o
 .debug_macro   0x0002d05a      0x19b ./Core/Src/BMS.o
 .debug_macro   0x0002d1f5       0x5d ./Core/Src/BMS.o
 .debug_macro   0x0002d252     0x240e ./Core/Src/BMS.o
 .debug_macro   0x0002f660     0x102c ./Core/Src/BMS.o
 .debug_macro   0x0003068c      0x154 ./Core/Src/BMS.o
 .debug_macro   0x000307e0      0x114 ./Core/Src/BMS.o
 .debug_macro   0x000308f4      0x3b6 ./Core/Src/BMS.o
 .debug_macro   0x00030caa       0xac ./Core/Src/BMS.o
 .debug_macro   0x00030d56      0x72d ./Core/Src/BMS.o
 .debug_macro   0x00031483      0x228 ./Core/Src/BMS.o
 .debug_macro   0x000316ab       0x66 ./Core/Src/BMS.o
 .debug_macro   0x00031711      0x3bb ./Core/Src/BMS.o
 .debug_macro   0x00031acc      0x3e4 ./Core/Src/BMS.o
 .debug_macro   0x00031eb0      0x275 ./Core/Src/BMS.o
 .debug_macro   0x00032125      0xe42 ./Core/Src/BMS.o
 .debug_macro   0x00032f67      0x3ca ./Core/Src/BMS.o
 .debug_macro   0x00033331      0x408 ./Core/Src/BMS.o
 .debug_macro   0x00033739       0x51 ./Core/Src/BMS.o
 .debug_macro   0x0003378a       0x4a ./Core/Src/BMS.o
 .debug_macro   0x000337d4      0x22c ./Core/Src/BMS.o
 .debug_macro   0x00033a00       0x67 ./Core/Src/BMS.o
 .debug_macro   0x00033a67       0xa5 ./Core/Src/BMS.o
 .debug_macro   0x00033b0c      0x1c4 ./Core/Src/BMS.o
 .debug_macro   0x00033cd0      0x25e ./Core/Src/BMS.o
 .debug_macro   0x00033f2e       0x35 ./Core/Src/BMS.o
 .debug_macro   0x00033f63      0x5e4 ./Core/Src/BMS.o
 .debug_macro   0x00034547       0xc1 ./Core/Src/BMS.o
 .debug_macro   0x00034608      0xafa ./Core/Src/BMS.o
 .debug_macro   0x00035102      0x29f ./Core/Src/BMS.o
 .debug_macro   0x000353a1      0x5a0 ./Core/Src/BMS.o
 .debug_macro   0x00035941       0x40 ./Core/Src/BMS.o
 .debug_macro   0x00035981       0x16 ./Core/Src/BMS.o
 .debug_macro   0x00035997       0x35 ./Core/Src/BMS.o
 .debug_macro   0x000359cc       0x16 ./Core/Src/BMS.o
 .debug_macro   0x000359e2       0x29 ./Core/Src/BMS.o
 .debug_macro   0x00035a0b       0x6a ./Core/Src/BMS.o
 .debug_macro   0x00035a75      0x359 ./Core/Src/LTC6811-1_eTechRacing.o
 .debug_macro   0x00035dce       0x94 ./Core/Src/LTC6811-1_eTechRacing.o
 .debug_macro   0x00035e62       0x10 ./Core/Src/LTC6811-1_eTechRacing.o
 .debug_macro   0x00035e72      0x460 ./Core/Src/LTC6811-1_eTechRacing.o
 .debug_macro   0x000362d2      0x191 ./Core/Src/LTC6811-1_eTechRacing.o
 .debug_macro   0x00036463       0x2e ./Core/Src/LTC6811-1_eTechRacing.o
 .debug_macro   0x00036491      0x36c ./Core/Src/can_comunication.o
 .debug_macro   0x000367fd       0x3a ./Core/Src/can_comunication.o
 .debug_macro   0x00036837      0x311 ./Core/Src/eTechRacing.o
 .debug_macro   0x00036b48       0x9a ./Core/Src/eTechRacing.o
 .debug_macro   0x00036be2      0x321 ./Core/Src/errors.o
 .debug_macro   0x00036f03      0x371 ./Core/Src/main.o
 .debug_macro   0x00037274      0x2c6 ./Core/Src/stm32h7xx_hal_msp.o
 .debug_macro   0x0003753a      0x2d0 ./Core/Src/stm32h7xx_it.o
 .debug_macro   0x0003780a      0x2b7 ./Core/Src/system_stm32h7xx.o
 .debug_macro   0x00037ac1      0x2e1 ./Drivers/STM32H7xx_HAL_Driver/Src/stm32h7xx_hal.o
 .debug_macro   0x00037da2      0x2b7 ./Drivers/STM32H7xx_HAL_Driver/Src/stm32h7xx_hal_cortex.o
 .debug_macro   0x00038059      0x30b ./Drivers/STM32H7xx_HAL_Driver/Src/stm32h7xx_hal_dma.o
 .debug_macro   0x00038364      0x37c ./Drivers/STM32H7xx_HAL_Driver/Src/stm32h7xx_hal_fdcan.o
 .debug_macro   0x000386e0      0x2be ./Drivers/STM32H7xx_HAL_Driver/Src/stm32h7xx_hal_gpio.o
 .debug_macro   0x0003899e      0x2f0 ./Drivers/STM32H7xx_HAL_Driver/Src/stm32h7xx_hal_pwr_ex.o
 .debug_macro   0x00038c8e      0x2db ./Drivers/STM32H7xx_HAL_Driver/Src/stm32h7xx_hal_rcc.o
 .debug_macro   0x00038f69      0x2d5 ./Drivers/STM32H7xx_HAL_Driver/Src/stm32h7xx_hal_rcc_ex.o
 .debug_macro   0x0003923e      0x2bf ./Drivers/STM32H7xx_HAL_Driver/Src/stm32h7xx_hal_spi.o
 .debug_macro   0x000394fd      0x2b8 ./Drivers/STM32H7xx_HAL_Driver/Src/stm32h7xx_hal_tim.o
 .debug_macro   0x000397b5      0x2b7 ./Drivers/STM32H7xx_HAL_Driver/Src/stm32h7xx_hal_tim_ex.o

.debug_line     0x00000000    0x1b8ed
 .debug_line    0x00000000      0xaa0 ./Core/Src/BMS.o
 .debug_line    0x00000aa0     0x1273 ./Core/Src/LTC6811-1_eTechRacing.o
 .debug_line    0x00001d13     0x100e ./Core/Src/can_comunication.o
 .debug_line    0x00002d21      0xd3c ./Core/Src/eTechRacing.o
 .debug_line    0x00003a5d      0xce3 ./Core/Src/errors.o
 .debug_line    0x00004740     0x10bc ./Core/Src/main.o
 .debug_line    0x000057fc      0xa9d ./Core/Src/stm32h7xx_hal_msp.o
 .debug_line    0x00006299      0xa66 ./Core/Src/stm32h7xx_it.o
 .debug_line    0x00006cff      0xab7 ./Core/Src/system_stm32h7xx.o
 .debug_line    0x000077b6       0x7a ./Core/Startup/startup_stm32h753vitx.o
 .debug_line    0x00007830      0xeac ./Drivers/STM32H7xx_HAL_Driver/Src/stm32h7xx_hal.o
 .debug_line    0x000086dc      0xedb ./Drivers/STM32H7xx_HAL_Driver/Src/stm32h7xx_hal_cortex.o
 .debug_line    0x000095b7     0x280f ./Drivers/STM32H7xx_HAL_Driver/Src/stm32h7xx_hal_dma.o
 .debug_line    0x0000bdc6     0x296a ./Drivers/STM32H7xx_HAL_Driver/Src/stm32h7xx_hal_fdcan.o
 .debug_line    0x0000e730      0xd84 ./Drivers/STM32H7xx_HAL_Driver/Src/stm32h7xx_hal_gpio.o
 .debug_line    0x0000f4b4      0xfcf ./Drivers/STM32H7xx_HAL_Driver/Src/stm32h7xx_hal_pwr_ex.o
 .debug_line    0x00010483     0x147c ./Drivers/STM32H7xx_HAL_Driver/Src/stm32h7xx_hal_rcc.o
 .debug_line    0x000118ff     0x1d94 ./Drivers/STM32H7xx_HAL_Driver/Src/stm32h7xx_hal_rcc_ex.o
 .debug_line    0x00013693     0x23cc ./Drivers/STM32H7xx_HAL_Driver/Src/stm32h7xx_hal_spi.o
 .debug_line    0x00015a5f     0x4042 ./Drivers/STM32H7xx_HAL_Driver/Src/stm32h7xx_hal_tim.o
 .debug_line    0x00019aa1     0x1e4c ./Drivers/STM32H7xx_HAL_Driver/Src/stm32h7xx_hal_tim_ex.o

.debug_str      0x00000000   0x16f12c
 .debug_str     0x00000000   0x1645f3 ./Core/Src/BMS.o
                             0x164a44 (size before relaxing)
 .debug_str     0x001645f3     0x26cf ./Core/Src/LTC6811-1_eTechRacing.o
                             0x16711d (size before relaxing)
 .debug_str     0x00166cc2      0x971 ./Core/Src/can_comunication.o
                             0x167264 (size before relaxing)
 .debug_str     0x00167633      0x125 ./Core/Src/eTechRacing.o
                             0x164b2a (size before relaxing)
 .debug_str     0x00167758      0x14f ./Core/Src/errors.o
                             0x164b62 (size before relaxing)
 .debug_str     0x001678a7     0x11b5 ./Core/Src/main.o
                             0x166e1f (size before relaxing)
 .debug_str     0x00168a5c      0xbfb ./Core/Src/stm32h7xx_hal_msp.o
                             0x1663db (size before relaxing)
 .debug_str     0x00169657      0x1a3 ./Core/Src/stm32h7xx_it.o
                             0x165633 (size before relaxing)
 .debug_str     0x001697fa      0x33a ./Core/Src/system_stm32h7xx.o
                             0x164b31 (size before relaxing)
 .debug_str     0x00169b34       0x44 ./Core/Startup/startup_stm32h753vitx.o
                                 0x9c (size before relaxing)
 .debug_str     0x00169b78      0x7e3 ./Drivers/STM32H7xx_HAL_Driver/Src/stm32h7xx_hal.o
                             0x165a56 (size before relaxing)
 .debug_str     0x0016a35b      0x2af ./Drivers/STM32H7xx_HAL_Driver/Src/stm32h7xx_hal_cortex.o
                             0x165491 (size before relaxing)
 .debug_str     0x0016a60a      0x884 ./Drivers/STM32H7xx_HAL_Driver/Src/stm32h7xx_hal_dma.o
                             0x16526b (size before relaxing)
 .debug_str     0x0016ae8e     0x19e9 ./Drivers/STM32H7xx_HAL_Driver/Src/stm32h7xx_hal_fdcan.o
                             0x16681f (size before relaxing)
 .debug_str     0x0016c877       0xd5 ./Drivers/STM32H7xx_HAL_Driver/Src/stm32h7xx_hal_gpio.o
                             0x164ae8 (size before relaxing)
 .debug_str     0x0016c94c      0x62e ./Drivers/STM32H7xx_HAL_Driver/Src/stm32h7xx_hal_pwr_ex.o
                             0x164fa9 (size before relaxing)
 .debug_str     0x0016cf7a      0x21a ./Drivers/STM32H7xx_HAL_Driver/Src/stm32h7xx_hal_rcc.o
                             0x164ecc (size before relaxing)
 .debug_str     0x0016d194      0x64b ./Drivers/STM32H7xx_HAL_Driver/Src/stm32h7xx_hal_rcc_ex.o
                             0x1653ad (size before relaxing)
 .debug_str     0x0016d7df      0x4f7 ./Drivers/STM32H7xx_HAL_Driver/Src/stm32h7xx_hal_spi.o
                             0x1651f0 (size before relaxing)
 .debug_str     0x0016dcd6      0xe41 ./Drivers/STM32H7xx_HAL_Driver/Src/stm32h7xx_hal_tim.o
                             0x165c6b (size before relaxing)
 .debug_str     0x0016eb17      0x615 ./Drivers/STM32H7xx_HAL_Driver/Src/stm32h7xx_hal_tim_ex.o
                             0x165593 (size before relaxing)

.comment        0x00000000       0x43
 .comment       0x00000000       0x43 ./Core/Src/BMS.o
                                 0x44 (size before relaxing)
 .comment       0x00000043       0x44 ./Core/Src/LTC6811-1_eTechRacing.o
 .comment       0x00000043       0x44 ./Core/Src/can_comunication.o
 .comment       0x00000043       0x44 ./Core/Src/eTechRacing.o
 .comment       0x00000043       0x44 ./Core/Src/errors.o
 .comment       0x00000043       0x44 ./Core/Src/main.o
 .comment       0x00000043       0x44 ./Core/Src/stm32h7xx_hal_msp.o
 .comment       0x00000043       0x44 ./Core/Src/stm32h7xx_it.o
 .comment       0x00000043       0x44 ./Core/Src/system_stm32h7xx.o
 .comment       0x00000043       0x44 ./Drivers/STM32H7xx_HAL_Driver/Src/stm32h7xx_hal.o
 .comment       0x00000043       0x44 ./Drivers/STM32H7xx_HAL_Driver/Src/stm32h7xx_hal_cortex.o
 .comment       0x00000043       0x44 ./Drivers/STM32H7xx_HAL_Driver/Src/stm32h7xx_hal_dma.o
 .comment       0x00000043       0x44 ./Drivers/STM32H7xx_HAL_Driver/Src/stm32h7xx_hal_fdcan.o
 .comment       0x00000043       0x44 ./Drivers/STM32H7xx_HAL_Driver/Src/stm32h7xx_hal_gpio.o
 .comment       0x00000043       0x44 ./Drivers/STM32H7xx_HAL_Driver/Src/stm32h7xx_hal_pwr_ex.o
 .comment       0x00000043       0x44 ./Drivers/STM32H7xx_HAL_Driver/Src/stm32h7xx_hal_rcc.o
 .comment       0x00000043       0x44 ./Drivers/STM32H7xx_HAL_Driver/Src/stm32h7xx_hal_rcc_ex.o
 .comment       0x00000043       0x44 ./Drivers/STM32H7xx_HAL_Driver/Src/stm32h7xx_hal_spi.o
 .comment       0x00000043       0x44 ./Drivers/STM32H7xx_HAL_Driver/Src/stm32h7xx_hal_tim.o
 .comment       0x00000043       0x44 ./Drivers/STM32H7xx_HAL_Driver/Src/stm32h7xx_hal_tim_ex.o

.debug_frame    0x00000000     0x595c
 .debug_frame   0x00000000       0x60 ./Core/Src/BMS.o
 .debug_frame   0x00000060      0x2c8 ./Core/Src/LTC6811-1_eTechRacing.o
 .debug_frame   0x00000328      0x23c ./Core/Src/can_comunication.o
 .debug_frame   0x00000564      0x19c ./Core/Src/eTechRacing.o
 .debug_frame   0x00000700      0x18c ./Core/Src/errors.o
 .debug_frame   0x0000088c      0x1c8 ./Core/Src/main.o
 .debug_frame   0x00000a54      0x118 ./Core/Src/stm32h7xx_hal_msp.o
 .debug_frame   0x00000b6c      0x1c8 ./Core/Src/stm32h7xx_it.o
 .debug_frame   0x00000d34       0x58 ./Core/Src/system_stm32h7xx.o
 .debug_frame   0x00000d8c      0x690 ./Drivers/STM32H7xx_HAL_Driver/Src/stm32h7xx_hal.o
 .debug_frame   0x0000141c      0x508 ./Drivers/STM32H7xx_HAL_Driver/Src/stm32h7xx_hal_cortex.o
 .debug_frame   0x00001924      0x2b4 ./Drivers/STM32H7xx_HAL_Driver/Src/stm32h7xx_hal_dma.o
 .debug_frame   0x00001bd8      0xf9c ./Drivers/STM32H7xx_HAL_Driver/Src/stm32h7xx_hal_fdcan.o
 .debug_frame   0x00002b74      0x14c ./Drivers/STM32H7xx_HAL_Driver/Src/stm32h7xx_hal_gpio.o
 .debug_frame   0x00002cc0      0x580 ./Drivers/STM32H7xx_HAL_Driver/Src/stm32h7xx_hal_pwr_ex.o
 .debug_frame   0x00003240      0x1f8 ./Drivers/STM32H7xx_HAL_Driver/Src/stm32h7xx_hal_rcc.o
 .debug_frame   0x00003438      0x414 ./Drivers/STM32H7xx_HAL_Driver/Src/stm32h7xx_hal_rcc_ex.o
 .debug_frame   0x0000384c      0x7a8 ./Drivers/STM32H7xx_HAL_Driver/Src/stm32h7xx_hal_spi.o
 .debug_frame   0x00003ff4     0x121c ./Drivers/STM32H7xx_HAL_Driver/Src/stm32h7xx_hal_tim.o
 .debug_frame   0x00005210      0x6d8 ./Drivers/STM32H7xx_HAL_Driver/Src/stm32h7xx_hal_tim_ex.o
 .debug_frame   0x000058e8       0x20 C:/ST/STM32CubeIDE_1.13.0/STM32CubeIDE/plugins/com.st.stm32cube.ide.mcu.externaltools.gnu-tools-for-stm32.12.3.rel1.win32_1.0.100.202403111256/tools/bin/../lib/gcc/arm-none-eabi/12.3.1/../../../../arm-none-eabi/lib/thumb/v7e-m+dp/hard\libc_nano.a(libc_a-memset.o)
 .debug_frame   0x00005908       0x2c C:/ST/STM32CubeIDE_1.13.0/STM32CubeIDE/plugins/com.st.stm32cube.ide.mcu.externaltools.gnu-tools-for-stm32.12.3.rel1.win32_1.0.100.202403111256/tools/bin/../lib/gcc/arm-none-eabi/12.3.1/../../../../arm-none-eabi/lib/thumb/v7e-m+dp/hard\libc_nano.a(libc_a-init.o)
 .debug_frame   0x00005934       0x28 C:/ST/STM32CubeIDE_1.13.0/STM32CubeIDE/plugins/com.st.stm32cube.ide.mcu.externaltools.gnu-tools-for-stm32.12.3.rel1.win32_1.0.100.202403111256/tools/bin/../lib/gcc/arm-none-eabi/12.3.1/../../../../arm-none-eabi/lib/thumb/v7e-m+dp/hard\libc_nano.a(libc_a-memcpy-stub.o)

.debug_line_str
                0x00000000       0x80
 .debug_line_str
                0x00000000       0x80 ./Core/Startup/startup_stm32h753vitx.o
